[2026-04-30 17:58:36] local.ERROR: SQLSTATE[42S01]: Base table or view already exists: 1050 Table 'vehicle_update_history' already exists (Connection: mysql, SQL: create table `vehicle_update_history` (`id` bigint unsigned not null auto_increment primary key, `booking_id` bigint unsigned not null, `old_vehicle_id` bigint unsigned null, `new_vehicle_id` bigint unsigned not null, `change_reason` text null, `updated_by` bigint unsigned null comment 'Admin user ID who made the change', `created_at` timestamp null, `updated_at` timestamp null) default character set utf8mb4 collate 'utf8mb4_unicode_ci') {"exception":"[object] (Illuminate\\Database\\QueryException(code: 42S01): SQLSTATE[42S01]: Base table or view already exists: 1050 Table 'vehicle_update_history' already exists (Connection: mysql, SQL: create table `vehicle_update_history` (`id` bigint unsigned not null auto_increment primary key, `booking_id` bigint unsigned not null, `old_vehicle_id` bigint unsigned null, `new_vehicle_id` bigint unsigned not null, `change_reason` text null, `updated_by` bigint unsigned null comment 'Admin user ID who made the change', `created_at` timestamp null, `updated_at` timestamp null) default character set utf8mb4 collate 'utf8mb4_unicode_ci') at C:\\Apache24\\htdocs\\vel-vue-admin\\vel-riders-backend\\vendor\\laravel\\framework\\src\\Illuminate\\Database\\Connection.php:829)
[stacktrace]
#0 C:\\Apache24\\htdocs\\vel-vue-admin\\vel-riders-backend\\vendor\\laravel\\framework\\src\\Illuminate\\Database\\Connection.php(783): Illuminate\\Database\\Connection->runQueryCallback()
#1 C:\\Apache24\\htdocs\\vel-vue-admin\\vel-riders-backend\\vendor\\laravel\\framework\\src\\Illuminate\\Database\\Connection.php(576): Illuminate\\Database\\Connection->run()
#2 C:\\Apache24\\htdocs\\vel-vue-admin\\vel-riders-backend\\vendor\\laravel\\framework\\src\\Illuminate\\Database\\Schema\\Blueprint.php(110): Illuminate\\Database\\Connection->statement()
#3 C:\\Apache24\\htdocs\\vel-vue-admin\\vel-riders-backend\\vendor\\laravel\\framework\\src\\Illuminate\\Database\\Schema\\Builder.php(602): Illuminate\\Database\\Schema\\Blueprint->build()
#4 C:\\Apache24\\htdocs\\vel-vue-admin\\vel-riders-backend\\vendor\\laravel\\framework\\src\\Illuminate\\Database\\Schema\\Builder.php(456): Illuminate\\Database\\Schema\\Builder->build()
#5 C:\\Apache24\\htdocs\\vel-vue-admin\\vel-riders-backend\\vendor\\laravel\\framework\\src\\Illuminate\\Support\\Facades\\Facade.php(355): Illuminate\\Database\\Schema\\Builder->create()
#6 C:\\Apache24\\htdocs\\vel-vue-admin\\vel-riders-backend\\database\\migrations\\2025_12_03_160231_create_vehicle_update_history_table.php(14): Illuminate\\Support\\Facades\\Facade::__callStatic()
#7 C:\\Apache24\\htdocs\\vel-vue-admin\\vel-riders-backend\\vendor\\laravel\\framework\\src\\Illuminate\\Database\\Migrations\\Migrator.php(493): Illuminate\\Database\\Migrations\\Migration@anonymous->up()
#8 C:\\Apache24\\htdocs\\vel-vue-admin\\vel-riders-backend\\vendor\\laravel\\framework\\src\\Illuminate\\Database\\Migrations\\Migrator.php(410): Illuminate\\Database\\Migrations\\Migrator->runMethod()
#9 C:\\Apache24\\htdocs\\vel-vue-admin\\vel-riders-backend\\vendor\\laravel\\framework\\src\\Illuminate\\Database\\Migrations\\Migrator.php(419): Illuminate\\Database\\Migrations\\Migrator->{closure:Illuminate\\Database\\Migrations\\Migrator::runMigration():406}()
#10 C:\\Apache24\\htdocs\\vel-vue-admin\\vel-riders-backend\\vendor\\laravel\\framework\\src\\Illuminate\\Database\\Migrations\\Migrator.php(216): Illuminate\\Database\\Migrations\\Migrator->runMigration()
#11 C:\\Apache24\\htdocs\\vel-vue-admin\\vel-riders-backend\\vendor\\laravel\\framework\\src\\Illuminate\\Console\\View\\Components\\Task.php(37): Illuminate\\Database\\Migrations\\Migrator->{closure:Illuminate\\Database\\Migrations\\Migrator::runUp():216}()
#12 C:\\Apache24\\htdocs\\vel-vue-admin\\vel-riders-backend\\vendor\\laravel\\framework\\src\\Illuminate\\Database\\Migrations\\Migrator.php(756): Illuminate\\Console\\View\\Components\\Task->render()
#13 C:\\Apache24\\htdocs\\vel-vue-admin\\vel-riders-backend\\vendor\\laravel\\framework\\src\\Illuminate\\Database\\Migrations\\Migrator.php(216): Illuminate\\Database\\Migrations\\Migrator->write()
#14 C:\\Apache24\\htdocs\\vel-vue-admin\\vel-riders-backend\\vendor\\laravel\\framework\\src\\Illuminate\\Database\\Migrations\\Migrator.php(181): Illuminate\\Database\\Migrations\\Migrator->runUp()
#15 C:\\Apache24\\htdocs\\vel-vue-admin\\vel-riders-backend\\vendor\\laravel\\framework\\src\\Illuminate\\Database\\Migrations\\Migrator.php(124): Illuminate\\Database\\Migrations\\Migrator->runPending()
#16 C:\\Apache24\\htdocs\\vel-vue-admin\\vel-riders-backend\\vendor\\laravel\\framework\\src\\Illuminate\\Database\\Console\\Migrations\\MigrateCommand.php(90): Illuminate\\Database\\Migrations\\Migrator->run()
#17 C:\\Apache24\\htdocs\\vel-vue-admin\\vel-riders-backend\\vendor\\laravel\\framework\\src\\Illuminate\\Database\\Migrations\\Migrator.php(633): Illuminate\\Database\\Console\\Migrations\\MigrateCommand->{closure:Illuminate\\Database\\Console\\Migrations\\MigrateCommand::handle():83}()
#18 C:\\Apache24\\htdocs\\vel-vue-admin\\vel-riders-backend\\vendor\\laravel\\framework\\src\\Illuminate\\Database\\Console\\Migrations\\MigrateCommand.php(83): Illuminate\\Database\\Migrations\\Migrator->usingConnection()
#19 C:\\Apache24\\htdocs\\vel-vue-admin\\vel-riders-backend\\vendor\\laravel\\framework\\src\\Illuminate\\Container\\BoundMethod.php(36): Illuminate\\Database\\Console\\Migrations\\MigrateCommand->handle()
#20 C:\\Apache24\\htdocs\\vel-vue-admin\\vel-riders-backend\\vendor\\laravel\\framework\\src\\Illuminate\\Container\\Util.php(41): Illuminate\\Container\\BoundMethod::{closure:Illuminate\\Container\\BoundMethod::call():35}()
#21 C:\\Apache24\\htdocs\\vel-vue-admin\\vel-riders-backend\\vendor\\laravel\\framework\\src\\Illuminate\\Container\\BoundMethod.php(93): Illuminate\\Container\\Util::unwrapIfClosure()
#22 C:\\Apache24\\htdocs\\vel-vue-admin\\vel-riders-backend\\vendor\\laravel\\framework\\src\\Illuminate\\Container\\BoundMethod.php(35): Illuminate\\Container\\BoundMethod::callBoundMethod()
#23 C:\\Apache24\\htdocs\\vel-vue-admin\\vel-riders-backend\\vendor\\laravel\\framework\\src\\Illuminate\\Container\\Container.php(662): Illuminate\\Container\\BoundMethod::call()
#24 C:\\Apache24\\htdocs\\vel-vue-admin\\vel-riders-backend\\vendor\\laravel\\framework\\src\\Illuminate\\Console\\Command.php(211): Illuminate\\Container\\Container->call()
#25 C:\\Apache24\\htdocs\\vel-vue-admin\\vel-riders-backend\\vendor\\symfony\\console\\Command\\Command.php(326): Illuminate\\Console\\Command->execute()
#26 C:\\Apache24\\htdocs\\vel-vue-admin\\vel-riders-backend\\vendor\\laravel\\framework\\src\\Illuminate\\Console\\Command.php(180): Symfony\\Component\\Console\\Command\\Command->run()
#27 C:\\Apache24\\htdocs\\vel-vue-admin\\vel-riders-backend\\vendor\\symfony\\console\\Application.php(1096): Illuminate\\Console\\Command->run()
#28 C:\\Apache24\\htdocs\\vel-vue-admin\\vel-riders-backend\\vendor\\symfony\\console\\Application.php(324): Symfony\\Component\\Console\\Application->doRunCommand()
#29 C:\\Apache24\\htdocs\\vel-vue-admin\\vel-riders-backend\\vendor\\symfony\\console\\Application.php(175): Symfony\\Component\\Console\\Application->doRun()
#30 C:\\Apache24\\htdocs\\vel-vue-admin\\vel-riders-backend\\vendor\\laravel\\framework\\src\\Illuminate\\Foundation\\Console\\Kernel.php(201): Symfony\\Component\\Console\\Application->run()
#31 C:\\Apache24\\htdocs\\vel-vue-admin\\vel-riders-backend\\artisan(35): Illuminate\\Foundation\\Console\\Kernel->handle()
#32 {main}

[previous exception] [object] (PDOException(code: 42S01): SQLSTATE[42S01]: Base table or view already exists: 1050 Table 'vehicle_update_history' already exists at C:\\Apache24\\htdocs\\vel-vue-admin\\vel-riders-backend\\vendor\\laravel\\framework\\src\\Illuminate\\Database\\Connection.php:587)
[stacktrace]
#0 C:\\Apache24\\htdocs\\vel-vue-admin\\vel-riders-backend\\vendor\\laravel\\framework\\src\\Illuminate\\Database\\Connection.php(587): PDOStatement->execute()
#1 C:\\Apache24\\htdocs\\vel-vue-admin\\vel-riders-backend\\vendor\\laravel\\framework\\src\\Illuminate\\Database\\Connection.php(816): Illuminate\\Database\\Connection->{closure:Illuminate\\Database\\Connection::statement():576}()
#2 C:\\Apache24\\htdocs\\vel-vue-admin\\vel-riders-backend\\vendor\\laravel\\framework\\src\\Illuminate\\Database\\Connection.php(783): Illuminate\\Database\\Connection->runQueryCallback()
#3 C:\\Apache24\\htdocs\\vel-vue-admin\\vel-riders-backend\\vendor\\laravel\\framework\\src\\Illuminate\\Database\\Connection.php(576): Illuminate\\Database\\Connection->run()
#4 C:\\Apache24\\htdocs\\vel-vue-admin\\vel-riders-backend\\vendor\\laravel\\framework\\src\\Illuminate\\Database\\Schema\\Blueprint.php(110): Illuminate\\Database\\Connection->statement()
#5 C:\\Apache24\\htdocs\\vel-vue-admin\\vel-riders-backend\\vendor\\laravel\\framework\\src\\Illuminate\\Database\\Schema\\Builder.php(602): Illuminate\\Database\\Schema\\Blueprint->build()
#6 C:\\Apache24\\htdocs\\vel-vue-admin\\vel-riders-backend\\vendor\\laravel\\framework\\src\\Illuminate\\Database\\Schema\\Builder.php(456): Illuminate\\Database\\Schema\\Builder->build()
#7 C:\\Apache24\\htdocs\\vel-vue-admin\\vel-riders-backend\\vendor\\laravel\\framework\\src\\Illuminate\\Support\\Facades\\Facade.php(355): Illuminate\\Database\\Schema\\Builder->create()
#8 C:\\Apache24\\htdocs\\vel-vue-admin\\vel-riders-backend\\database\\migrations\\2025_12_03_160231_create_vehicle_update_history_table.php(14): Illuminate\\Support\\Facades\\Facade::__callStatic()
#9 C:\\Apache24\\htdocs\\vel-vue-admin\\vel-riders-backend\\vendor\\laravel\\framework\\src\\Illuminate\\Database\\Migrations\\Migrator.php(493): Illuminate\\Database\\Migrations\\Migration@anonymous->up()
#10 C:\\Apache24\\htdocs\\vel-vue-admin\\vel-riders-backend\\vendor\\laravel\\framework\\src\\Illuminate\\Database\\Migrations\\Migrator.php(410): Illuminate\\Database\\Migrations\\Migrator->runMethod()
#11 C:\\Apache24\\htdocs\\vel-vue-admin\\vel-riders-backend\\vendor\\laravel\\framework\\src\\Illuminate\\Database\\Migrations\\Migrator.php(419): Illuminate\\Database\\Migrations\\Migrator->{closure:Illuminate\\Database\\Migrations\\Migrator::runMigration():406}()
#12 C:\\Apache24\\htdocs\\vel-vue-admin\\vel-riders-backend\\vendor\\laravel\\framework\\src\\Illuminate\\Database\\Migrations\\Migrator.php(216): Illuminate\\Database\\Migrations\\Migrator->runMigration()
#13 C:\\Apache24\\htdocs\\vel-vue-admin\\vel-riders-backend\\vendor\\laravel\\framework\\src\\Illuminate\\Console\\View\\Components\\Task.php(37): Illuminate\\Database\\Migrations\\Migrator->{closure:Illuminate\\Database\\Migrations\\Migrator::runUp():216}()
#14 C:\\Apache24\\htdocs\\vel-vue-admin\\vel-riders-backend\\vendor\\laravel\\framework\\src\\Illuminate\\Database\\Migrations\\Migrator.php(756): Illuminate\\Console\\View\\Components\\Task->render()
#15 C:\\Apache24\\htdocs\\vel-vue-admin\\vel-riders-backend\\vendor\\laravel\\framework\\src\\Illuminate\\Database\\Migrations\\Migrator.php(216): Illuminate\\Database\\Migrations\\Migrator->write()
#16 C:\\Apache24\\htdocs\\vel-vue-admin\\vel-riders-backend\\vendor\\laravel\\framework\\src\\Illuminate\\Database\\Migrations\\Migrator.php(181): Illuminate\\Database\\Migrations\\Migrator->runUp()
#17 C:\\Apache24\\htdocs\\vel-vue-admin\\vel-riders-backend\\vendor\\laravel\\framework\\src\\Illuminate\\Database\\Migrations\\Migrator.php(124): Illuminate\\Database\\Migrations\\Migrator->runPending()
#18 C:\\Apache24\\htdocs\\vel-vue-admin\\vel-riders-backend\\vendor\\laravel\\framework\\src\\Illuminate\\Database\\Console\\Migrations\\MigrateCommand.php(90): Illuminate\\Database\\Migrations\\Migrator->run()
#19 C:\\Apache24\\htdocs\\vel-vue-admin\\vel-riders-backend\\vendor\\laravel\\framework\\src\\Illuminate\\Database\\Migrations\\Migrator.php(633): Illuminate\\Database\\Console\\Migrations\\MigrateCommand->{closure:Illuminate\\Database\\Console\\Migrations\\MigrateCommand::handle():83}()
#20 C:\\Apache24\\htdocs\\vel-vue-admin\\vel-riders-backend\\vendor\\laravel\\framework\\src\\Illuminate\\Database\\Console\\Migrations\\MigrateCommand.php(83): Illuminate\\Database\\Migrations\\Migrator->usingConnection()
#21 C:\\Apache24\\htdocs\\vel-vue-admin\\vel-riders-backend\\vendor\\laravel\\framework\\src\\Illuminate\\Container\\BoundMethod.php(36): Illuminate\\Database\\Console\\Migrations\\MigrateCommand->handle()
#22 C:\\Apache24\\htdocs\\vel-vue-admin\\vel-riders-backend\\vendor\\laravel\\framework\\src\\Illuminate\\Container\\Util.php(41): Illuminate\\Container\\BoundMethod::{closure:Illuminate\\Container\\BoundMethod::call():35}()
#23 C:\\Apache24\\htdocs\\vel-vue-admin\\vel-riders-backend\\vendor\\laravel\\framework\\src\\Illuminate\\Container\\BoundMethod.php(93): Illuminate\\Container\\Util::unwrapIfClosure()
#24 C:\\Apache24\\htdocs\\vel-vue-admin\\vel-riders-backend\\vendor\\laravel\\framework\\src\\Illuminate\\Container\\BoundMethod.php(35): Illuminate\\Container\\BoundMethod::callBoundMethod()
#25 C:\\Apache24\\htdocs\\vel-vue-admin\\vel-riders-backend\\vendor\\laravel\\framework\\src\\Illuminate\\Container\\Container.php(662): Illuminate\\Container\\BoundMethod::call()
#26 C:\\Apache24\\htdocs\\vel-vue-admin\\vel-riders-backend\\vendor\\laravel\\framework\\src\\Illuminate\\Console\\Command.php(211): Illuminate\\Container\\Container->call()
#27 C:\\Apache24\\htdocs\\vel-vue-admin\\vel-riders-backend\\vendor\\symfony\\console\\Command\\Command.php(326): Illuminate\\Console\\Command->execute()
#28 C:\\Apache24\\htdocs\\vel-vue-admin\\vel-riders-backend\\vendor\\laravel\\framework\\src\\Illuminate\\Console\\Command.php(180): Symfony\\Component\\Console\\Command\\Command->run()
#29 C:\\Apache24\\htdocs\\vel-vue-admin\\vel-riders-backend\\vendor\\symfony\\console\\Application.php(1096): Illuminate\\Console\\Command->run()
#30 C:\\Apache24\\htdocs\\vel-vue-admin\\vel-riders-backend\\vendor\\symfony\\console\\Application.php(324): Symfony\\Component\\Console\\Application->doRunCommand()
#31 C:\\Apache24\\htdocs\\vel-vue-admin\\vel-riders-backend\\vendor\\symfony\\console\\Application.php(175): Symfony\\Component\\Console\\Application->doRun()
#32 C:\\Apache24\\htdocs\\vel-vue-admin\\vel-riders-backend\\vendor\\laravel\\framework\\src\\Illuminate\\Foundation\\Console\\Kernel.php(201): Symfony\\Component\\Console\\Application->run()
#33 C:\\Apache24\\htdocs\\vel-vue-admin\\vel-riders-backend\\artisan(35): Illuminate\\Foundation\\Console\\Kernel->handle()
#34 {main}
"} 
[2026-04-30 18:00:22] local.ERROR: PHP Parse error: Syntax error, unexpected ')' on line 1 {"exception":"[object] (Psy\\Exception\\ParseErrorException(code: 0): PHP Parse error: Syntax error, unexpected ')' on line 1 at C:\\Apache24\\htdocs\\vel-vue-admin\\vel-riders-backend\\vendor\\psy\\psysh\\src\\Exception\\ParseErrorException.php:44)
[stacktrace]
#0 C:\\Apache24\\htdocs\\vel-vue-admin\\vel-riders-backend\\vendor\\psy\\psysh\\src\\CodeCleaner.php(311): Psy\\Exception\\ParseErrorException::fromParseError()
#1 C:\\Apache24\\htdocs\\vel-vue-admin\\vel-riders-backend\\vendor\\psy\\psysh\\src\\CodeCleaner.php(240): Psy\\CodeCleaner->parse()
#2 C:\\Apache24\\htdocs\\vel-vue-admin\\vel-riders-backend\\vendor\\psy\\psysh\\src\\Shell.php(848): Psy\\CodeCleaner->clean()
#3 C:\\Apache24\\htdocs\\vel-vue-admin\\vel-riders-backend\\vendor\\psy\\psysh\\src\\Shell.php(877): Psy\\Shell->addCode()
#4 C:\\Apache24\\htdocs\\vel-vue-admin\\vel-riders-backend\\vendor\\psy\\psysh\\src\\Shell.php(1342): Psy\\Shell->setCode()
#5 C:\\Apache24\\htdocs\\vel-vue-admin\\vel-riders-backend\\vendor\\laravel\\tinker\\src\\Console\\TinkerCommand.php(76): Psy\\Shell->execute()
#6 C:\\Apache24\\htdocs\\vel-vue-admin\\vel-riders-backend\\vendor\\laravel\\framework\\src\\Illuminate\\Container\\BoundMethod.php(36): Laravel\\Tinker\\Console\\TinkerCommand->handle()
#7 C:\\Apache24\\htdocs\\vel-vue-admin\\vel-riders-backend\\vendor\\laravel\\framework\\src\\Illuminate\\Container\\Util.php(41): Illuminate\\Container\\BoundMethod::{closure:Illuminate\\Container\\BoundMethod::call():35}()
#8 C:\\Apache24\\htdocs\\vel-vue-admin\\vel-riders-backend\\vendor\\laravel\\framework\\src\\Illuminate\\Container\\BoundMethod.php(93): Illuminate\\Container\\Util::unwrapIfClosure()
#9 C:\\Apache24\\htdocs\\vel-vue-admin\\vel-riders-backend\\vendor\\laravel\\framework\\src\\Illuminate\\Container\\BoundMethod.php(35): Illuminate\\Container\\BoundMethod::callBoundMethod()
#10 C:\\Apache24\\htdocs\\vel-vue-admin\\vel-riders-backend\\vendor\\laravel\\framework\\src\\Illuminate\\Container\\Container.php(662): Illuminate\\Container\\BoundMethod::call()
#11 C:\\Apache24\\htdocs\\vel-vue-admin\\vel-riders-backend\\vendor\\laravel\\framework\\src\\Illuminate\\Console\\Command.php(211): Illuminate\\Container\\Container->call()
#12 C:\\Apache24\\htdocs\\vel-vue-admin\\vel-riders-backend\\vendor\\symfony\\console\\Command\\Command.php(326): Illuminate\\Console\\Command->execute()
#13 C:\\Apache24\\htdocs\\vel-vue-admin\\vel-riders-backend\\vendor\\laravel\\framework\\src\\Illuminate\\Console\\Command.php(180): Symfony\\Component\\Console\\Command\\Command->run()
#14 C:\\Apache24\\htdocs\\vel-vue-admin\\vel-riders-backend\\vendor\\symfony\\console\\Application.php(1096): Illuminate\\Console\\Command->run()
#15 C:\\Apache24\\htdocs\\vel-vue-admin\\vel-riders-backend\\vendor\\symfony\\console\\Application.php(324): Symfony\\Component\\Console\\Application->doRunCommand()
#16 C:\\Apache24\\htdocs\\vel-vue-admin\\vel-riders-backend\\vendor\\symfony\\console\\Application.php(175): Symfony\\Component\\Console\\Application->doRun()
#17 C:\\Apache24\\htdocs\\vel-vue-admin\\vel-riders-backend\\vendor\\laravel\\framework\\src\\Illuminate\\Foundation\\Console\\Kernel.php(201): Symfony\\Component\\Console\\Application->run()
#18 C:\\Apache24\\htdocs\\vel-vue-admin\\vel-riders-backend\\artisan(35): Illuminate\\Foundation\\Console\\Kernel->handle()
#19 {main}
"} 
