[2026-05-22 18:58:40] local.ERROR: SQLSTATE[42S22]: Column not found: 1054 Unknown column 'block_reason' in 'field list' (Connection: mysql, SQL: select `customer_id`, `country_code`, `mobile_number`, `email`, `firstname`, `lastname`, `dob`, `profile_picture_url`, `billing_address`, `shipping_address`, `device_token`, `device_id`, `is_deleted`, `is_blocked`, `block_reason` from `customers` where `is_deleted` = 0 limit 10 offset 0) {"userId":1,"exception":"[object] (Illuminate\\Database\\QueryException(code: 42S22): SQLSTATE[42S22]: Column not found: 1054 Unknown column 'block_reason' in 'field list' (Connection: mysql, SQL: select `customer_id`, `country_code`, `mobile_number`, `email`, `firstname`, `lastname`, `dob`, `profile_picture_url`, `billing_address`, `shipping_address`, `device_token`, `device_id`, `is_deleted`, `is_blocked`, `block_reason` from `customers` where `is_deleted` = 0 limit 10 offset 0) at C:\\Apache24\\htdocs\\vel-vue-admin\\vel-riders-backend\\vendor\\laravel\\framework\\src\\Illuminate\\Database\\Connection.php:829)
[stacktrace]
#0 C:\\Apache24\\htdocs\\vel-vue-admin\\vel-riders-backend\\vendor\\laravel\\framework\\src\\Illuminate\\Database\\Connection.php(783): Illuminate\\Database\\Connection->runQueryCallback()
#1 C:\\Apache24\\htdocs\\vel-vue-admin\\vel-riders-backend\\vendor\\laravel\\framework\\src\\Illuminate\\Database\\Connection.php(414): Illuminate\\Database\\Connection->run()
#2 C:\\Apache24\\htdocs\\vel-vue-admin\\vel-riders-backend\\vendor\\laravel\\framework\\src\\Illuminate\\Database\\Query\\Builder.php(2913): Illuminate\\Database\\Connection->select()
#3 C:\\Apache24\\htdocs\\vel-vue-admin\\vel-riders-backend\\vendor\\laravel\\framework\\src\\Illuminate\\Database\\Query\\Builder.php(2902): Illuminate\\Database\\Query\\Builder->runSelect()
#4 C:\\Apache24\\htdocs\\vel-vue-admin\\vel-riders-backend\\vendor\\laravel\\framework\\src\\Illuminate\\Database\\Query\\Builder.php(3456): Illuminate\\Database\\Query\\Builder->{closure:Illuminate\\Database\\Query\\Builder::get():2901}()
#5 C:\\Apache24\\htdocs\\vel-vue-admin\\vel-riders-backend\\vendor\\laravel\\framework\\src\\Illuminate\\Database\\Query\\Builder.php(2901): Illuminate\\Database\\Query\\Builder->onceWithColumns()
#6 C:\\Apache24\\htdocs\\vel-vue-admin\\vel-riders-backend\\vendor\\laravel\\framework\\src\\Illuminate\\Database\\Eloquent\\Builder.php(739): Illuminate\\Database\\Query\\Builder->get()
#7 C:\\Apache24\\htdocs\\vel-vue-admin\\vel-riders-backend\\vendor\\laravel\\framework\\src\\Illuminate\\Database\\Eloquent\\Builder.php(723): Illuminate\\Database\\Eloquent\\Builder->getModels()
#8 C:\\Apache24\\htdocs\\vel-vue-admin\\vel-riders-backend\\vendor\\laravel\\framework\\src\\Illuminate\\Database\\Eloquent\\Builder.php(931): Illuminate\\Database\\Eloquent\\Builder->get()
#9 C:\\Apache24\\htdocs\\vel-vue-admin\\vel-riders-backend\\app\\Http\\Controllers\\AdminApis\\V1\\CustomerDataController.php(105): Illuminate\\Database\\Eloquent\\Builder->paginate()
#10 C:\\Apache24\\htdocs\\vel-vue-admin\\vel-riders-backend\\vendor\\laravel\\framework\\src\\Illuminate\\Routing\\Controller.php(54): App\\Http\\Controllers\\AdminApis\\V1\\CustomerDataController->getCustomers()
#11 C:\\Apache24\\htdocs\\vel-vue-admin\\vel-riders-backend\\vendor\\laravel\\framework\\src\\Illuminate\\Routing\\ControllerDispatcher.php(43): Illuminate\\Routing\\Controller->callAction()
#12 C:\\Apache24\\htdocs\\vel-vue-admin\\vel-riders-backend\\vendor\\laravel\\framework\\src\\Illuminate\\Routing\\Route.php(259): Illuminate\\Routing\\ControllerDispatcher->dispatch()
#13 C:\\Apache24\\htdocs\\vel-vue-admin\\vel-riders-backend\\vendor\\laravel\\framework\\src\\Illuminate\\Routing\\Route.php(205): Illuminate\\Routing\\Route->runController()
#14 C:\\Apache24\\htdocs\\vel-vue-admin\\vel-riders-backend\\vendor\\laravel\\framework\\src\\Illuminate\\Routing\\Router.php(806): Illuminate\\Routing\\Route->run()
#15 C:\\Apache24\\htdocs\\vel-vue-admin\\vel-riders-backend\\vendor\\laravel\\framework\\src\\Illuminate\\Pipeline\\Pipeline.php(144): Illuminate\\Routing\\Router->{closure:Illuminate\\Routing\\Router::runRouteWithinStack():805}()
#16 C:\\Apache24\\htdocs\\vel-vue-admin\\vel-riders-backend\\vendor\\laravel\\framework\\src\\Illuminate\\Routing\\Middleware\\SubstituteBindings.php(50): Illuminate\\Pipeline\\Pipeline->{closure:Illuminate\\Pipeline\\Pipeline::prepareDestination():142}()
#17 C:\\Apache24\\htdocs\\vel-vue-admin\\vel-riders-backend\\vendor\\laravel\\framework\\src\\Illuminate\\Pipeline\\Pipeline.php(183): Illuminate\\Routing\\Middleware\\SubstituteBindings->handle()
#18 C:\\Apache24\\htdocs\\vel-vue-admin\\vel-riders-backend\\vendor\\laravel\\framework\\src\\Illuminate\\Routing\\Middleware\\ThrottleRequests.php(159): Illuminate\\Pipeline\\Pipeline->{closure:{closure:Illuminate\\Pipeline\\Pipeline::carry():158}:159}()
#19 C:\\Apache24\\htdocs\\vel-vue-admin\\vel-riders-backend\\vendor\\laravel\\framework\\src\\Illuminate\\Routing\\Middleware\\ThrottleRequests.php(90): Illuminate\\Routing\\Middleware\\ThrottleRequests->handleRequest()
#20 C:\\Apache24\\htdocs\\vel-vue-admin\\vel-riders-backend\\vendor\\laravel\\framework\\src\\Illuminate\\Pipeline\\Pipeline.php(183): Illuminate\\Routing\\Middleware\\ThrottleRequests->handle()
#21 C:\\Apache24\\htdocs\\vel-vue-admin\\vel-riders-backend\\vendor\\laravel\\framework\\src\\Illuminate\\Auth\\Middleware\\Authenticate.php(57): Illuminate\\Pipeline\\Pipeline->{closure:{closure:Illuminate\\Pipeline\\Pipeline::carry():158}:159}()
#22 C:\\Apache24\\htdocs\\vel-vue-admin\\vel-riders-backend\\vendor\\laravel\\framework\\src\\Illuminate\\Pipeline\\Pipeline.php(183): Illuminate\\Auth\\Middleware\\Authenticate->handle()
#23 C:\\Apache24\\htdocs\\vel-vue-admin\\vel-riders-backend\\vendor\\laravel\\framework\\src\\Illuminate\\Session\\Middleware\\StartSession.php(121): Illuminate\\Pipeline\\Pipeline->{closure:{closure:Illuminate\\Pipeline\\Pipeline::carry():158}:159}()
#24 C:\\Apache24\\htdocs\\vel-vue-admin\\vel-riders-backend\\vendor\\laravel\\framework\\src\\Illuminate\\Session\\Middleware\\StartSession.php(64): Illuminate\\Session\\Middleware\\StartSession->handleStatefulRequest()
#25 C:\\Apache24\\htdocs\\vel-vue-admin\\vel-riders-backend\\vendor\\laravel\\framework\\src\\Illuminate\\Pipeline\\Pipeline.php(183): Illuminate\\Session\\Middleware\\StartSession->handle()
#26 C:\\Apache24\\htdocs\\vel-vue-admin\\vel-riders-backend\\vendor\\laravel\\framework\\src\\Illuminate\\Pipeline\\Pipeline.php(119): Illuminate\\Pipeline\\Pipeline->{closure:{closure:Illuminate\\Pipeline\\Pipeline::carry():158}:159}()
#27 C:\\Apache24\\htdocs\\vel-vue-admin\\vel-riders-backend\\vendor\\laravel\\framework\\src\\Illuminate\\Routing\\Router.php(805): Illuminate\\Pipeline\\Pipeline->then()
#28 C:\\Apache24\\htdocs\\vel-vue-admin\\vel-riders-backend\\vendor\\laravel\\framework\\src\\Illuminate\\Routing\\Router.php(784): Illuminate\\Routing\\Router->runRouteWithinStack()
#29 C:\\Apache24\\htdocs\\vel-vue-admin\\vel-riders-backend\\vendor\\laravel\\framework\\src\\Illuminate\\Routing\\Router.php(748): Illuminate\\Routing\\Router->runRoute()
#30 C:\\Apache24\\htdocs\\vel-vue-admin\\vel-riders-backend\\vendor\\laravel\\framework\\src\\Illuminate\\Routing\\Router.php(737): Illuminate\\Routing\\Router->dispatchToRoute()
#31 C:\\Apache24\\htdocs\\vel-vue-admin\\vel-riders-backend\\vendor\\laravel\\framework\\src\\Illuminate\\Foundation\\Http\\Kernel.php(200): Illuminate\\Routing\\Router->dispatch()
#32 C:\\Apache24\\htdocs\\vel-vue-admin\\vel-riders-backend\\vendor\\laravel\\framework\\src\\Illuminate\\Pipeline\\Pipeline.php(144): Illuminate\\Foundation\\Http\\Kernel->{closure:Illuminate\\Foundation\\Http\\Kernel::dispatchToRouter():197}()
#33 C:\\Apache24\\htdocs\\vel-vue-admin\\vel-riders-backend\\vendor\\laravel\\framework\\src\\Illuminate\\Foundation\\Http\\Middleware\\TransformsRequest.php(21): Illuminate\\Pipeline\\Pipeline->{closure:Illuminate\\Pipeline\\Pipeline::prepareDestination():142}()
#34 C:\\Apache24\\htdocs\\vel-vue-admin\\vel-riders-backend\\vendor\\laravel\\framework\\src\\Illuminate\\Foundation\\Http\\Middleware\\ConvertEmptyStringsToNull.php(31): Illuminate\\Foundation\\Http\\Middleware\\TransformsRequest->handle()
#35 C:\\Apache24\\htdocs\\vel-vue-admin\\vel-riders-backend\\vendor\\laravel\\framework\\src\\Illuminate\\Pipeline\\Pipeline.php(183): Illuminate\\Foundation\\Http\\Middleware\\ConvertEmptyStringsToNull->handle()
#36 C:\\Apache24\\htdocs\\vel-vue-admin\\vel-riders-backend\\vendor\\laravel\\framework\\src\\Illuminate\\Foundation\\Http\\Middleware\\TransformsRequest.php(21): Illuminate\\Pipeline\\Pipeline->{closure:{closure:Illuminate\\Pipeline\\Pipeline::carry():158}:159}()
#37 C:\\Apache24\\htdocs\\vel-vue-admin\\vel-riders-backend\\vendor\\laravel\\framework\\src\\Illuminate\\Foundation\\Http\\Middleware\\TrimStrings.php(40): Illuminate\\Foundation\\Http\\Middleware\\TransformsRequest->handle()
#38 C:\\Apache24\\htdocs\\vel-vue-admin\\vel-riders-backend\\vendor\\laravel\\framework\\src\\Illuminate\\Pipeline\\Pipeline.php(183): Illuminate\\Foundation\\Http\\Middleware\\TrimStrings->handle()
#39 C:\\Apache24\\htdocs\\vel-vue-admin\\vel-riders-backend\\vendor\\laravel\\framework\\src\\Illuminate\\Foundation\\Http\\Middleware\\ValidatePostSize.php(27): Illuminate\\Pipeline\\Pipeline->{closure:{closure:Illuminate\\Pipeline\\Pipeline::carry():158}:159}()
#40 C:\\Apache24\\htdocs\\vel-vue-admin\\vel-riders-backend\\vendor\\laravel\\framework\\src\\Illuminate\\Pipeline\\Pipeline.php(183): Illuminate\\Foundation\\Http\\Middleware\\ValidatePostSize->handle()
#41 C:\\Apache24\\htdocs\\vel-vue-admin\\vel-riders-backend\\vendor\\laravel\\framework\\src\\Illuminate\\Foundation\\Http\\Middleware\\PreventRequestsDuringMaintenance.php(99): Illuminate\\Pipeline\\Pipeline->{closure:{closure:Illuminate\\Pipeline\\Pipeline::carry():158}:159}()
#42 C:\\Apache24\\htdocs\\vel-vue-admin\\vel-riders-backend\\vendor\\laravel\\framework\\src\\Illuminate\\Pipeline\\Pipeline.php(183): Illuminate\\Foundation\\Http\\Middleware\\PreventRequestsDuringMaintenance->handle()
#43 C:\\Apache24\\htdocs\\vel-vue-admin\\vel-riders-backend\\vendor\\laravel\\framework\\src\\Illuminate\\Http\\Middleware\\HandleCors.php(62): Illuminate\\Pipeline\\Pipeline->{closure:{closure:Illuminate\\Pipeline\\Pipeline::carry():158}:159}()
#44 C:\\Apache24\\htdocs\\vel-vue-admin\\vel-riders-backend\\vendor\\laravel\\framework\\src\\Illuminate\\Pipeline\\Pipeline.php(183): Illuminate\\Http\\Middleware\\HandleCors->handle()
#45 C:\\Apache24\\htdocs\\vel-vue-admin\\vel-riders-backend\\vendor\\laravel\\framework\\src\\Illuminate\\Http\\Middleware\\TrustProxies.php(39): Illuminate\\Pipeline\\Pipeline->{closure:{closure:Illuminate\\Pipeline\\Pipeline::carry():158}:159}()
#46 C:\\Apache24\\htdocs\\vel-vue-admin\\vel-riders-backend\\vendor\\laravel\\framework\\src\\Illuminate\\Pipeline\\Pipeline.php(183): Illuminate\\Http\\Middleware\\TrustProxies->handle()
#47 C:\\Apache24\\htdocs\\vel-vue-admin\\vel-riders-backend\\vendor\\laravel\\framework\\src\\Illuminate\\Pipeline\\Pipeline.php(119): Illuminate\\Pipeline\\Pipeline->{closure:{closure:Illuminate\\Pipeline\\Pipeline::carry():158}:159}()
#48 C:\\Apache24\\htdocs\\vel-vue-admin\\vel-riders-backend\\vendor\\laravel\\framework\\src\\Illuminate\\Foundation\\Http\\Kernel.php(175): Illuminate\\Pipeline\\Pipeline->then()
#49 C:\\Apache24\\htdocs\\vel-vue-admin\\vel-riders-backend\\vendor\\laravel\\framework\\src\\Illuminate\\Foundation\\Http\\Kernel.php(144): Illuminate\\Foundation\\Http\\Kernel->sendRequestThroughRouter()
#50 C:\\Apache24\\htdocs\\vel-vue-admin\\vel-riders-backend\\public\\index.php(51): Illuminate\\Foundation\\Http\\Kernel->handle()
#51 C:\\Apache24\\htdocs\\vel-vue-admin\\vel-riders-backend\\vendor\\laravel\\framework\\src\\Illuminate\\Foundation\\resources\\server.php(16): require_once('...')
#52 {main}

[previous exception] [object] (PDOException(code: 42S22): SQLSTATE[42S22]: Column not found: 1054 Unknown column 'block_reason' in 'field list' at C:\\Apache24\\htdocs\\vel-vue-admin\\vel-riders-backend\\vendor\\laravel\\framework\\src\\Illuminate\\Database\\Connection.php:423)
[stacktrace]
#0 C:\\Apache24\\htdocs\\vel-vue-admin\\vel-riders-backend\\vendor\\laravel\\framework\\src\\Illuminate\\Database\\Connection.php(423): PDO->prepare()
#1 C:\\Apache24\\htdocs\\vel-vue-admin\\vel-riders-backend\\vendor\\laravel\\framework\\src\\Illuminate\\Database\\Connection.php(816): Illuminate\\Database\\Connection->{closure:Illuminate\\Database\\Connection::select():414}()
#2 C:\\Apache24\\htdocs\\vel-vue-admin\\vel-riders-backend\\vendor\\laravel\\framework\\src\\Illuminate\\Database\\Connection.php(783): Illuminate\\Database\\Connection->runQueryCallback()
#3 C:\\Apache24\\htdocs\\vel-vue-admin\\vel-riders-backend\\vendor\\laravel\\framework\\src\\Illuminate\\Database\\Connection.php(414): Illuminate\\Database\\Connection->run()
#4 C:\\Apache24\\htdocs\\vel-vue-admin\\vel-riders-backend\\vendor\\laravel\\framework\\src\\Illuminate\\Database\\Query\\Builder.php(2913): Illuminate\\Database\\Connection->select()
#5 C:\\Apache24\\htdocs\\vel-vue-admin\\vel-riders-backend\\vendor\\laravel\\framework\\src\\Illuminate\\Database\\Query\\Builder.php(2902): Illuminate\\Database\\Query\\Builder->runSelect()
#6 C:\\Apache24\\htdocs\\vel-vue-admin\\vel-riders-backend\\vendor\\laravel\\framework\\src\\Illuminate\\Database\\Query\\Builder.php(3456): Illuminate\\Database\\Query\\Builder->{closure:Illuminate\\Database\\Query\\Builder::get():2901}()
#7 C:\\Apache24\\htdocs\\vel-vue-admin\\vel-riders-backend\\vendor\\laravel\\framework\\src\\Illuminate\\Database\\Query\\Builder.php(2901): Illuminate\\Database\\Query\\Builder->onceWithColumns()
#8 C:\\Apache24\\htdocs\\vel-vue-admin\\vel-riders-backend\\vendor\\laravel\\framework\\src\\Illuminate\\Database\\Eloquent\\Builder.php(739): Illuminate\\Database\\Query\\Builder->get()
#9 C:\\Apache24\\htdocs\\vel-vue-admin\\vel-riders-backend\\vendor\\laravel\\framework\\src\\Illuminate\\Database\\Eloquent\\Builder.php(723): Illuminate\\Database\\Eloquent\\Builder->getModels()
#10 C:\\Apache24\\htdocs\\vel-vue-admin\\vel-riders-backend\\vendor\\laravel\\framework\\src\\Illuminate\\Database\\Eloquent\\Builder.php(931): Illuminate\\Database\\Eloquent\\Builder->get()
#11 C:\\Apache24\\htdocs\\vel-vue-admin\\vel-riders-backend\\app\\Http\\Controllers\\AdminApis\\V1\\CustomerDataController.php(105): Illuminate\\Database\\Eloquent\\Builder->paginate()
#12 C:\\Apache24\\htdocs\\vel-vue-admin\\vel-riders-backend\\vendor\\laravel\\framework\\src\\Illuminate\\Routing\\Controller.php(54): App\\Http\\Controllers\\AdminApis\\V1\\CustomerDataController->getCustomers()
#13 C:\\Apache24\\htdocs\\vel-vue-admin\\vel-riders-backend\\vendor\\laravel\\framework\\src\\Illuminate\\Routing\\ControllerDispatcher.php(43): Illuminate\\Routing\\Controller->callAction()
#14 C:\\Apache24\\htdocs\\vel-vue-admin\\vel-riders-backend\\vendor\\laravel\\framework\\src\\Illuminate\\Routing\\Route.php(259): Illuminate\\Routing\\ControllerDispatcher->dispatch()
#15 C:\\Apache24\\htdocs\\vel-vue-admin\\vel-riders-backend\\vendor\\laravel\\framework\\src\\Illuminate\\Routing\\Route.php(205): Illuminate\\Routing\\Route->runController()
#16 C:\\Apache24\\htdocs\\vel-vue-admin\\vel-riders-backend\\vendor\\laravel\\framework\\src\\Illuminate\\Routing\\Router.php(806): Illuminate\\Routing\\Route->run()
#17 C:\\Apache24\\htdocs\\vel-vue-admin\\vel-riders-backend\\vendor\\laravel\\framework\\src\\Illuminate\\Pipeline\\Pipeline.php(144): Illuminate\\Routing\\Router->{closure:Illuminate\\Routing\\Router::runRouteWithinStack():805}()
#18 C:\\Apache24\\htdocs\\vel-vue-admin\\vel-riders-backend\\vendor\\laravel\\framework\\src\\Illuminate\\Routing\\Middleware\\SubstituteBindings.php(50): Illuminate\\Pipeline\\Pipeline->{closure:Illuminate\\Pipeline\\Pipeline::prepareDestination():142}()
#19 C:\\Apache24\\htdocs\\vel-vue-admin\\vel-riders-backend\\vendor\\laravel\\framework\\src\\Illuminate\\Pipeline\\Pipeline.php(183): Illuminate\\Routing\\Middleware\\SubstituteBindings->handle()
#20 C:\\Apache24\\htdocs\\vel-vue-admin\\vel-riders-backend\\vendor\\laravel\\framework\\src\\Illuminate\\Routing\\Middleware\\ThrottleRequests.php(159): Illuminate\\Pipeline\\Pipeline->{closure:{closure:Illuminate\\Pipeline\\Pipeline::carry():158}:159}()
#21 C:\\Apache24\\htdocs\\vel-vue-admin\\vel-riders-backend\\vendor\\laravel\\framework\\src\\Illuminate\\Routing\\Middleware\\ThrottleRequests.php(90): Illuminate\\Routing\\Middleware\\ThrottleRequests->handleRequest()
#22 C:\\Apache24\\htdocs\\vel-vue-admin\\vel-riders-backend\\vendor\\laravel\\framework\\src\\Illuminate\\Pipeline\\Pipeline.php(183): Illuminate\\Routing\\Middleware\\ThrottleRequests->handle()
#23 C:\\Apache24\\htdocs\\vel-vue-admin\\vel-riders-backend\\vendor\\laravel\\framework\\src\\Illuminate\\Auth\\Middleware\\Authenticate.php(57): Illuminate\\Pipeline\\Pipeline->{closure:{closure:Illuminate\\Pipeline\\Pipeline::carry():158}:159}()
#24 C:\\Apache24\\htdocs\\vel-vue-admin\\vel-riders-backend\\vendor\\laravel\\framework\\src\\Illuminate\\Pipeline\\Pipeline.php(183): Illuminate\\Auth\\Middleware\\Authenticate->handle()
#25 C:\\Apache24\\htdocs\\vel-vue-admin\\vel-riders-backend\\vendor\\laravel\\framework\\src\\Illuminate\\Session\\Middleware\\StartSession.php(121): Illuminate\\Pipeline\\Pipeline->{closure:{closure:Illuminate\\Pipeline\\Pipeline::carry():158}:159}()
#26 C:\\Apache24\\htdocs\\vel-vue-admin\\vel-riders-backend\\vendor\\laravel\\framework\\src\\Illuminate\\Session\\Middleware\\StartSession.php(64): Illuminate\\Session\\Middleware\\StartSession->handleStatefulRequest()
#27 C:\\Apache24\\htdocs\\vel-vue-admin\\vel-riders-backend\\vendor\\laravel\\framework\\src\\Illuminate\\Pipeline\\Pipeline.php(183): Illuminate\\Session\\Middleware\\StartSession->handle()
#28 C:\\Apache24\\htdocs\\vel-vue-admin\\vel-riders-backend\\vendor\\laravel\\framework\\src\\Illuminate\\Pipeline\\Pipeline.php(119): Illuminate\\Pipeline\\Pipeline->{closure:{closure:Illuminate\\Pipeline\\Pipeline::carry():158}:159}()
#29 C:\\Apache24\\htdocs\\vel-vue-admin\\vel-riders-backend\\vendor\\laravel\\framework\\src\\Illuminate\\Routing\\Router.php(805): Illuminate\\Pipeline\\Pipeline->then()
#30 C:\\Apache24\\htdocs\\vel-vue-admin\\vel-riders-backend\\vendor\\laravel\\framework\\src\\Illuminate\\Routing\\Router.php(784): Illuminate\\Routing\\Router->runRouteWithinStack()
#31 C:\\Apache24\\htdocs\\vel-vue-admin\\vel-riders-backend\\vendor\\laravel\\framework\\src\\Illuminate\\Routing\\Router.php(748): Illuminate\\Routing\\Router->runRoute()
#32 C:\\Apache24\\htdocs\\vel-vue-admin\\vel-riders-backend\\vendor\\laravel\\framework\\src\\Illuminate\\Routing\\Router.php(737): Illuminate\\Routing\\Router->dispatchToRoute()
#33 C:\\Apache24\\htdocs\\vel-vue-admin\\vel-riders-backend\\vendor\\laravel\\framework\\src\\Illuminate\\Foundation\\Http\\Kernel.php(200): Illuminate\\Routing\\Router->dispatch()
#34 C:\\Apache24\\htdocs\\vel-vue-admin\\vel-riders-backend\\vendor\\laravel\\framework\\src\\Illuminate\\Pipeline\\Pipeline.php(144): Illuminate\\Foundation\\Http\\Kernel->{closure:Illuminate\\Foundation\\Http\\Kernel::dispatchToRouter():197}()
#35 C:\\Apache24\\htdocs\\vel-vue-admin\\vel-riders-backend\\vendor\\laravel\\framework\\src\\Illuminate\\Foundation\\Http\\Middleware\\TransformsRequest.php(21): Illuminate\\Pipeline\\Pipeline->{closure:Illuminate\\Pipeline\\Pipeline::prepareDestination():142}()
#36 C:\\Apache24\\htdocs\\vel-vue-admin\\vel-riders-backend\\vendor\\laravel\\framework\\src\\Illuminate\\Foundation\\Http\\Middleware\\ConvertEmptyStringsToNull.php(31): Illuminate\\Foundation\\Http\\Middleware\\TransformsRequest->handle()
#37 C:\\Apache24\\htdocs\\vel-vue-admin\\vel-riders-backend\\vendor\\laravel\\framework\\src\\Illuminate\\Pipeline\\Pipeline.php(183): Illuminate\\Foundation\\Http\\Middleware\\ConvertEmptyStringsToNull->handle()
#38 C:\\Apache24\\htdocs\\vel-vue-admin\\vel-riders-backend\\vendor\\laravel\\framework\\src\\Illuminate\\Foundation\\Http\\Middleware\\TransformsRequest.php(21): Illuminate\\Pipeline\\Pipeline->{closure:{closure:Illuminate\\Pipeline\\Pipeline::carry():158}:159}()
#39 C:\\Apache24\\htdocs\\vel-vue-admin\\vel-riders-backend\\vendor\\laravel\\framework\\src\\Illuminate\\Foundation\\Http\\Middleware\\TrimStrings.php(40): Illuminate\\Foundation\\Http\\Middleware\\TransformsRequest->handle()
#40 C:\\Apache24\\htdocs\\vel-vue-admin\\vel-riders-backend\\vendor\\laravel\\framework\\src\\Illuminate\\Pipeline\\Pipeline.php(183): Illuminate\\Foundation\\Http\\Middleware\\TrimStrings->handle()
#41 C:\\Apache24\\htdocs\\vel-vue-admin\\vel-riders-backend\\vendor\\laravel\\framework\\src\\Illuminate\\Foundation\\Http\\Middleware\\ValidatePostSize.php(27): Illuminate\\Pipeline\\Pipeline->{closure:{closure:Illuminate\\Pipeline\\Pipeline::carry():158}:159}()
#42 C:\\Apache24\\htdocs\\vel-vue-admin\\vel-riders-backend\\vendor\\laravel\\framework\\src\\Illuminate\\Pipeline\\Pipeline.php(183): Illuminate\\Foundation\\Http\\Middleware\\ValidatePostSize->handle()
#43 C:\\Apache24\\htdocs\\vel-vue-admin\\vel-riders-backend\\vendor\\laravel\\framework\\src\\Illuminate\\Foundation\\Http\\Middleware\\PreventRequestsDuringMaintenance.php(99): Illuminate\\Pipeline\\Pipeline->{closure:{closure:Illuminate\\Pipeline\\Pipeline::carry():158}:159}()
#44 C:\\Apache24\\htdocs\\vel-vue-admin\\vel-riders-backend\\vendor\\laravel\\framework\\src\\Illuminate\\Pipeline\\Pipeline.php(183): Illuminate\\Foundation\\Http\\Middleware\\PreventRequestsDuringMaintenance->handle()
#45 C:\\Apache24\\htdocs\\vel-vue-admin\\vel-riders-backend\\vendor\\laravel\\framework\\src\\Illuminate\\Http\\Middleware\\HandleCors.php(62): Illuminate\\Pipeline\\Pipeline->{closure:{closure:Illuminate\\Pipeline\\Pipeline::carry():158}:159}()
#46 C:\\Apache24\\htdocs\\vel-vue-admin\\vel-riders-backend\\vendor\\laravel\\framework\\src\\Illuminate\\Pipeline\\Pipeline.php(183): Illuminate\\Http\\Middleware\\HandleCors->handle()
#47 C:\\Apache24\\htdocs\\vel-vue-admin\\vel-riders-backend\\vendor\\laravel\\framework\\src\\Illuminate\\Http\\Middleware\\TrustProxies.php(39): Illuminate\\Pipeline\\Pipeline->{closure:{closure:Illuminate\\Pipeline\\Pipeline::carry():158}:159}()
#48 C:\\Apache24\\htdocs\\vel-vue-admin\\vel-riders-backend\\vendor\\laravel\\framework\\src\\Illuminate\\Pipeline\\Pipeline.php(183): Illuminate\\Http\\Middleware\\TrustProxies->handle()
#49 C:\\Apache24\\htdocs\\vel-vue-admin\\vel-riders-backend\\vendor\\laravel\\framework\\src\\Illuminate\\Pipeline\\Pipeline.php(119): Illuminate\\Pipeline\\Pipeline->{closure:{closure:Illuminate\\Pipeline\\Pipeline::carry():158}:159}()
#50 C:\\Apache24\\htdocs\\vel-vue-admin\\vel-riders-backend\\vendor\\laravel\\framework\\src\\Illuminate\\Foundation\\Http\\Kernel.php(175): Illuminate\\Pipeline\\Pipeline->then()
#51 C:\\Apache24\\htdocs\\vel-vue-admin\\vel-riders-backend\\vendor\\laravel\\framework\\src\\Illuminate\\Foundation\\Http\\Kernel.php(144): Illuminate\\Foundation\\Http\\Kernel->sendRequestThroughRouter()
#52 C:\\Apache24\\htdocs\\vel-vue-admin\\vel-riders-backend\\public\\index.php(51): Illuminate\\Foundation\\Http\\Kernel->handle()
#53 C:\\Apache24\\htdocs\\vel-vue-admin\\vel-riders-backend\\vendor\\laravel\\framework\\src\\Illuminate\\Foundation\\resources\\server.php(16): require_once('...')
#54 {main}
"} 
[2026-05-22 18:58:41] local.ERROR: SQLSTATE[42S22]: Column not found: 1054 Unknown column 'block_reason' in 'field list' (Connection: mysql, SQL: select `customer_id`, `country_code`, `mobile_number`, `email`, `firstname`, `lastname`, `dob`, `profile_picture_url`, `billing_address`, `shipping_address`, `device_token`, `device_id`, `is_deleted`, `is_blocked`, `block_reason` from `customers` where `is_deleted` = 0 limit 10 offset 0) {"userId":1,"exception":"[object] (Illuminate\\Database\\QueryException(code: 42S22): SQLSTATE[42S22]: Column not found: 1054 Unknown column 'block_reason' in 'field list' (Connection: mysql, SQL: select `customer_id`, `country_code`, `mobile_number`, `email`, `firstname`, `lastname`, `dob`, `profile_picture_url`, `billing_address`, `shipping_address`, `device_token`, `device_id`, `is_deleted`, `is_blocked`, `block_reason` from `customers` where `is_deleted` = 0 limit 10 offset 0) at C:\\Apache24\\htdocs\\vel-vue-admin\\vel-riders-backend\\vendor\\laravel\\framework\\src\\Illuminate\\Database\\Connection.php:829)
[stacktrace]
#0 C:\\Apache24\\htdocs\\vel-vue-admin\\vel-riders-backend\\vendor\\laravel\\framework\\src\\Illuminate\\Database\\Connection.php(783): Illuminate\\Database\\Connection->runQueryCallback()
#1 C:\\Apache24\\htdocs\\vel-vue-admin\\vel-riders-backend\\vendor\\laravel\\framework\\src\\Illuminate\\Database\\Connection.php(414): Illuminate\\Database\\Connection->run()
#2 C:\\Apache24\\htdocs\\vel-vue-admin\\vel-riders-backend\\vendor\\laravel\\framework\\src\\Illuminate\\Database\\Query\\Builder.php(2913): Illuminate\\Database\\Connection->select()
#3 C:\\Apache24\\htdocs\\vel-vue-admin\\vel-riders-backend\\vendor\\laravel\\framework\\src\\Illuminate\\Database\\Query\\Builder.php(2902): Illuminate\\Database\\Query\\Builder->runSelect()
#4 C:\\Apache24\\htdocs\\vel-vue-admin\\vel-riders-backend\\vendor\\laravel\\framework\\src\\Illuminate\\Database\\Query\\Builder.php(3456): Illuminate\\Database\\Query\\Builder->{closure:Illuminate\\Database\\Query\\Builder::get():2901}()
#5 C:\\Apache24\\htdocs\\vel-vue-admin\\vel-riders-backend\\vendor\\laravel\\framework\\src\\Illuminate\\Database\\Query\\Builder.php(2901): Illuminate\\Database\\Query\\Builder->onceWithColumns()
#6 C:\\Apache24\\htdocs\\vel-vue-admin\\vel-riders-backend\\vendor\\laravel\\framework\\src\\Illuminate\\Database\\Eloquent\\Builder.php(739): Illuminate\\Database\\Query\\Builder->get()
#7 C:\\Apache24\\htdocs\\vel-vue-admin\\vel-riders-backend\\vendor\\laravel\\framework\\src\\Illuminate\\Database\\Eloquent\\Builder.php(723): Illuminate\\Database\\Eloquent\\Builder->getModels()
#8 C:\\Apache24\\htdocs\\vel-vue-admin\\vel-riders-backend\\vendor\\laravel\\framework\\src\\Illuminate\\Database\\Eloquent\\Builder.php(931): Illuminate\\Database\\Eloquent\\Builder->get()
#9 C:\\Apache24\\htdocs\\vel-vue-admin\\vel-riders-backend\\app\\Http\\Controllers\\AdminApis\\V1\\CustomerDataController.php(105): Illuminate\\Database\\Eloquent\\Builder->paginate()
#10 C:\\Apache24\\htdocs\\vel-vue-admin\\vel-riders-backend\\vendor\\laravel\\framework\\src\\Illuminate\\Routing\\Controller.php(54): App\\Http\\Controllers\\AdminApis\\V1\\CustomerDataController->getCustomers()
#11 C:\\Apache24\\htdocs\\vel-vue-admin\\vel-riders-backend\\vendor\\laravel\\framework\\src\\Illuminate\\Routing\\ControllerDispatcher.php(43): Illuminate\\Routing\\Controller->callAction()
#12 C:\\Apache24\\htdocs\\vel-vue-admin\\vel-riders-backend\\vendor\\laravel\\framework\\src\\Illuminate\\Routing\\Route.php(259): Illuminate\\Routing\\ControllerDispatcher->dispatch()
#13 C:\\Apache24\\htdocs\\vel-vue-admin\\vel-riders-backend\\vendor\\laravel\\framework\\src\\Illuminate\\Routing\\Route.php(205): Illuminate\\Routing\\Route->runController()
#14 C:\\Apache24\\htdocs\\vel-vue-admin\\vel-riders-backend\\vendor\\laravel\\framework\\src\\Illuminate\\Routing\\Router.php(806): Illuminate\\Routing\\Route->run()
#15 C:\\Apache24\\htdocs\\vel-vue-admin\\vel-riders-backend\\vendor\\laravel\\framework\\src\\Illuminate\\Pipeline\\Pipeline.php(144): Illuminate\\Routing\\Router->{closure:Illuminate\\Routing\\Router::runRouteWithinStack():805}()
#16 C:\\Apache24\\htdocs\\vel-vue-admin\\vel-riders-backend\\vendor\\laravel\\framework\\src\\Illuminate\\Routing\\Middleware\\SubstituteBindings.php(50): Illuminate\\Pipeline\\Pipeline->{closure:Illuminate\\Pipeline\\Pipeline::prepareDestination():142}()
#17 C:\\Apache24\\htdocs\\vel-vue-admin\\vel-riders-backend\\vendor\\laravel\\framework\\src\\Illuminate\\Pipeline\\Pipeline.php(183): Illuminate\\Routing\\Middleware\\SubstituteBindings->handle()
#18 C:\\Apache24\\htdocs\\vel-vue-admin\\vel-riders-backend\\vendor\\laravel\\framework\\src\\Illuminate\\Routing\\Middleware\\ThrottleRequests.php(159): Illuminate\\Pipeline\\Pipeline->{closure:{closure:Illuminate\\Pipeline\\Pipeline::carry():158}:159}()
#19 C:\\Apache24\\htdocs\\vel-vue-admin\\vel-riders-backend\\vendor\\laravel\\framework\\src\\Illuminate\\Routing\\Middleware\\ThrottleRequests.php(90): Illuminate\\Routing\\Middleware\\ThrottleRequests->handleRequest()
#20 C:\\Apache24\\htdocs\\vel-vue-admin\\vel-riders-backend\\vendor\\laravel\\framework\\src\\Illuminate\\Pipeline\\Pipeline.php(183): Illuminate\\Routing\\Middleware\\ThrottleRequests->handle()
#21 C:\\Apache24\\htdocs\\vel-vue-admin\\vel-riders-backend\\vendor\\laravel\\framework\\src\\Illuminate\\Auth\\Middleware\\Authenticate.php(57): Illuminate\\Pipeline\\Pipeline->{closure:{closure:Illuminate\\Pipeline\\Pipeline::carry():158}:159}()
#22 C:\\Apache24\\htdocs\\vel-vue-admin\\vel-riders-backend\\vendor\\laravel\\framework\\src\\Illuminate\\Pipeline\\Pipeline.php(183): Illuminate\\Auth\\Middleware\\Authenticate->handle()
#23 C:\\Apache24\\htdocs\\vel-vue-admin\\vel-riders-backend\\vendor\\laravel\\framework\\src\\Illuminate\\Session\\Middleware\\StartSession.php(121): Illuminate\\Pipeline\\Pipeline->{closure:{closure:Illuminate\\Pipeline\\Pipeline::carry():158}:159}()
#24 C:\\Apache24\\htdocs\\vel-vue-admin\\vel-riders-backend\\vendor\\laravel\\framework\\src\\Illuminate\\Session\\Middleware\\StartSession.php(64): Illuminate\\Session\\Middleware\\StartSession->handleStatefulRequest()
#25 C:\\Apache24\\htdocs\\vel-vue-admin\\vel-riders-backend\\vendor\\laravel\\framework\\src\\Illuminate\\Pipeline\\Pipeline.php(183): Illuminate\\Session\\Middleware\\StartSession->handle()
#26 C:\\Apache24\\htdocs\\vel-vue-admin\\vel-riders-backend\\vendor\\laravel\\framework\\src\\Illuminate\\Pipeline\\Pipeline.php(119): Illuminate\\Pipeline\\Pipeline->{closure:{closure:Illuminate\\Pipeline\\Pipeline::carry():158}:159}()
#27 C:\\Apache24\\htdocs\\vel-vue-admin\\vel-riders-backend\\vendor\\laravel\\framework\\src\\Illuminate\\Routing\\Router.php(805): Illuminate\\Pipeline\\Pipeline->then()
#28 C:\\Apache24\\htdocs\\vel-vue-admin\\vel-riders-backend\\vendor\\laravel\\framework\\src\\Illuminate\\Routing\\Router.php(784): Illuminate\\Routing\\Router->runRouteWithinStack()
#29 C:\\Apache24\\htdocs\\vel-vue-admin\\vel-riders-backend\\vendor\\laravel\\framework\\src\\Illuminate\\Routing\\Router.php(748): Illuminate\\Routing\\Router->runRoute()
#30 C:\\Apache24\\htdocs\\vel-vue-admin\\vel-riders-backend\\vendor\\laravel\\framework\\src\\Illuminate\\Routing\\Router.php(737): Illuminate\\Routing\\Router->dispatchToRoute()
#31 C:\\Apache24\\htdocs\\vel-vue-admin\\vel-riders-backend\\vendor\\laravel\\framework\\src\\Illuminate\\Foundation\\Http\\Kernel.php(200): Illuminate\\Routing\\Router->dispatch()
#32 C:\\Apache24\\htdocs\\vel-vue-admin\\vel-riders-backend\\vendor\\laravel\\framework\\src\\Illuminate\\Pipeline\\Pipeline.php(144): Illuminate\\Foundation\\Http\\Kernel->{closure:Illuminate\\Foundation\\Http\\Kernel::dispatchToRouter():197}()
#33 C:\\Apache24\\htdocs\\vel-vue-admin\\vel-riders-backend\\vendor\\laravel\\framework\\src\\Illuminate\\Foundation\\Http\\Middleware\\TransformsRequest.php(21): Illuminate\\Pipeline\\Pipeline->{closure:Illuminate\\Pipeline\\Pipeline::prepareDestination():142}()
#34 C:\\Apache24\\htdocs\\vel-vue-admin\\vel-riders-backend\\vendor\\laravel\\framework\\src\\Illuminate\\Foundation\\Http\\Middleware\\ConvertEmptyStringsToNull.php(31): Illuminate\\Foundation\\Http\\Middleware\\TransformsRequest->handle()
#35 C:\\Apache24\\htdocs\\vel-vue-admin\\vel-riders-backend\\vendor\\laravel\\framework\\src\\Illuminate\\Pipeline\\Pipeline.php(183): Illuminate\\Foundation\\Http\\Middleware\\ConvertEmptyStringsToNull->handle()
#36 C:\\Apache24\\htdocs\\vel-vue-admin\\vel-riders-backend\\vendor\\laravel\\framework\\src\\Illuminate\\Foundation\\Http\\Middleware\\TransformsRequest.php(21): Illuminate\\Pipeline\\Pipeline->{closure:{closure:Illuminate\\Pipeline\\Pipeline::carry():158}:159}()
#37 C:\\Apache24\\htdocs\\vel-vue-admin\\vel-riders-backend\\vendor\\laravel\\framework\\src\\Illuminate\\Foundation\\Http\\Middleware\\TrimStrings.php(40): Illuminate\\Foundation\\Http\\Middleware\\TransformsRequest->handle()
#38 C:\\Apache24\\htdocs\\vel-vue-admin\\vel-riders-backend\\vendor\\laravel\\framework\\src\\Illuminate\\Pipeline\\Pipeline.php(183): Illuminate\\Foundation\\Http\\Middleware\\TrimStrings->handle()
#39 C:\\Apache24\\htdocs\\vel-vue-admin\\vel-riders-backend\\vendor\\laravel\\framework\\src\\Illuminate\\Foundation\\Http\\Middleware\\ValidatePostSize.php(27): Illuminate\\Pipeline\\Pipeline->{closure:{closure:Illuminate\\Pipeline\\Pipeline::carry():158}:159}()
#40 C:\\Apache24\\htdocs\\vel-vue-admin\\vel-riders-backend\\vendor\\laravel\\framework\\src\\Illuminate\\Pipeline\\Pipeline.php(183): Illuminate\\Foundation\\Http\\Middleware\\ValidatePostSize->handle()
#41 C:\\Apache24\\htdocs\\vel-vue-admin\\vel-riders-backend\\vendor\\laravel\\framework\\src\\Illuminate\\Foundation\\Http\\Middleware\\PreventRequestsDuringMaintenance.php(99): Illuminate\\Pipeline\\Pipeline->{closure:{closure:Illuminate\\Pipeline\\Pipeline::carry():158}:159}()
#42 C:\\Apache24\\htdocs\\vel-vue-admin\\vel-riders-backend\\vendor\\laravel\\framework\\src\\Illuminate\\Pipeline\\Pipeline.php(183): Illuminate\\Foundation\\Http\\Middleware\\PreventRequestsDuringMaintenance->handle()
#43 C:\\Apache24\\htdocs\\vel-vue-admin\\vel-riders-backend\\vendor\\laravel\\framework\\src\\Illuminate\\Http\\Middleware\\HandleCors.php(62): Illuminate\\Pipeline\\Pipeline->{closure:{closure:Illuminate\\Pipeline\\Pipeline::carry():158}:159}()
#44 C:\\Apache24\\htdocs\\vel-vue-admin\\vel-riders-backend\\vendor\\laravel\\framework\\src\\Illuminate\\Pipeline\\Pipeline.php(183): Illuminate\\Http\\Middleware\\HandleCors->handle()
#45 C:\\Apache24\\htdocs\\vel-vue-admin\\vel-riders-backend\\vendor\\laravel\\framework\\src\\Illuminate\\Http\\Middleware\\TrustProxies.php(39): Illuminate\\Pipeline\\Pipeline->{closure:{closure:Illuminate\\Pipeline\\Pipeline::carry():158}:159}()
#46 C:\\Apache24\\htdocs\\vel-vue-admin\\vel-riders-backend\\vendor\\laravel\\framework\\src\\Illuminate\\Pipeline\\Pipeline.php(183): Illuminate\\Http\\Middleware\\TrustProxies->handle()
#47 C:\\Apache24\\htdocs\\vel-vue-admin\\vel-riders-backend\\vendor\\laravel\\framework\\src\\Illuminate\\Pipeline\\Pipeline.php(119): Illuminate\\Pipeline\\Pipeline->{closure:{closure:Illuminate\\Pipeline\\Pipeline::carry():158}:159}()
#48 C:\\Apache24\\htdocs\\vel-vue-admin\\vel-riders-backend\\vendor\\laravel\\framework\\src\\Illuminate\\Foundation\\Http\\Kernel.php(175): Illuminate\\Pipeline\\Pipeline->then()
#49 C:\\Apache24\\htdocs\\vel-vue-admin\\vel-riders-backend\\vendor\\laravel\\framework\\src\\Illuminate\\Foundation\\Http\\Kernel.php(144): Illuminate\\Foundation\\Http\\Kernel->sendRequestThroughRouter()
#50 C:\\Apache24\\htdocs\\vel-vue-admin\\vel-riders-backend\\public\\index.php(51): Illuminate\\Foundation\\Http\\Kernel->handle()
#51 C:\\Apache24\\htdocs\\vel-vue-admin\\vel-riders-backend\\vendor\\laravel\\framework\\src\\Illuminate\\Foundation\\resources\\server.php(16): require_once('...')
#52 {main}

[previous exception] [object] (PDOException(code: 42S22): SQLSTATE[42S22]: Column not found: 1054 Unknown column 'block_reason' in 'field list' at C:\\Apache24\\htdocs\\vel-vue-admin\\vel-riders-backend\\vendor\\laravel\\framework\\src\\Illuminate\\Database\\Connection.php:423)
[stacktrace]
#0 C:\\Apache24\\htdocs\\vel-vue-admin\\vel-riders-backend\\vendor\\laravel\\framework\\src\\Illuminate\\Database\\Connection.php(423): PDO->prepare()
#1 C:\\Apache24\\htdocs\\vel-vue-admin\\vel-riders-backend\\vendor\\laravel\\framework\\src\\Illuminate\\Database\\Connection.php(816): Illuminate\\Database\\Connection->{closure:Illuminate\\Database\\Connection::select():414}()
#2 C:\\Apache24\\htdocs\\vel-vue-admin\\vel-riders-backend\\vendor\\laravel\\framework\\src\\Illuminate\\Database\\Connection.php(783): Illuminate\\Database\\Connection->runQueryCallback()
#3 C:\\Apache24\\htdocs\\vel-vue-admin\\vel-riders-backend\\vendor\\laravel\\framework\\src\\Illuminate\\Database\\Connection.php(414): Illuminate\\Database\\Connection->run()
#4 C:\\Apache24\\htdocs\\vel-vue-admin\\vel-riders-backend\\vendor\\laravel\\framework\\src\\Illuminate\\Database\\Query\\Builder.php(2913): Illuminate\\Database\\Connection->select()
#5 C:\\Apache24\\htdocs\\vel-vue-admin\\vel-riders-backend\\vendor\\laravel\\framework\\src\\Illuminate\\Database\\Query\\Builder.php(2902): Illuminate\\Database\\Query\\Builder->runSelect()
#6 C:\\Apache24\\htdocs\\vel-vue-admin\\vel-riders-backend\\vendor\\laravel\\framework\\src\\Illuminate\\Database\\Query\\Builder.php(3456): Illuminate\\Database\\Query\\Builder->{closure:Illuminate\\Database\\Query\\Builder::get():2901}()
#7 C:\\Apache24\\htdocs\\vel-vue-admin\\vel-riders-backend\\vendor\\laravel\\framework\\src\\Illuminate\\Database\\Query\\Builder.php(2901): Illuminate\\Database\\Query\\Builder->onceWithColumns()
#8 C:\\Apache24\\htdocs\\vel-vue-admin\\vel-riders-backend\\vendor\\laravel\\framework\\src\\Illuminate\\Database\\Eloquent\\Builder.php(739): Illuminate\\Database\\Query\\Builder->get()
#9 C:\\Apache24\\htdocs\\vel-vue-admin\\vel-riders-backend\\vendor\\laravel\\framework\\src\\Illuminate\\Database\\Eloquent\\Builder.php(723): Illuminate\\Database\\Eloquent\\Builder->getModels()
#10 C:\\Apache24\\htdocs\\vel-vue-admin\\vel-riders-backend\\vendor\\laravel\\framework\\src\\Illuminate\\Database\\Eloquent\\Builder.php(931): Illuminate\\Database\\Eloquent\\Builder->get()
#11 C:\\Apache24\\htdocs\\vel-vue-admin\\vel-riders-backend\\app\\Http\\Controllers\\AdminApis\\V1\\CustomerDataController.php(105): Illuminate\\Database\\Eloquent\\Builder->paginate()
#12 C:\\Apache24\\htdocs\\vel-vue-admin\\vel-riders-backend\\vendor\\laravel\\framework\\src\\Illuminate\\Routing\\Controller.php(54): App\\Http\\Controllers\\AdminApis\\V1\\CustomerDataController->getCustomers()
#13 C:\\Apache24\\htdocs\\vel-vue-admin\\vel-riders-backend\\vendor\\laravel\\framework\\src\\Illuminate\\Routing\\ControllerDispatcher.php(43): Illuminate\\Routing\\Controller->callAction()
#14 C:\\Apache24\\htdocs\\vel-vue-admin\\vel-riders-backend\\vendor\\laravel\\framework\\src\\Illuminate\\Routing\\Route.php(259): Illuminate\\Routing\\ControllerDispatcher->dispatch()
#15 C:\\Apache24\\htdocs\\vel-vue-admin\\vel-riders-backend\\vendor\\laravel\\framework\\src\\Illuminate\\Routing\\Route.php(205): Illuminate\\Routing\\Route->runController()
#16 C:\\Apache24\\htdocs\\vel-vue-admin\\vel-riders-backend\\vendor\\laravel\\framework\\src\\Illuminate\\Routing\\Router.php(806): Illuminate\\Routing\\Route->run()
#17 C:\\Apache24\\htdocs\\vel-vue-admin\\vel-riders-backend\\vendor\\laravel\\framework\\src\\Illuminate\\Pipeline\\Pipeline.php(144): Illuminate\\Routing\\Router->{closure:Illuminate\\Routing\\Router::runRouteWithinStack():805}()
#18 C:\\Apache24\\htdocs\\vel-vue-admin\\vel-riders-backend\\vendor\\laravel\\framework\\src\\Illuminate\\Routing\\Middleware\\SubstituteBindings.php(50): Illuminate\\Pipeline\\Pipeline->{closure:Illuminate\\Pipeline\\Pipeline::prepareDestination():142}()
#19 C:\\Apache24\\htdocs\\vel-vue-admin\\vel-riders-backend\\vendor\\laravel\\framework\\src\\Illuminate\\Pipeline\\Pipeline.php(183): Illuminate\\Routing\\Middleware\\SubstituteBindings->handle()
#20 C:\\Apache24\\htdocs\\vel-vue-admin\\vel-riders-backend\\vendor\\laravel\\framework\\src\\Illuminate\\Routing\\Middleware\\ThrottleRequests.php(159): Illuminate\\Pipeline\\Pipeline->{closure:{closure:Illuminate\\Pipeline\\Pipeline::carry():158}:159}()
#21 C:\\Apache24\\htdocs\\vel-vue-admin\\vel-riders-backend\\vendor\\laravel\\framework\\src\\Illuminate\\Routing\\Middleware\\ThrottleRequests.php(90): Illuminate\\Routing\\Middleware\\ThrottleRequests->handleRequest()
#22 C:\\Apache24\\htdocs\\vel-vue-admin\\vel-riders-backend\\vendor\\laravel\\framework\\src\\Illuminate\\Pipeline\\Pipeline.php(183): Illuminate\\Routing\\Middleware\\ThrottleRequests->handle()
#23 C:\\Apache24\\htdocs\\vel-vue-admin\\vel-riders-backend\\vendor\\laravel\\framework\\src\\Illuminate\\Auth\\Middleware\\Authenticate.php(57): Illuminate\\Pipeline\\Pipeline->{closure:{closure:Illuminate\\Pipeline\\Pipeline::carry():158}:159}()
#24 C:\\Apache24\\htdocs\\vel-vue-admin\\vel-riders-backend\\vendor\\laravel\\framework\\src\\Illuminate\\Pipeline\\Pipeline.php(183): Illuminate\\Auth\\Middleware\\Authenticate->handle()
#25 C:\\Apache24\\htdocs\\vel-vue-admin\\vel-riders-backend\\vendor\\laravel\\framework\\src\\Illuminate\\Session\\Middleware\\StartSession.php(121): Illuminate\\Pipeline\\Pipeline->{closure:{closure:Illuminate\\Pipeline\\Pipeline::carry():158}:159}()
#26 C:\\Apache24\\htdocs\\vel-vue-admin\\vel-riders-backend\\vendor\\laravel\\framework\\src\\Illuminate\\Session\\Middleware\\StartSession.php(64): Illuminate\\Session\\Middleware\\StartSession->handleStatefulRequest()
#27 C:\\Apache24\\htdocs\\vel-vue-admin\\vel-riders-backend\\vendor\\laravel\\framework\\src\\Illuminate\\Pipeline\\Pipeline.php(183): Illuminate\\Session\\Middleware\\StartSession->handle()
#28 C:\\Apache24\\htdocs\\vel-vue-admin\\vel-riders-backend\\vendor\\laravel\\framework\\src\\Illuminate\\Pipeline\\Pipeline.php(119): Illuminate\\Pipeline\\Pipeline->{closure:{closure:Illuminate\\Pipeline\\Pipeline::carry():158}:159}()
#29 C:\\Apache24\\htdocs\\vel-vue-admin\\vel-riders-backend\\vendor\\laravel\\framework\\src\\Illuminate\\Routing\\Router.php(805): Illuminate\\Pipeline\\Pipeline->then()
#30 C:\\Apache24\\htdocs\\vel-vue-admin\\vel-riders-backend\\vendor\\laravel\\framework\\src\\Illuminate\\Routing\\Router.php(784): Illuminate\\Routing\\Router->runRouteWithinStack()
#31 C:\\Apache24\\htdocs\\vel-vue-admin\\vel-riders-backend\\vendor\\laravel\\framework\\src\\Illuminate\\Routing\\Router.php(748): Illuminate\\Routing\\Router->runRoute()
#32 C:\\Apache24\\htdocs\\vel-vue-admin\\vel-riders-backend\\vendor\\laravel\\framework\\src\\Illuminate\\Routing\\Router.php(737): Illuminate\\Routing\\Router->dispatchToRoute()
#33 C:\\Apache24\\htdocs\\vel-vue-admin\\vel-riders-backend\\vendor\\laravel\\framework\\src\\Illuminate\\Foundation\\Http\\Kernel.php(200): Illuminate\\Routing\\Router->dispatch()
#34 C:\\Apache24\\htdocs\\vel-vue-admin\\vel-riders-backend\\vendor\\laravel\\framework\\src\\Illuminate\\Pipeline\\Pipeline.php(144): Illuminate\\Foundation\\Http\\Kernel->{closure:Illuminate\\Foundation\\Http\\Kernel::dispatchToRouter():197}()
#35 C:\\Apache24\\htdocs\\vel-vue-admin\\vel-riders-backend\\vendor\\laravel\\framework\\src\\Illuminate\\Foundation\\Http\\Middleware\\TransformsRequest.php(21): Illuminate\\Pipeline\\Pipeline->{closure:Illuminate\\Pipeline\\Pipeline::prepareDestination():142}()
#36 C:\\Apache24\\htdocs\\vel-vue-admin\\vel-riders-backend\\vendor\\laravel\\framework\\src\\Illuminate\\Foundation\\Http\\Middleware\\ConvertEmptyStringsToNull.php(31): Illuminate\\Foundation\\Http\\Middleware\\TransformsRequest->handle()
#37 C:\\Apache24\\htdocs\\vel-vue-admin\\vel-riders-backend\\vendor\\laravel\\framework\\src\\Illuminate\\Pipeline\\Pipeline.php(183): Illuminate\\Foundation\\Http\\Middleware\\ConvertEmptyStringsToNull->handle()
#38 C:\\Apache24\\htdocs\\vel-vue-admin\\vel-riders-backend\\vendor\\laravel\\framework\\src\\Illuminate\\Foundation\\Http\\Middleware\\TransformsRequest.php(21): Illuminate\\Pipeline\\Pipeline->{closure:{closure:Illuminate\\Pipeline\\Pipeline::carry():158}:159}()
#39 C:\\Apache24\\htdocs\\vel-vue-admin\\vel-riders-backend\\vendor\\laravel\\framework\\src\\Illuminate\\Foundation\\Http\\Middleware\\TrimStrings.php(40): Illuminate\\Foundation\\Http\\Middleware\\TransformsRequest->handle()
#40 C:\\Apache24\\htdocs\\vel-vue-admin\\vel-riders-backend\\vendor\\laravel\\framework\\src\\Illuminate\\Pipeline\\Pipeline.php(183): Illuminate\\Foundation\\Http\\Middleware\\TrimStrings->handle()
#41 C:\\Apache24\\htdocs\\vel-vue-admin\\vel-riders-backend\\vendor\\laravel\\framework\\src\\Illuminate\\Foundation\\Http\\Middleware\\ValidatePostSize.php(27): Illuminate\\Pipeline\\Pipeline->{closure:{closure:Illuminate\\Pipeline\\Pipeline::carry():158}:159}()
#42 C:\\Apache24\\htdocs\\vel-vue-admin\\vel-riders-backend\\vendor\\laravel\\framework\\src\\Illuminate\\Pipeline\\Pipeline.php(183): Illuminate\\Foundation\\Http\\Middleware\\ValidatePostSize->handle()
#43 C:\\Apache24\\htdocs\\vel-vue-admin\\vel-riders-backend\\vendor\\laravel\\framework\\src\\Illuminate\\Foundation\\Http\\Middleware\\PreventRequestsDuringMaintenance.php(99): Illuminate\\Pipeline\\Pipeline->{closure:{closure:Illuminate\\Pipeline\\Pipeline::carry():158}:159}()
#44 C:\\Apache24\\htdocs\\vel-vue-admin\\vel-riders-backend\\vendor\\laravel\\framework\\src\\Illuminate\\Pipeline\\Pipeline.php(183): Illuminate\\Foundation\\Http\\Middleware\\PreventRequestsDuringMaintenance->handle()
#45 C:\\Apache24\\htdocs\\vel-vue-admin\\vel-riders-backend\\vendor\\laravel\\framework\\src\\Illuminate\\Http\\Middleware\\HandleCors.php(62): Illuminate\\Pipeline\\Pipeline->{closure:{closure:Illuminate\\Pipeline\\Pipeline::carry():158}:159}()
#46 C:\\Apache24\\htdocs\\vel-vue-admin\\vel-riders-backend\\vendor\\laravel\\framework\\src\\Illuminate\\Pipeline\\Pipeline.php(183): Illuminate\\Http\\Middleware\\HandleCors->handle()
#47 C:\\Apache24\\htdocs\\vel-vue-admin\\vel-riders-backend\\vendor\\laravel\\framework\\src\\Illuminate\\Http\\Middleware\\TrustProxies.php(39): Illuminate\\Pipeline\\Pipeline->{closure:{closure:Illuminate\\Pipeline\\Pipeline::carry():158}:159}()
#48 C:\\Apache24\\htdocs\\vel-vue-admin\\vel-riders-backend\\vendor\\laravel\\framework\\src\\Illuminate\\Pipeline\\Pipeline.php(183): Illuminate\\Http\\Middleware\\TrustProxies->handle()
#49 C:\\Apache24\\htdocs\\vel-vue-admin\\vel-riders-backend\\vendor\\laravel\\framework\\src\\Illuminate\\Pipeline\\Pipeline.php(119): Illuminate\\Pipeline\\Pipeline->{closure:{closure:Illuminate\\Pipeline\\Pipeline::carry():158}:159}()
#50 C:\\Apache24\\htdocs\\vel-vue-admin\\vel-riders-backend\\vendor\\laravel\\framework\\src\\Illuminate\\Foundation\\Http\\Kernel.php(175): Illuminate\\Pipeline\\Pipeline->then()
#51 C:\\Apache24\\htdocs\\vel-vue-admin\\vel-riders-backend\\vendor\\laravel\\framework\\src\\Illuminate\\Foundation\\Http\\Kernel.php(144): Illuminate\\Foundation\\Http\\Kernel->sendRequestThroughRouter()
#52 C:\\Apache24\\htdocs\\vel-vue-admin\\vel-riders-backend\\public\\index.php(51): Illuminate\\Foundation\\Http\\Kernel->handle()
#53 C:\\Apache24\\htdocs\\vel-vue-admin\\vel-riders-backend\\vendor\\laravel\\framework\\src\\Illuminate\\Foundation\\resources\\server.php(16): require_once('...')
#54 {main}
"} 
[2026-05-22 18:59:01] local.ERROR: SQLSTATE[42S01]: Base table or view already exists: 1050 Table 'payment_report_history' already exists (Connection: mysql, SQL: create table `payment_report_history` (`id` bigint unsigned not null auto_increment primary key, `booking_id` bigint unsigned not null, `session_id` varchar(255) not null, `export_data` json not null comment 'JSON containing: amount, account_no, ifsc_code', `is_completed` tinyint(1) not null default '0' comment 'True when is_completed=true in API call', `created_at` timestamp null, `updated_at` timestamp null) default character set utf8mb4 collate 'utf8mb4_unicode_ci') {"exception":"[object] (Illuminate\\Database\\QueryException(code: 42S01): SQLSTATE[42S01]: Base table or view already exists: 1050 Table 'payment_report_history' already exists (Connection: mysql, SQL: create table `payment_report_history` (`id` bigint unsigned not null auto_increment primary key, `booking_id` bigint unsigned not null, `session_id` varchar(255) not null, `export_data` json not null comment 'JSON containing: amount, account_no, ifsc_code', `is_completed` tinyint(1) not null default '0' comment 'True when is_completed=true in API call', `created_at` timestamp null, `updated_at` timestamp null) default character set utf8mb4 collate 'utf8mb4_unicode_ci') at C:\\Apache24\\htdocs\\vel-vue-admin\\vel-riders-backend\\vendor\\laravel\\framework\\src\\Illuminate\\Database\\Connection.php:829)
[stacktrace]
#0 C:\\Apache24\\htdocs\\vel-vue-admin\\vel-riders-backend\\vendor\\laravel\\framework\\src\\Illuminate\\Database\\Connection.php(783): Illuminate\\Database\\Connection->runQueryCallback()
#1 C:\\Apache24\\htdocs\\vel-vue-admin\\vel-riders-backend\\vendor\\laravel\\framework\\src\\Illuminate\\Database\\Connection.php(576): Illuminate\\Database\\Connection->run()
#2 C:\\Apache24\\htdocs\\vel-vue-admin\\vel-riders-backend\\vendor\\laravel\\framework\\src\\Illuminate\\Database\\Schema\\Blueprint.php(110): Illuminate\\Database\\Connection->statement()
#3 C:\\Apache24\\htdocs\\vel-vue-admin\\vel-riders-backend\\vendor\\laravel\\framework\\src\\Illuminate\\Database\\Schema\\Builder.php(602): Illuminate\\Database\\Schema\\Blueprint->build()
#4 C:\\Apache24\\htdocs\\vel-vue-admin\\vel-riders-backend\\vendor\\laravel\\framework\\src\\Illuminate\\Database\\Schema\\Builder.php(456): Illuminate\\Database\\Schema\\Builder->build()
#5 C:\\Apache24\\htdocs\\vel-vue-admin\\vel-riders-backend\\vendor\\laravel\\framework\\src\\Illuminate\\Support\\Facades\\Facade.php(355): Illuminate\\Database\\Schema\\Builder->create()
#6 C:\\Apache24\\htdocs\\vel-vue-admin\\vel-riders-backend\\database\\migrations\\2025_12_04_172224_create_payment_report_history_table.php(14): Illuminate\\Support\\Facades\\Facade::__callStatic()
#7 C:\\Apache24\\htdocs\\vel-vue-admin\\vel-riders-backend\\vendor\\laravel\\framework\\src\\Illuminate\\Database\\Migrations\\Migrator.php(493): Illuminate\\Database\\Migrations\\Migration@anonymous->up()
#8 C:\\Apache24\\htdocs\\vel-vue-admin\\vel-riders-backend\\vendor\\laravel\\framework\\src\\Illuminate\\Database\\Migrations\\Migrator.php(410): Illuminate\\Database\\Migrations\\Migrator->runMethod()
#9 C:\\Apache24\\htdocs\\vel-vue-admin\\vel-riders-backend\\vendor\\laravel\\framework\\src\\Illuminate\\Database\\Migrations\\Migrator.php(419): Illuminate\\Database\\Migrations\\Migrator->{closure:Illuminate\\Database\\Migrations\\Migrator::runMigration():406}()
#10 C:\\Apache24\\htdocs\\vel-vue-admin\\vel-riders-backend\\vendor\\laravel\\framework\\src\\Illuminate\\Database\\Migrations\\Migrator.php(216): Illuminate\\Database\\Migrations\\Migrator->runMigration()
#11 C:\\Apache24\\htdocs\\vel-vue-admin\\vel-riders-backend\\vendor\\laravel\\framework\\src\\Illuminate\\Console\\View\\Components\\Task.php(37): Illuminate\\Database\\Migrations\\Migrator->{closure:Illuminate\\Database\\Migrations\\Migrator::runUp():216}()
#12 C:\\Apache24\\htdocs\\vel-vue-admin\\vel-riders-backend\\vendor\\laravel\\framework\\src\\Illuminate\\Database\\Migrations\\Migrator.php(756): Illuminate\\Console\\View\\Components\\Task->render()
#13 C:\\Apache24\\htdocs\\vel-vue-admin\\vel-riders-backend\\vendor\\laravel\\framework\\src\\Illuminate\\Database\\Migrations\\Migrator.php(216): Illuminate\\Database\\Migrations\\Migrator->write()
#14 C:\\Apache24\\htdocs\\vel-vue-admin\\vel-riders-backend\\vendor\\laravel\\framework\\src\\Illuminate\\Database\\Migrations\\Migrator.php(181): Illuminate\\Database\\Migrations\\Migrator->runUp()
#15 C:\\Apache24\\htdocs\\vel-vue-admin\\vel-riders-backend\\vendor\\laravel\\framework\\src\\Illuminate\\Database\\Migrations\\Migrator.php(124): Illuminate\\Database\\Migrations\\Migrator->runPending()
#16 C:\\Apache24\\htdocs\\vel-vue-admin\\vel-riders-backend\\vendor\\laravel\\framework\\src\\Illuminate\\Database\\Console\\Migrations\\MigrateCommand.php(90): Illuminate\\Database\\Migrations\\Migrator->run()
#17 C:\\Apache24\\htdocs\\vel-vue-admin\\vel-riders-backend\\vendor\\laravel\\framework\\src\\Illuminate\\Database\\Migrations\\Migrator.php(633): Illuminate\\Database\\Console\\Migrations\\MigrateCommand->{closure:Illuminate\\Database\\Console\\Migrations\\MigrateCommand::handle():83}()
#18 C:\\Apache24\\htdocs\\vel-vue-admin\\vel-riders-backend\\vendor\\laravel\\framework\\src\\Illuminate\\Database\\Console\\Migrations\\MigrateCommand.php(83): Illuminate\\Database\\Migrations\\Migrator->usingConnection()
#19 C:\\Apache24\\htdocs\\vel-vue-admin\\vel-riders-backend\\vendor\\laravel\\framework\\src\\Illuminate\\Container\\BoundMethod.php(36): Illuminate\\Database\\Console\\Migrations\\MigrateCommand->handle()
#20 C:\\Apache24\\htdocs\\vel-vue-admin\\vel-riders-backend\\vendor\\laravel\\framework\\src\\Illuminate\\Container\\Util.php(41): Illuminate\\Container\\BoundMethod::{closure:Illuminate\\Container\\BoundMethod::call():35}()
#21 C:\\Apache24\\htdocs\\vel-vue-admin\\vel-riders-backend\\vendor\\laravel\\framework\\src\\Illuminate\\Container\\BoundMethod.php(93): Illuminate\\Container\\Util::unwrapIfClosure()
#22 C:\\Apache24\\htdocs\\vel-vue-admin\\vel-riders-backend\\vendor\\laravel\\framework\\src\\Illuminate\\Container\\BoundMethod.php(35): Illuminate\\Container\\BoundMethod::callBoundMethod()
#23 C:\\Apache24\\htdocs\\vel-vue-admin\\vel-riders-backend\\vendor\\laravel\\framework\\src\\Illuminate\\Container\\Container.php(662): Illuminate\\Container\\BoundMethod::call()
#24 C:\\Apache24\\htdocs\\vel-vue-admin\\vel-riders-backend\\vendor\\laravel\\framework\\src\\Illuminate\\Console\\Command.php(211): Illuminate\\Container\\Container->call()
#25 C:\\Apache24\\htdocs\\vel-vue-admin\\vel-riders-backend\\vendor\\symfony\\console\\Command\\Command.php(326): Illuminate\\Console\\Command->execute()
#26 C:\\Apache24\\htdocs\\vel-vue-admin\\vel-riders-backend\\vendor\\laravel\\framework\\src\\Illuminate\\Console\\Command.php(180): Symfony\\Component\\Console\\Command\\Command->run()
#27 C:\\Apache24\\htdocs\\vel-vue-admin\\vel-riders-backend\\vendor\\symfony\\console\\Application.php(1096): Illuminate\\Console\\Command->run()
#28 C:\\Apache24\\htdocs\\vel-vue-admin\\vel-riders-backend\\vendor\\symfony\\console\\Application.php(324): Symfony\\Component\\Console\\Application->doRunCommand()
#29 C:\\Apache24\\htdocs\\vel-vue-admin\\vel-riders-backend\\vendor\\symfony\\console\\Application.php(175): Symfony\\Component\\Console\\Application->doRun()
#30 C:\\Apache24\\htdocs\\vel-vue-admin\\vel-riders-backend\\vendor\\laravel\\framework\\src\\Illuminate\\Foundation\\Console\\Kernel.php(201): Symfony\\Component\\Console\\Application->run()
#31 C:\\Apache24\\htdocs\\vel-vue-admin\\vel-riders-backend\\artisan(35): Illuminate\\Foundation\\Console\\Kernel->handle()
#32 {main}

[previous exception] [object] (PDOException(code: 42S01): SQLSTATE[42S01]: Base table or view already exists: 1050 Table 'payment_report_history' already exists at C:\\Apache24\\htdocs\\vel-vue-admin\\vel-riders-backend\\vendor\\laravel\\framework\\src\\Illuminate\\Database\\Connection.php:587)
[stacktrace]
#0 C:\\Apache24\\htdocs\\vel-vue-admin\\vel-riders-backend\\vendor\\laravel\\framework\\src\\Illuminate\\Database\\Connection.php(587): PDOStatement->execute()
#1 C:\\Apache24\\htdocs\\vel-vue-admin\\vel-riders-backend\\vendor\\laravel\\framework\\src\\Illuminate\\Database\\Connection.php(816): Illuminate\\Database\\Connection->{closure:Illuminate\\Database\\Connection::statement():576}()
#2 C:\\Apache24\\htdocs\\vel-vue-admin\\vel-riders-backend\\vendor\\laravel\\framework\\src\\Illuminate\\Database\\Connection.php(783): Illuminate\\Database\\Connection->runQueryCallback()
#3 C:\\Apache24\\htdocs\\vel-vue-admin\\vel-riders-backend\\vendor\\laravel\\framework\\src\\Illuminate\\Database\\Connection.php(576): Illuminate\\Database\\Connection->run()
#4 C:\\Apache24\\htdocs\\vel-vue-admin\\vel-riders-backend\\vendor\\laravel\\framework\\src\\Illuminate\\Database\\Schema\\Blueprint.php(110): Illuminate\\Database\\Connection->statement()
#5 C:\\Apache24\\htdocs\\vel-vue-admin\\vel-riders-backend\\vendor\\laravel\\framework\\src\\Illuminate\\Database\\Schema\\Builder.php(602): Illuminate\\Database\\Schema\\Blueprint->build()
#6 C:\\Apache24\\htdocs\\vel-vue-admin\\vel-riders-backend\\vendor\\laravel\\framework\\src\\Illuminate\\Database\\Schema\\Builder.php(456): Illuminate\\Database\\Schema\\Builder->build()
#7 C:\\Apache24\\htdocs\\vel-vue-admin\\vel-riders-backend\\vendor\\laravel\\framework\\src\\Illuminate\\Support\\Facades\\Facade.php(355): Illuminate\\Database\\Schema\\Builder->create()
#8 C:\\Apache24\\htdocs\\vel-vue-admin\\vel-riders-backend\\database\\migrations\\2025_12_04_172224_create_payment_report_history_table.php(14): Illuminate\\Support\\Facades\\Facade::__callStatic()
#9 C:\\Apache24\\htdocs\\vel-vue-admin\\vel-riders-backend\\vendor\\laravel\\framework\\src\\Illuminate\\Database\\Migrations\\Migrator.php(493): Illuminate\\Database\\Migrations\\Migration@anonymous->up()
#10 C:\\Apache24\\htdocs\\vel-vue-admin\\vel-riders-backend\\vendor\\laravel\\framework\\src\\Illuminate\\Database\\Migrations\\Migrator.php(410): Illuminate\\Database\\Migrations\\Migrator->runMethod()
#11 C:\\Apache24\\htdocs\\vel-vue-admin\\vel-riders-backend\\vendor\\laravel\\framework\\src\\Illuminate\\Database\\Migrations\\Migrator.php(419): Illuminate\\Database\\Migrations\\Migrator->{closure:Illuminate\\Database\\Migrations\\Migrator::runMigration():406}()
#12 C:\\Apache24\\htdocs\\vel-vue-admin\\vel-riders-backend\\vendor\\laravel\\framework\\src\\Illuminate\\Database\\Migrations\\Migrator.php(216): Illuminate\\Database\\Migrations\\Migrator->runMigration()
#13 C:\\Apache24\\htdocs\\vel-vue-admin\\vel-riders-backend\\vendor\\laravel\\framework\\src\\Illuminate\\Console\\View\\Components\\Task.php(37): Illuminate\\Database\\Migrations\\Migrator->{closure:Illuminate\\Database\\Migrations\\Migrator::runUp():216}()
#14 C:\\Apache24\\htdocs\\vel-vue-admin\\vel-riders-backend\\vendor\\laravel\\framework\\src\\Illuminate\\Database\\Migrations\\Migrator.php(756): Illuminate\\Console\\View\\Components\\Task->render()
#15 C:\\Apache24\\htdocs\\vel-vue-admin\\vel-riders-backend\\vendor\\laravel\\framework\\src\\Illuminate\\Database\\Migrations\\Migrator.php(216): Illuminate\\Database\\Migrations\\Migrator->write()
#16 C:\\Apache24\\htdocs\\vel-vue-admin\\vel-riders-backend\\vendor\\laravel\\framework\\src\\Illuminate\\Database\\Migrations\\Migrator.php(181): Illuminate\\Database\\Migrations\\Migrator->runUp()
#17 C:\\Apache24\\htdocs\\vel-vue-admin\\vel-riders-backend\\vendor\\laravel\\framework\\src\\Illuminate\\Database\\Migrations\\Migrator.php(124): Illuminate\\Database\\Migrations\\Migrator->runPending()
#18 C:\\Apache24\\htdocs\\vel-vue-admin\\vel-riders-backend\\vendor\\laravel\\framework\\src\\Illuminate\\Database\\Console\\Migrations\\MigrateCommand.php(90): Illuminate\\Database\\Migrations\\Migrator->run()
#19 C:\\Apache24\\htdocs\\vel-vue-admin\\vel-riders-backend\\vendor\\laravel\\framework\\src\\Illuminate\\Database\\Migrations\\Migrator.php(633): Illuminate\\Database\\Console\\Migrations\\MigrateCommand->{closure:Illuminate\\Database\\Console\\Migrations\\MigrateCommand::handle():83}()
#20 C:\\Apache24\\htdocs\\vel-vue-admin\\vel-riders-backend\\vendor\\laravel\\framework\\src\\Illuminate\\Database\\Console\\Migrations\\MigrateCommand.php(83): Illuminate\\Database\\Migrations\\Migrator->usingConnection()
#21 C:\\Apache24\\htdocs\\vel-vue-admin\\vel-riders-backend\\vendor\\laravel\\framework\\src\\Illuminate\\Container\\BoundMethod.php(36): Illuminate\\Database\\Console\\Migrations\\MigrateCommand->handle()
#22 C:\\Apache24\\htdocs\\vel-vue-admin\\vel-riders-backend\\vendor\\laravel\\framework\\src\\Illuminate\\Container\\Util.php(41): Illuminate\\Container\\BoundMethod::{closure:Illuminate\\Container\\BoundMethod::call():35}()
#23 C:\\Apache24\\htdocs\\vel-vue-admin\\vel-riders-backend\\vendor\\laravel\\framework\\src\\Illuminate\\Container\\BoundMethod.php(93): Illuminate\\Container\\Util::unwrapIfClosure()
#24 C:\\Apache24\\htdocs\\vel-vue-admin\\vel-riders-backend\\vendor\\laravel\\framework\\src\\Illuminate\\Container\\BoundMethod.php(35): Illuminate\\Container\\BoundMethod::callBoundMethod()
#25 C:\\Apache24\\htdocs\\vel-vue-admin\\vel-riders-backend\\vendor\\laravel\\framework\\src\\Illuminate\\Container\\Container.php(662): Illuminate\\Container\\BoundMethod::call()
#26 C:\\Apache24\\htdocs\\vel-vue-admin\\vel-riders-backend\\vendor\\laravel\\framework\\src\\Illuminate\\Console\\Command.php(211): Illuminate\\Container\\Container->call()
#27 C:\\Apache24\\htdocs\\vel-vue-admin\\vel-riders-backend\\vendor\\symfony\\console\\Command\\Command.php(326): Illuminate\\Console\\Command->execute()
#28 C:\\Apache24\\htdocs\\vel-vue-admin\\vel-riders-backend\\vendor\\laravel\\framework\\src\\Illuminate\\Console\\Command.php(180): Symfony\\Component\\Console\\Command\\Command->run()
#29 C:\\Apache24\\htdocs\\vel-vue-admin\\vel-riders-backend\\vendor\\symfony\\console\\Application.php(1096): Illuminate\\Console\\Command->run()
#30 C:\\Apache24\\htdocs\\vel-vue-admin\\vel-riders-backend\\vendor\\symfony\\console\\Application.php(324): Symfony\\Component\\Console\\Application->doRunCommand()
#31 C:\\Apache24\\htdocs\\vel-vue-admin\\vel-riders-backend\\vendor\\symfony\\console\\Application.php(175): Symfony\\Component\\Console\\Application->doRun()
#32 C:\\Apache24\\htdocs\\vel-vue-admin\\vel-riders-backend\\vendor\\laravel\\framework\\src\\Illuminate\\Foundation\\Console\\Kernel.php(201): Symfony\\Component\\Console\\Application->run()
#33 C:\\Apache24\\htdocs\\vel-vue-admin\\vel-riders-backend\\artisan(35): Illuminate\\Foundation\\Console\\Kernel->handle()
#34 {main}
"} 
[2026-05-22 18:59:44] local.ERROR: Command "tinix" is not defined. {"exception":"[object] (Symfony\\Component\\Console\\Exception\\CommandNotFoundException(code: 0): Command \"tinix\" is not defined. at C:\\Apache24\\htdocs\\vel-vue-admin\\vel-riders-backend\\vendor\\symfony\\console\\Application.php:737)
[stacktrace]
#0 C:\\Apache24\\htdocs\\vel-vue-admin\\vel-riders-backend\\vendor\\symfony\\console\\Application.php(266): Symfony\\Component\\Console\\Application->find()
#1 C:\\Apache24\\htdocs\\vel-vue-admin\\vel-riders-backend\\vendor\\symfony\\console\\Application.php(175): Symfony\\Component\\Console\\Application->doRun()
#2 C:\\Apache24\\htdocs\\vel-vue-admin\\vel-riders-backend\\vendor\\laravel\\framework\\src\\Illuminate\\Foundation\\Console\\Kernel.php(201): Symfony\\Component\\Console\\Application->run()
#3 C:\\Apache24\\htdocs\\vel-vue-admin\\vel-riders-backend\\artisan(35): Illuminate\\Foundation\\Console\\Kernel->handle()
#4 {main}
"} 
