[2026-06-18 11:23:54] local.ERROR: SQLSTATE[42S22]: Column not found: 1054 Unknown column 'block_reason' in 'field list' (Connection: mysql, SQL: select `customer_id`, `country_code`, `mobile_number`, `email`, `firstname`, `lastname`, `dob`, `profile_picture_url`, `billing_address`, `shipping_address`, `device_token`, `device_id`, `is_deleted`, `is_blocked`, `block_reason` from `customers` where `is_deleted` = 0 order by `customer_id` desc limit 10 offset 0) {"userId":1,"exception":"[object] (Illuminate\\Database\\QueryException(code: 42S22): SQLSTATE[42S22]: Column not found: 1054 Unknown column 'block_reason' in 'field list' (Connection: mysql, SQL: select `customer_id`, `country_code`, `mobile_number`, `email`, `firstname`, `lastname`, `dob`, `profile_picture_url`, `billing_address`, `shipping_address`, `device_token`, `device_id`, `is_deleted`, `is_blocked`, `block_reason` from `customers` where `is_deleted` = 0 order by `customer_id` desc limit 10 offset 0) at C:\\Apache24\\htdocs\\vel-vue-admin\\vel-riders-backend\\vendor\\laravel\\framework\\src\\Illuminate\\Database\\Connection.php:829)
[stacktrace]
#0 C:\\Apache24\\htdocs\\vel-vue-admin\\vel-riders-backend\\vendor\\laravel\\framework\\src\\Illuminate\\Database\\Connection.php(783): Illuminate\\Database\\Connection->runQueryCallback()
#1 C:\\Apache24\\htdocs\\vel-vue-admin\\vel-riders-backend\\vendor\\laravel\\framework\\src\\Illuminate\\Database\\Connection.php(414): Illuminate\\Database\\Connection->run()
#2 C:\\Apache24\\htdocs\\vel-vue-admin\\vel-riders-backend\\vendor\\laravel\\framework\\src\\Illuminate\\Database\\Query\\Builder.php(2913): Illuminate\\Database\\Connection->select()
#3 C:\\Apache24\\htdocs\\vel-vue-admin\\vel-riders-backend\\vendor\\laravel\\framework\\src\\Illuminate\\Database\\Query\\Builder.php(2902): Illuminate\\Database\\Query\\Builder->runSelect()
#4 C:\\Apache24\\htdocs\\vel-vue-admin\\vel-riders-backend\\vendor\\laravel\\framework\\src\\Illuminate\\Database\\Query\\Builder.php(3456): Illuminate\\Database\\Query\\Builder->{closure:Illuminate\\Database\\Query\\Builder::get():2901}()
#5 C:\\Apache24\\htdocs\\vel-vue-admin\\vel-riders-backend\\vendor\\laravel\\framework\\src\\Illuminate\\Database\\Query\\Builder.php(2901): Illuminate\\Database\\Query\\Builder->onceWithColumns()
#6 C:\\Apache24\\htdocs\\vel-vue-admin\\vel-riders-backend\\vendor\\laravel\\framework\\src\\Illuminate\\Database\\Eloquent\\Builder.php(739): Illuminate\\Database\\Query\\Builder->get()
#7 C:\\Apache24\\htdocs\\vel-vue-admin\\vel-riders-backend\\vendor\\laravel\\framework\\src\\Illuminate\\Database\\Eloquent\\Builder.php(723): Illuminate\\Database\\Eloquent\\Builder->getModels()
#8 C:\\Apache24\\htdocs\\vel-vue-admin\\vel-riders-backend\\vendor\\laravel\\framework\\src\\Illuminate\\Database\\Eloquent\\Builder.php(931): Illuminate\\Database\\Eloquent\\Builder->get()
#9 C:\\Apache24\\htdocs\\vel-vue-admin\\vel-riders-backend\\app\\Http\\Controllers\\AdminApis\\V1\\CustomerDataController.php(105): Illuminate\\Database\\Eloquent\\Builder->paginate()
#10 C:\\Apache24\\htdocs\\vel-vue-admin\\vel-riders-backend\\vendor\\laravel\\framework\\src\\Illuminate\\Routing\\Controller.php(54): App\\Http\\Controllers\\AdminApis\\V1\\CustomerDataController->getCustomers()
#11 C:\\Apache24\\htdocs\\vel-vue-admin\\vel-riders-backend\\vendor\\laravel\\framework\\src\\Illuminate\\Routing\\ControllerDispatcher.php(43): Illuminate\\Routing\\Controller->callAction()
#12 C:\\Apache24\\htdocs\\vel-vue-admin\\vel-riders-backend\\vendor\\laravel\\framework\\src\\Illuminate\\Routing\\Route.php(259): Illuminate\\Routing\\ControllerDispatcher->dispatch()
#13 C:\\Apache24\\htdocs\\vel-vue-admin\\vel-riders-backend\\vendor\\laravel\\framework\\src\\Illuminate\\Routing\\Route.php(205): Illuminate\\Routing\\Route->runController()
#14 C:\\Apache24\\htdocs\\vel-vue-admin\\vel-riders-backend\\vendor\\laravel\\framework\\src\\Illuminate\\Routing\\Router.php(806): Illuminate\\Routing\\Route->run()
#15 C:\\Apache24\\htdocs\\vel-vue-admin\\vel-riders-backend\\vendor\\laravel\\framework\\src\\Illuminate\\Pipeline\\Pipeline.php(144): Illuminate\\Routing\\Router->{closure:Illuminate\\Routing\\Router::runRouteWithinStack():805}()
#16 C:\\Apache24\\htdocs\\vel-vue-admin\\vel-riders-backend\\vendor\\laravel\\framework\\src\\Illuminate\\Routing\\Middleware\\SubstituteBindings.php(50): Illuminate\\Pipeline\\Pipeline->{closure:Illuminate\\Pipeline\\Pipeline::prepareDestination():142}()
#17 C:\\Apache24\\htdocs\\vel-vue-admin\\vel-riders-backend\\vendor\\laravel\\framework\\src\\Illuminate\\Pipeline\\Pipeline.php(183): Illuminate\\Routing\\Middleware\\SubstituteBindings->handle()
#18 C:\\Apache24\\htdocs\\vel-vue-admin\\vel-riders-backend\\vendor\\laravel\\framework\\src\\Illuminate\\Routing\\Middleware\\ThrottleRequests.php(159): Illuminate\\Pipeline\\Pipeline->{closure:{closure:Illuminate\\Pipeline\\Pipeline::carry():158}:159}()
#19 C:\\Apache24\\htdocs\\vel-vue-admin\\vel-riders-backend\\vendor\\laravel\\framework\\src\\Illuminate\\Routing\\Middleware\\ThrottleRequests.php(90): Illuminate\\Routing\\Middleware\\ThrottleRequests->handleRequest()
#20 C:\\Apache24\\htdocs\\vel-vue-admin\\vel-riders-backend\\vendor\\laravel\\framework\\src\\Illuminate\\Pipeline\\Pipeline.php(183): Illuminate\\Routing\\Middleware\\ThrottleRequests->handle()
#21 C:\\Apache24\\htdocs\\vel-vue-admin\\vel-riders-backend\\vendor\\laravel\\framework\\src\\Illuminate\\Auth\\Middleware\\Authenticate.php(57): Illuminate\\Pipeline\\Pipeline->{closure:{closure:Illuminate\\Pipeline\\Pipeline::carry():158}:159}()
#22 C:\\Apache24\\htdocs\\vel-vue-admin\\vel-riders-backend\\vendor\\laravel\\framework\\src\\Illuminate\\Pipeline\\Pipeline.php(183): Illuminate\\Auth\\Middleware\\Authenticate->handle()
#23 C:\\Apache24\\htdocs\\vel-vue-admin\\vel-riders-backend\\vendor\\laravel\\framework\\src\\Illuminate\\Session\\Middleware\\StartSession.php(121): Illuminate\\Pipeline\\Pipeline->{closure:{closure:Illuminate\\Pipeline\\Pipeline::carry():158}:159}()
#24 C:\\Apache24\\htdocs\\vel-vue-admin\\vel-riders-backend\\vendor\\laravel\\framework\\src\\Illuminate\\Session\\Middleware\\StartSession.php(64): Illuminate\\Session\\Middleware\\StartSession->handleStatefulRequest()
#25 C:\\Apache24\\htdocs\\vel-vue-admin\\vel-riders-backend\\vendor\\laravel\\framework\\src\\Illuminate\\Pipeline\\Pipeline.php(183): Illuminate\\Session\\Middleware\\StartSession->handle()
#26 C:\\Apache24\\htdocs\\vel-vue-admin\\vel-riders-backend\\vendor\\laravel\\framework\\src\\Illuminate\\Pipeline\\Pipeline.php(119): Illuminate\\Pipeline\\Pipeline->{closure:{closure:Illuminate\\Pipeline\\Pipeline::carry():158}:159}()
#27 C:\\Apache24\\htdocs\\vel-vue-admin\\vel-riders-backend\\vendor\\laravel\\framework\\src\\Illuminate\\Routing\\Router.php(805): Illuminate\\Pipeline\\Pipeline->then()
#28 C:\\Apache24\\htdocs\\vel-vue-admin\\vel-riders-backend\\vendor\\laravel\\framework\\src\\Illuminate\\Routing\\Router.php(784): Illuminate\\Routing\\Router->runRouteWithinStack()
#29 C:\\Apache24\\htdocs\\vel-vue-admin\\vel-riders-backend\\vendor\\laravel\\framework\\src\\Illuminate\\Routing\\Router.php(748): Illuminate\\Routing\\Router->runRoute()
#30 C:\\Apache24\\htdocs\\vel-vue-admin\\vel-riders-backend\\vendor\\laravel\\framework\\src\\Illuminate\\Routing\\Router.php(737): Illuminate\\Routing\\Router->dispatchToRoute()
#31 C:\\Apache24\\htdocs\\vel-vue-admin\\vel-riders-backend\\vendor\\laravel\\framework\\src\\Illuminate\\Foundation\\Http\\Kernel.php(200): Illuminate\\Routing\\Router->dispatch()
#32 C:\\Apache24\\htdocs\\vel-vue-admin\\vel-riders-backend\\vendor\\laravel\\framework\\src\\Illuminate\\Pipeline\\Pipeline.php(144): Illuminate\\Foundation\\Http\\Kernel->{closure:Illuminate\\Foundation\\Http\\Kernel::dispatchToRouter():197}()
#33 C:\\Apache24\\htdocs\\vel-vue-admin\\vel-riders-backend\\vendor\\laravel\\framework\\src\\Illuminate\\Foundation\\Http\\Middleware\\TransformsRequest.php(21): Illuminate\\Pipeline\\Pipeline->{closure:Illuminate\\Pipeline\\Pipeline::prepareDestination():142}()
#34 C:\\Apache24\\htdocs\\vel-vue-admin\\vel-riders-backend\\vendor\\laravel\\framework\\src\\Illuminate\\Foundation\\Http\\Middleware\\ConvertEmptyStringsToNull.php(31): Illuminate\\Foundation\\Http\\Middleware\\TransformsRequest->handle()
#35 C:\\Apache24\\htdocs\\vel-vue-admin\\vel-riders-backend\\vendor\\laravel\\framework\\src\\Illuminate\\Pipeline\\Pipeline.php(183): Illuminate\\Foundation\\Http\\Middleware\\ConvertEmptyStringsToNull->handle()
#36 C:\\Apache24\\htdocs\\vel-vue-admin\\vel-riders-backend\\vendor\\laravel\\framework\\src\\Illuminate\\Foundation\\Http\\Middleware\\TransformsRequest.php(21): Illuminate\\Pipeline\\Pipeline->{closure:{closure:Illuminate\\Pipeline\\Pipeline::carry():158}:159}()
#37 C:\\Apache24\\htdocs\\vel-vue-admin\\vel-riders-backend\\vendor\\laravel\\framework\\src\\Illuminate\\Foundation\\Http\\Middleware\\TrimStrings.php(40): Illuminate\\Foundation\\Http\\Middleware\\TransformsRequest->handle()
#38 C:\\Apache24\\htdocs\\vel-vue-admin\\vel-riders-backend\\vendor\\laravel\\framework\\src\\Illuminate\\Pipeline\\Pipeline.php(183): Illuminate\\Foundation\\Http\\Middleware\\TrimStrings->handle()
#39 C:\\Apache24\\htdocs\\vel-vue-admin\\vel-riders-backend\\vendor\\laravel\\framework\\src\\Illuminate\\Foundation\\Http\\Middleware\\ValidatePostSize.php(27): Illuminate\\Pipeline\\Pipeline->{closure:{closure:Illuminate\\Pipeline\\Pipeline::carry():158}:159}()
#40 C:\\Apache24\\htdocs\\vel-vue-admin\\vel-riders-backend\\vendor\\laravel\\framework\\src\\Illuminate\\Pipeline\\Pipeline.php(183): Illuminate\\Foundation\\Http\\Middleware\\ValidatePostSize->handle()
#41 C:\\Apache24\\htdocs\\vel-vue-admin\\vel-riders-backend\\vendor\\laravel\\framework\\src\\Illuminate\\Foundation\\Http\\Middleware\\PreventRequestsDuringMaintenance.php(99): Illuminate\\Pipeline\\Pipeline->{closure:{closure:Illuminate\\Pipeline\\Pipeline::carry():158}:159}()
#42 C:\\Apache24\\htdocs\\vel-vue-admin\\vel-riders-backend\\vendor\\laravel\\framework\\src\\Illuminate\\Pipeline\\Pipeline.php(183): Illuminate\\Foundation\\Http\\Middleware\\PreventRequestsDuringMaintenance->handle()
#43 C:\\Apache24\\htdocs\\vel-vue-admin\\vel-riders-backend\\vendor\\laravel\\framework\\src\\Illuminate\\Http\\Middleware\\HandleCors.php(62): Illuminate\\Pipeline\\Pipeline->{closure:{closure:Illuminate\\Pipeline\\Pipeline::carry():158}:159}()
#44 C:\\Apache24\\htdocs\\vel-vue-admin\\vel-riders-backend\\vendor\\laravel\\framework\\src\\Illuminate\\Pipeline\\Pipeline.php(183): Illuminate\\Http\\Middleware\\HandleCors->handle()
#45 C:\\Apache24\\htdocs\\vel-vue-admin\\vel-riders-backend\\vendor\\laravel\\framework\\src\\Illuminate\\Http\\Middleware\\TrustProxies.php(39): Illuminate\\Pipeline\\Pipeline->{closure:{closure:Illuminate\\Pipeline\\Pipeline::carry():158}:159}()
#46 C:\\Apache24\\htdocs\\vel-vue-admin\\vel-riders-backend\\vendor\\laravel\\framework\\src\\Illuminate\\Pipeline\\Pipeline.php(183): Illuminate\\Http\\Middleware\\TrustProxies->handle()
#47 C:\\Apache24\\htdocs\\vel-vue-admin\\vel-riders-backend\\vendor\\laravel\\framework\\src\\Illuminate\\Pipeline\\Pipeline.php(119): Illuminate\\Pipeline\\Pipeline->{closure:{closure:Illuminate\\Pipeline\\Pipeline::carry():158}:159}()
#48 C:\\Apache24\\htdocs\\vel-vue-admin\\vel-riders-backend\\vendor\\laravel\\framework\\src\\Illuminate\\Foundation\\Http\\Kernel.php(175): Illuminate\\Pipeline\\Pipeline->then()
#49 C:\\Apache24\\htdocs\\vel-vue-admin\\vel-riders-backend\\vendor\\laravel\\framework\\src\\Illuminate\\Foundation\\Http\\Kernel.php(144): Illuminate\\Foundation\\Http\\Kernel->sendRequestThroughRouter()
#50 C:\\Apache24\\htdocs\\vel-vue-admin\\vel-riders-backend\\public\\index.php(51): Illuminate\\Foundation\\Http\\Kernel->handle()
#51 C:\\Apache24\\htdocs\\vel-vue-admin\\vel-riders-backend\\vendor\\laravel\\framework\\src\\Illuminate\\Foundation\\resources\\server.php(16): require_once('...')
#52 {main}

[previous exception] [object] (PDOException(code: 42S22): SQLSTATE[42S22]: Column not found: 1054 Unknown column 'block_reason' in 'field list' at C:\\Apache24\\htdocs\\vel-vue-admin\\vel-riders-backend\\vendor\\laravel\\framework\\src\\Illuminate\\Database\\Connection.php:423)
[stacktrace]
#0 C:\\Apache24\\htdocs\\vel-vue-admin\\vel-riders-backend\\vendor\\laravel\\framework\\src\\Illuminate\\Database\\Connection.php(423): PDO->prepare()
#1 C:\\Apache24\\htdocs\\vel-vue-admin\\vel-riders-backend\\vendor\\laravel\\framework\\src\\Illuminate\\Database\\Connection.php(816): Illuminate\\Database\\Connection->{closure:Illuminate\\Database\\Connection::select():414}()
#2 C:\\Apache24\\htdocs\\vel-vue-admin\\vel-riders-backend\\vendor\\laravel\\framework\\src\\Illuminate\\Database\\Connection.php(783): Illuminate\\Database\\Connection->runQueryCallback()
#3 C:\\Apache24\\htdocs\\vel-vue-admin\\vel-riders-backend\\vendor\\laravel\\framework\\src\\Illuminate\\Database\\Connection.php(414): Illuminate\\Database\\Connection->run()
#4 C:\\Apache24\\htdocs\\vel-vue-admin\\vel-riders-backend\\vendor\\laravel\\framework\\src\\Illuminate\\Database\\Query\\Builder.php(2913): Illuminate\\Database\\Connection->select()
#5 C:\\Apache24\\htdocs\\vel-vue-admin\\vel-riders-backend\\vendor\\laravel\\framework\\src\\Illuminate\\Database\\Query\\Builder.php(2902): Illuminate\\Database\\Query\\Builder->runSelect()
#6 C:\\Apache24\\htdocs\\vel-vue-admin\\vel-riders-backend\\vendor\\laravel\\framework\\src\\Illuminate\\Database\\Query\\Builder.php(3456): Illuminate\\Database\\Query\\Builder->{closure:Illuminate\\Database\\Query\\Builder::get():2901}()
#7 C:\\Apache24\\htdocs\\vel-vue-admin\\vel-riders-backend\\vendor\\laravel\\framework\\src\\Illuminate\\Database\\Query\\Builder.php(2901): Illuminate\\Database\\Query\\Builder->onceWithColumns()
#8 C:\\Apache24\\htdocs\\vel-vue-admin\\vel-riders-backend\\vendor\\laravel\\framework\\src\\Illuminate\\Database\\Eloquent\\Builder.php(739): Illuminate\\Database\\Query\\Builder->get()
#9 C:\\Apache24\\htdocs\\vel-vue-admin\\vel-riders-backend\\vendor\\laravel\\framework\\src\\Illuminate\\Database\\Eloquent\\Builder.php(723): Illuminate\\Database\\Eloquent\\Builder->getModels()
#10 C:\\Apache24\\htdocs\\vel-vue-admin\\vel-riders-backend\\vendor\\laravel\\framework\\src\\Illuminate\\Database\\Eloquent\\Builder.php(931): Illuminate\\Database\\Eloquent\\Builder->get()
#11 C:\\Apache24\\htdocs\\vel-vue-admin\\vel-riders-backend\\app\\Http\\Controllers\\AdminApis\\V1\\CustomerDataController.php(105): Illuminate\\Database\\Eloquent\\Builder->paginate()
#12 C:\\Apache24\\htdocs\\vel-vue-admin\\vel-riders-backend\\vendor\\laravel\\framework\\src\\Illuminate\\Routing\\Controller.php(54): App\\Http\\Controllers\\AdminApis\\V1\\CustomerDataController->getCustomers()
#13 C:\\Apache24\\htdocs\\vel-vue-admin\\vel-riders-backend\\vendor\\laravel\\framework\\src\\Illuminate\\Routing\\ControllerDispatcher.php(43): Illuminate\\Routing\\Controller->callAction()
#14 C:\\Apache24\\htdocs\\vel-vue-admin\\vel-riders-backend\\vendor\\laravel\\framework\\src\\Illuminate\\Routing\\Route.php(259): Illuminate\\Routing\\ControllerDispatcher->dispatch()
#15 C:\\Apache24\\htdocs\\vel-vue-admin\\vel-riders-backend\\vendor\\laravel\\framework\\src\\Illuminate\\Routing\\Route.php(205): Illuminate\\Routing\\Route->runController()
#16 C:\\Apache24\\htdocs\\vel-vue-admin\\vel-riders-backend\\vendor\\laravel\\framework\\src\\Illuminate\\Routing\\Router.php(806): Illuminate\\Routing\\Route->run()
#17 C:\\Apache24\\htdocs\\vel-vue-admin\\vel-riders-backend\\vendor\\laravel\\framework\\src\\Illuminate\\Pipeline\\Pipeline.php(144): Illuminate\\Routing\\Router->{closure:Illuminate\\Routing\\Router::runRouteWithinStack():805}()
#18 C:\\Apache24\\htdocs\\vel-vue-admin\\vel-riders-backend\\vendor\\laravel\\framework\\src\\Illuminate\\Routing\\Middleware\\SubstituteBindings.php(50): Illuminate\\Pipeline\\Pipeline->{closure:Illuminate\\Pipeline\\Pipeline::prepareDestination():142}()
#19 C:\\Apache24\\htdocs\\vel-vue-admin\\vel-riders-backend\\vendor\\laravel\\framework\\src\\Illuminate\\Pipeline\\Pipeline.php(183): Illuminate\\Routing\\Middleware\\SubstituteBindings->handle()
#20 C:\\Apache24\\htdocs\\vel-vue-admin\\vel-riders-backend\\vendor\\laravel\\framework\\src\\Illuminate\\Routing\\Middleware\\ThrottleRequests.php(159): Illuminate\\Pipeline\\Pipeline->{closure:{closure:Illuminate\\Pipeline\\Pipeline::carry():158}:159}()
#21 C:\\Apache24\\htdocs\\vel-vue-admin\\vel-riders-backend\\vendor\\laravel\\framework\\src\\Illuminate\\Routing\\Middleware\\ThrottleRequests.php(90): Illuminate\\Routing\\Middleware\\ThrottleRequests->handleRequest()
#22 C:\\Apache24\\htdocs\\vel-vue-admin\\vel-riders-backend\\vendor\\laravel\\framework\\src\\Illuminate\\Pipeline\\Pipeline.php(183): Illuminate\\Routing\\Middleware\\ThrottleRequests->handle()
#23 C:\\Apache24\\htdocs\\vel-vue-admin\\vel-riders-backend\\vendor\\laravel\\framework\\src\\Illuminate\\Auth\\Middleware\\Authenticate.php(57): Illuminate\\Pipeline\\Pipeline->{closure:{closure:Illuminate\\Pipeline\\Pipeline::carry():158}:159}()
#24 C:\\Apache24\\htdocs\\vel-vue-admin\\vel-riders-backend\\vendor\\laravel\\framework\\src\\Illuminate\\Pipeline\\Pipeline.php(183): Illuminate\\Auth\\Middleware\\Authenticate->handle()
#25 C:\\Apache24\\htdocs\\vel-vue-admin\\vel-riders-backend\\vendor\\laravel\\framework\\src\\Illuminate\\Session\\Middleware\\StartSession.php(121): Illuminate\\Pipeline\\Pipeline->{closure:{closure:Illuminate\\Pipeline\\Pipeline::carry():158}:159}()
#26 C:\\Apache24\\htdocs\\vel-vue-admin\\vel-riders-backend\\vendor\\laravel\\framework\\src\\Illuminate\\Session\\Middleware\\StartSession.php(64): Illuminate\\Session\\Middleware\\StartSession->handleStatefulRequest()
#27 C:\\Apache24\\htdocs\\vel-vue-admin\\vel-riders-backend\\vendor\\laravel\\framework\\src\\Illuminate\\Pipeline\\Pipeline.php(183): Illuminate\\Session\\Middleware\\StartSession->handle()
#28 C:\\Apache24\\htdocs\\vel-vue-admin\\vel-riders-backend\\vendor\\laravel\\framework\\src\\Illuminate\\Pipeline\\Pipeline.php(119): Illuminate\\Pipeline\\Pipeline->{closure:{closure:Illuminate\\Pipeline\\Pipeline::carry():158}:159}()
#29 C:\\Apache24\\htdocs\\vel-vue-admin\\vel-riders-backend\\vendor\\laravel\\framework\\src\\Illuminate\\Routing\\Router.php(805): Illuminate\\Pipeline\\Pipeline->then()
#30 C:\\Apache24\\htdocs\\vel-vue-admin\\vel-riders-backend\\vendor\\laravel\\framework\\src\\Illuminate\\Routing\\Router.php(784): Illuminate\\Routing\\Router->runRouteWithinStack()
#31 C:\\Apache24\\htdocs\\vel-vue-admin\\vel-riders-backend\\vendor\\laravel\\framework\\src\\Illuminate\\Routing\\Router.php(748): Illuminate\\Routing\\Router->runRoute()
#32 C:\\Apache24\\htdocs\\vel-vue-admin\\vel-riders-backend\\vendor\\laravel\\framework\\src\\Illuminate\\Routing\\Router.php(737): Illuminate\\Routing\\Router->dispatchToRoute()
#33 C:\\Apache24\\htdocs\\vel-vue-admin\\vel-riders-backend\\vendor\\laravel\\framework\\src\\Illuminate\\Foundation\\Http\\Kernel.php(200): Illuminate\\Routing\\Router->dispatch()
#34 C:\\Apache24\\htdocs\\vel-vue-admin\\vel-riders-backend\\vendor\\laravel\\framework\\src\\Illuminate\\Pipeline\\Pipeline.php(144): Illuminate\\Foundation\\Http\\Kernel->{closure:Illuminate\\Foundation\\Http\\Kernel::dispatchToRouter():197}()
#35 C:\\Apache24\\htdocs\\vel-vue-admin\\vel-riders-backend\\vendor\\laravel\\framework\\src\\Illuminate\\Foundation\\Http\\Middleware\\TransformsRequest.php(21): Illuminate\\Pipeline\\Pipeline->{closure:Illuminate\\Pipeline\\Pipeline::prepareDestination():142}()
#36 C:\\Apache24\\htdocs\\vel-vue-admin\\vel-riders-backend\\vendor\\laravel\\framework\\src\\Illuminate\\Foundation\\Http\\Middleware\\ConvertEmptyStringsToNull.php(31): Illuminate\\Foundation\\Http\\Middleware\\TransformsRequest->handle()
#37 C:\\Apache24\\htdocs\\vel-vue-admin\\vel-riders-backend\\vendor\\laravel\\framework\\src\\Illuminate\\Pipeline\\Pipeline.php(183): Illuminate\\Foundation\\Http\\Middleware\\ConvertEmptyStringsToNull->handle()
#38 C:\\Apache24\\htdocs\\vel-vue-admin\\vel-riders-backend\\vendor\\laravel\\framework\\src\\Illuminate\\Foundation\\Http\\Middleware\\TransformsRequest.php(21): Illuminate\\Pipeline\\Pipeline->{closure:{closure:Illuminate\\Pipeline\\Pipeline::carry():158}:159}()
#39 C:\\Apache24\\htdocs\\vel-vue-admin\\vel-riders-backend\\vendor\\laravel\\framework\\src\\Illuminate\\Foundation\\Http\\Middleware\\TrimStrings.php(40): Illuminate\\Foundation\\Http\\Middleware\\TransformsRequest->handle()
#40 C:\\Apache24\\htdocs\\vel-vue-admin\\vel-riders-backend\\vendor\\laravel\\framework\\src\\Illuminate\\Pipeline\\Pipeline.php(183): Illuminate\\Foundation\\Http\\Middleware\\TrimStrings->handle()
#41 C:\\Apache24\\htdocs\\vel-vue-admin\\vel-riders-backend\\vendor\\laravel\\framework\\src\\Illuminate\\Foundation\\Http\\Middleware\\ValidatePostSize.php(27): Illuminate\\Pipeline\\Pipeline->{closure:{closure:Illuminate\\Pipeline\\Pipeline::carry():158}:159}()
#42 C:\\Apache24\\htdocs\\vel-vue-admin\\vel-riders-backend\\vendor\\laravel\\framework\\src\\Illuminate\\Pipeline\\Pipeline.php(183): Illuminate\\Foundation\\Http\\Middleware\\ValidatePostSize->handle()
#43 C:\\Apache24\\htdocs\\vel-vue-admin\\vel-riders-backend\\vendor\\laravel\\framework\\src\\Illuminate\\Foundation\\Http\\Middleware\\PreventRequestsDuringMaintenance.php(99): Illuminate\\Pipeline\\Pipeline->{closure:{closure:Illuminate\\Pipeline\\Pipeline::carry():158}:159}()
#44 C:\\Apache24\\htdocs\\vel-vue-admin\\vel-riders-backend\\vendor\\laravel\\framework\\src\\Illuminate\\Pipeline\\Pipeline.php(183): Illuminate\\Foundation\\Http\\Middleware\\PreventRequestsDuringMaintenance->handle()
#45 C:\\Apache24\\htdocs\\vel-vue-admin\\vel-riders-backend\\vendor\\laravel\\framework\\src\\Illuminate\\Http\\Middleware\\HandleCors.php(62): Illuminate\\Pipeline\\Pipeline->{closure:{closure:Illuminate\\Pipeline\\Pipeline::carry():158}:159}()
#46 C:\\Apache24\\htdocs\\vel-vue-admin\\vel-riders-backend\\vendor\\laravel\\framework\\src\\Illuminate\\Pipeline\\Pipeline.php(183): Illuminate\\Http\\Middleware\\HandleCors->handle()
#47 C:\\Apache24\\htdocs\\vel-vue-admin\\vel-riders-backend\\vendor\\laravel\\framework\\src\\Illuminate\\Http\\Middleware\\TrustProxies.php(39): Illuminate\\Pipeline\\Pipeline->{closure:{closure:Illuminate\\Pipeline\\Pipeline::carry():158}:159}()
#48 C:\\Apache24\\htdocs\\vel-vue-admin\\vel-riders-backend\\vendor\\laravel\\framework\\src\\Illuminate\\Pipeline\\Pipeline.php(183): Illuminate\\Http\\Middleware\\TrustProxies->handle()
#49 C:\\Apache24\\htdocs\\vel-vue-admin\\vel-riders-backend\\vendor\\laravel\\framework\\src\\Illuminate\\Pipeline\\Pipeline.php(119): Illuminate\\Pipeline\\Pipeline->{closure:{closure:Illuminate\\Pipeline\\Pipeline::carry():158}:159}()
#50 C:\\Apache24\\htdocs\\vel-vue-admin\\vel-riders-backend\\vendor\\laravel\\framework\\src\\Illuminate\\Foundation\\Http\\Kernel.php(175): Illuminate\\Pipeline\\Pipeline->then()
#51 C:\\Apache24\\htdocs\\vel-vue-admin\\vel-riders-backend\\vendor\\laravel\\framework\\src\\Illuminate\\Foundation\\Http\\Kernel.php(144): Illuminate\\Foundation\\Http\\Kernel->sendRequestThroughRouter()
#52 C:\\Apache24\\htdocs\\vel-vue-admin\\vel-riders-backend\\public\\index.php(51): Illuminate\\Foundation\\Http\\Kernel->handle()
#53 C:\\Apache24\\htdocs\\vel-vue-admin\\vel-riders-backend\\vendor\\laravel\\framework\\src\\Illuminate\\Foundation\\resources\\server.php(16): require_once('...')
#54 {main}
"} 
[2026-06-18 11:23:58] local.ERROR: SQLSTATE[42S22]: Column not found: 1054 Unknown column 'block_reason' in 'field list' (Connection: mysql, SQL: select `customer_id`, `country_code`, `mobile_number`, `email`, `firstname`, `lastname`, `dob`, `profile_picture_url`, `billing_address`, `shipping_address`, `device_token`, `device_id`, `is_deleted`, `is_blocked`, `block_reason` from `customers` where `is_deleted` = 0 order by `customer_id` desc limit 10 offset 0) {"userId":1,"exception":"[object] (Illuminate\\Database\\QueryException(code: 42S22): SQLSTATE[42S22]: Column not found: 1054 Unknown column 'block_reason' in 'field list' (Connection: mysql, SQL: select `customer_id`, `country_code`, `mobile_number`, `email`, `firstname`, `lastname`, `dob`, `profile_picture_url`, `billing_address`, `shipping_address`, `device_token`, `device_id`, `is_deleted`, `is_blocked`, `block_reason` from `customers` where `is_deleted` = 0 order by `customer_id` desc limit 10 offset 0) at C:\\Apache24\\htdocs\\vel-vue-admin\\vel-riders-backend\\vendor\\laravel\\framework\\src\\Illuminate\\Database\\Connection.php:829)
[stacktrace]
#0 C:\\Apache24\\htdocs\\vel-vue-admin\\vel-riders-backend\\vendor\\laravel\\framework\\src\\Illuminate\\Database\\Connection.php(783): Illuminate\\Database\\Connection->runQueryCallback()
#1 C:\\Apache24\\htdocs\\vel-vue-admin\\vel-riders-backend\\vendor\\laravel\\framework\\src\\Illuminate\\Database\\Connection.php(414): Illuminate\\Database\\Connection->run()
#2 C:\\Apache24\\htdocs\\vel-vue-admin\\vel-riders-backend\\vendor\\laravel\\framework\\src\\Illuminate\\Database\\Query\\Builder.php(2913): Illuminate\\Database\\Connection->select()
#3 C:\\Apache24\\htdocs\\vel-vue-admin\\vel-riders-backend\\vendor\\laravel\\framework\\src\\Illuminate\\Database\\Query\\Builder.php(2902): Illuminate\\Database\\Query\\Builder->runSelect()
#4 C:\\Apache24\\htdocs\\vel-vue-admin\\vel-riders-backend\\vendor\\laravel\\framework\\src\\Illuminate\\Database\\Query\\Builder.php(3456): Illuminate\\Database\\Query\\Builder->{closure:Illuminate\\Database\\Query\\Builder::get():2901}()
#5 C:\\Apache24\\htdocs\\vel-vue-admin\\vel-riders-backend\\vendor\\laravel\\framework\\src\\Illuminate\\Database\\Query\\Builder.php(2901): Illuminate\\Database\\Query\\Builder->onceWithColumns()
#6 C:\\Apache24\\htdocs\\vel-vue-admin\\vel-riders-backend\\vendor\\laravel\\framework\\src\\Illuminate\\Database\\Eloquent\\Builder.php(739): Illuminate\\Database\\Query\\Builder->get()
#7 C:\\Apache24\\htdocs\\vel-vue-admin\\vel-riders-backend\\vendor\\laravel\\framework\\src\\Illuminate\\Database\\Eloquent\\Builder.php(723): Illuminate\\Database\\Eloquent\\Builder->getModels()
#8 C:\\Apache24\\htdocs\\vel-vue-admin\\vel-riders-backend\\vendor\\laravel\\framework\\src\\Illuminate\\Database\\Eloquent\\Builder.php(931): Illuminate\\Database\\Eloquent\\Builder->get()
#9 C:\\Apache24\\htdocs\\vel-vue-admin\\vel-riders-backend\\app\\Http\\Controllers\\AdminApis\\V1\\CustomerDataController.php(105): Illuminate\\Database\\Eloquent\\Builder->paginate()
#10 C:\\Apache24\\htdocs\\vel-vue-admin\\vel-riders-backend\\vendor\\laravel\\framework\\src\\Illuminate\\Routing\\Controller.php(54): App\\Http\\Controllers\\AdminApis\\V1\\CustomerDataController->getCustomers()
#11 C:\\Apache24\\htdocs\\vel-vue-admin\\vel-riders-backend\\vendor\\laravel\\framework\\src\\Illuminate\\Routing\\ControllerDispatcher.php(43): Illuminate\\Routing\\Controller->callAction()
#12 C:\\Apache24\\htdocs\\vel-vue-admin\\vel-riders-backend\\vendor\\laravel\\framework\\src\\Illuminate\\Routing\\Route.php(259): Illuminate\\Routing\\ControllerDispatcher->dispatch()
#13 C:\\Apache24\\htdocs\\vel-vue-admin\\vel-riders-backend\\vendor\\laravel\\framework\\src\\Illuminate\\Routing\\Route.php(205): Illuminate\\Routing\\Route->runController()
#14 C:\\Apache24\\htdocs\\vel-vue-admin\\vel-riders-backend\\vendor\\laravel\\framework\\src\\Illuminate\\Routing\\Router.php(806): Illuminate\\Routing\\Route->run()
#15 C:\\Apache24\\htdocs\\vel-vue-admin\\vel-riders-backend\\vendor\\laravel\\framework\\src\\Illuminate\\Pipeline\\Pipeline.php(144): Illuminate\\Routing\\Router->{closure:Illuminate\\Routing\\Router::runRouteWithinStack():805}()
#16 C:\\Apache24\\htdocs\\vel-vue-admin\\vel-riders-backend\\vendor\\laravel\\framework\\src\\Illuminate\\Routing\\Middleware\\SubstituteBindings.php(50): Illuminate\\Pipeline\\Pipeline->{closure:Illuminate\\Pipeline\\Pipeline::prepareDestination():142}()
#17 C:\\Apache24\\htdocs\\vel-vue-admin\\vel-riders-backend\\vendor\\laravel\\framework\\src\\Illuminate\\Pipeline\\Pipeline.php(183): Illuminate\\Routing\\Middleware\\SubstituteBindings->handle()
#18 C:\\Apache24\\htdocs\\vel-vue-admin\\vel-riders-backend\\vendor\\laravel\\framework\\src\\Illuminate\\Routing\\Middleware\\ThrottleRequests.php(159): Illuminate\\Pipeline\\Pipeline->{closure:{closure:Illuminate\\Pipeline\\Pipeline::carry():158}:159}()
#19 C:\\Apache24\\htdocs\\vel-vue-admin\\vel-riders-backend\\vendor\\laravel\\framework\\src\\Illuminate\\Routing\\Middleware\\ThrottleRequests.php(90): Illuminate\\Routing\\Middleware\\ThrottleRequests->handleRequest()
#20 C:\\Apache24\\htdocs\\vel-vue-admin\\vel-riders-backend\\vendor\\laravel\\framework\\src\\Illuminate\\Pipeline\\Pipeline.php(183): Illuminate\\Routing\\Middleware\\ThrottleRequests->handle()
#21 C:\\Apache24\\htdocs\\vel-vue-admin\\vel-riders-backend\\vendor\\laravel\\framework\\src\\Illuminate\\Auth\\Middleware\\Authenticate.php(57): Illuminate\\Pipeline\\Pipeline->{closure:{closure:Illuminate\\Pipeline\\Pipeline::carry():158}:159}()
#22 C:\\Apache24\\htdocs\\vel-vue-admin\\vel-riders-backend\\vendor\\laravel\\framework\\src\\Illuminate\\Pipeline\\Pipeline.php(183): Illuminate\\Auth\\Middleware\\Authenticate->handle()
#23 C:\\Apache24\\htdocs\\vel-vue-admin\\vel-riders-backend\\vendor\\laravel\\framework\\src\\Illuminate\\Session\\Middleware\\StartSession.php(121): Illuminate\\Pipeline\\Pipeline->{closure:{closure:Illuminate\\Pipeline\\Pipeline::carry():158}:159}()
#24 C:\\Apache24\\htdocs\\vel-vue-admin\\vel-riders-backend\\vendor\\laravel\\framework\\src\\Illuminate\\Session\\Middleware\\StartSession.php(64): Illuminate\\Session\\Middleware\\StartSession->handleStatefulRequest()
#25 C:\\Apache24\\htdocs\\vel-vue-admin\\vel-riders-backend\\vendor\\laravel\\framework\\src\\Illuminate\\Pipeline\\Pipeline.php(183): Illuminate\\Session\\Middleware\\StartSession->handle()
#26 C:\\Apache24\\htdocs\\vel-vue-admin\\vel-riders-backend\\vendor\\laravel\\framework\\src\\Illuminate\\Pipeline\\Pipeline.php(119): Illuminate\\Pipeline\\Pipeline->{closure:{closure:Illuminate\\Pipeline\\Pipeline::carry():158}:159}()
#27 C:\\Apache24\\htdocs\\vel-vue-admin\\vel-riders-backend\\vendor\\laravel\\framework\\src\\Illuminate\\Routing\\Router.php(805): Illuminate\\Pipeline\\Pipeline->then()
#28 C:\\Apache24\\htdocs\\vel-vue-admin\\vel-riders-backend\\vendor\\laravel\\framework\\src\\Illuminate\\Routing\\Router.php(784): Illuminate\\Routing\\Router->runRouteWithinStack()
#29 C:\\Apache24\\htdocs\\vel-vue-admin\\vel-riders-backend\\vendor\\laravel\\framework\\src\\Illuminate\\Routing\\Router.php(748): Illuminate\\Routing\\Router->runRoute()
#30 C:\\Apache24\\htdocs\\vel-vue-admin\\vel-riders-backend\\vendor\\laravel\\framework\\src\\Illuminate\\Routing\\Router.php(737): Illuminate\\Routing\\Router->dispatchToRoute()
#31 C:\\Apache24\\htdocs\\vel-vue-admin\\vel-riders-backend\\vendor\\laravel\\framework\\src\\Illuminate\\Foundation\\Http\\Kernel.php(200): Illuminate\\Routing\\Router->dispatch()
#32 C:\\Apache24\\htdocs\\vel-vue-admin\\vel-riders-backend\\vendor\\laravel\\framework\\src\\Illuminate\\Pipeline\\Pipeline.php(144): Illuminate\\Foundation\\Http\\Kernel->{closure:Illuminate\\Foundation\\Http\\Kernel::dispatchToRouter():197}()
#33 C:\\Apache24\\htdocs\\vel-vue-admin\\vel-riders-backend\\vendor\\laravel\\framework\\src\\Illuminate\\Foundation\\Http\\Middleware\\TransformsRequest.php(21): Illuminate\\Pipeline\\Pipeline->{closure:Illuminate\\Pipeline\\Pipeline::prepareDestination():142}()
#34 C:\\Apache24\\htdocs\\vel-vue-admin\\vel-riders-backend\\vendor\\laravel\\framework\\src\\Illuminate\\Foundation\\Http\\Middleware\\ConvertEmptyStringsToNull.php(31): Illuminate\\Foundation\\Http\\Middleware\\TransformsRequest->handle()
#35 C:\\Apache24\\htdocs\\vel-vue-admin\\vel-riders-backend\\vendor\\laravel\\framework\\src\\Illuminate\\Pipeline\\Pipeline.php(183): Illuminate\\Foundation\\Http\\Middleware\\ConvertEmptyStringsToNull->handle()
#36 C:\\Apache24\\htdocs\\vel-vue-admin\\vel-riders-backend\\vendor\\laravel\\framework\\src\\Illuminate\\Foundation\\Http\\Middleware\\TransformsRequest.php(21): Illuminate\\Pipeline\\Pipeline->{closure:{closure:Illuminate\\Pipeline\\Pipeline::carry():158}:159}()
#37 C:\\Apache24\\htdocs\\vel-vue-admin\\vel-riders-backend\\vendor\\laravel\\framework\\src\\Illuminate\\Foundation\\Http\\Middleware\\TrimStrings.php(40): Illuminate\\Foundation\\Http\\Middleware\\TransformsRequest->handle()
#38 C:\\Apache24\\htdocs\\vel-vue-admin\\vel-riders-backend\\vendor\\laravel\\framework\\src\\Illuminate\\Pipeline\\Pipeline.php(183): Illuminate\\Foundation\\Http\\Middleware\\TrimStrings->handle()
#39 C:\\Apache24\\htdocs\\vel-vue-admin\\vel-riders-backend\\vendor\\laravel\\framework\\src\\Illuminate\\Foundation\\Http\\Middleware\\ValidatePostSize.php(27): Illuminate\\Pipeline\\Pipeline->{closure:{closure:Illuminate\\Pipeline\\Pipeline::carry():158}:159}()
#40 C:\\Apache24\\htdocs\\vel-vue-admin\\vel-riders-backend\\vendor\\laravel\\framework\\src\\Illuminate\\Pipeline\\Pipeline.php(183): Illuminate\\Foundation\\Http\\Middleware\\ValidatePostSize->handle()
#41 C:\\Apache24\\htdocs\\vel-vue-admin\\vel-riders-backend\\vendor\\laravel\\framework\\src\\Illuminate\\Foundation\\Http\\Middleware\\PreventRequestsDuringMaintenance.php(99): Illuminate\\Pipeline\\Pipeline->{closure:{closure:Illuminate\\Pipeline\\Pipeline::carry():158}:159}()
#42 C:\\Apache24\\htdocs\\vel-vue-admin\\vel-riders-backend\\vendor\\laravel\\framework\\src\\Illuminate\\Pipeline\\Pipeline.php(183): Illuminate\\Foundation\\Http\\Middleware\\PreventRequestsDuringMaintenance->handle()
#43 C:\\Apache24\\htdocs\\vel-vue-admin\\vel-riders-backend\\vendor\\laravel\\framework\\src\\Illuminate\\Http\\Middleware\\HandleCors.php(62): Illuminate\\Pipeline\\Pipeline->{closure:{closure:Illuminate\\Pipeline\\Pipeline::carry():158}:159}()
#44 C:\\Apache24\\htdocs\\vel-vue-admin\\vel-riders-backend\\vendor\\laravel\\framework\\src\\Illuminate\\Pipeline\\Pipeline.php(183): Illuminate\\Http\\Middleware\\HandleCors->handle()
#45 C:\\Apache24\\htdocs\\vel-vue-admin\\vel-riders-backend\\vendor\\laravel\\framework\\src\\Illuminate\\Http\\Middleware\\TrustProxies.php(39): Illuminate\\Pipeline\\Pipeline->{closure:{closure:Illuminate\\Pipeline\\Pipeline::carry():158}:159}()
#46 C:\\Apache24\\htdocs\\vel-vue-admin\\vel-riders-backend\\vendor\\laravel\\framework\\src\\Illuminate\\Pipeline\\Pipeline.php(183): Illuminate\\Http\\Middleware\\TrustProxies->handle()
#47 C:\\Apache24\\htdocs\\vel-vue-admin\\vel-riders-backend\\vendor\\laravel\\framework\\src\\Illuminate\\Pipeline\\Pipeline.php(119): Illuminate\\Pipeline\\Pipeline->{closure:{closure:Illuminate\\Pipeline\\Pipeline::carry():158}:159}()
#48 C:\\Apache24\\htdocs\\vel-vue-admin\\vel-riders-backend\\vendor\\laravel\\framework\\src\\Illuminate\\Foundation\\Http\\Kernel.php(175): Illuminate\\Pipeline\\Pipeline->then()
#49 C:\\Apache24\\htdocs\\vel-vue-admin\\vel-riders-backend\\vendor\\laravel\\framework\\src\\Illuminate\\Foundation\\Http\\Kernel.php(144): Illuminate\\Foundation\\Http\\Kernel->sendRequestThroughRouter()
#50 C:\\Apache24\\htdocs\\vel-vue-admin\\vel-riders-backend\\public\\index.php(51): Illuminate\\Foundation\\Http\\Kernel->handle()
#51 C:\\Apache24\\htdocs\\vel-vue-admin\\vel-riders-backend\\vendor\\laravel\\framework\\src\\Illuminate\\Foundation\\resources\\server.php(16): require_once('...')
#52 {main}

[previous exception] [object] (PDOException(code: 42S22): SQLSTATE[42S22]: Column not found: 1054 Unknown column 'block_reason' in 'field list' at C:\\Apache24\\htdocs\\vel-vue-admin\\vel-riders-backend\\vendor\\laravel\\framework\\src\\Illuminate\\Database\\Connection.php:423)
[stacktrace]
#0 C:\\Apache24\\htdocs\\vel-vue-admin\\vel-riders-backend\\vendor\\laravel\\framework\\src\\Illuminate\\Database\\Connection.php(423): PDO->prepare()
#1 C:\\Apache24\\htdocs\\vel-vue-admin\\vel-riders-backend\\vendor\\laravel\\framework\\src\\Illuminate\\Database\\Connection.php(816): Illuminate\\Database\\Connection->{closure:Illuminate\\Database\\Connection::select():414}()
#2 C:\\Apache24\\htdocs\\vel-vue-admin\\vel-riders-backend\\vendor\\laravel\\framework\\src\\Illuminate\\Database\\Connection.php(783): Illuminate\\Database\\Connection->runQueryCallback()
#3 C:\\Apache24\\htdocs\\vel-vue-admin\\vel-riders-backend\\vendor\\laravel\\framework\\src\\Illuminate\\Database\\Connection.php(414): Illuminate\\Database\\Connection->run()
#4 C:\\Apache24\\htdocs\\vel-vue-admin\\vel-riders-backend\\vendor\\laravel\\framework\\src\\Illuminate\\Database\\Query\\Builder.php(2913): Illuminate\\Database\\Connection->select()
#5 C:\\Apache24\\htdocs\\vel-vue-admin\\vel-riders-backend\\vendor\\laravel\\framework\\src\\Illuminate\\Database\\Query\\Builder.php(2902): Illuminate\\Database\\Query\\Builder->runSelect()
#6 C:\\Apache24\\htdocs\\vel-vue-admin\\vel-riders-backend\\vendor\\laravel\\framework\\src\\Illuminate\\Database\\Query\\Builder.php(3456): Illuminate\\Database\\Query\\Builder->{closure:Illuminate\\Database\\Query\\Builder::get():2901}()
#7 C:\\Apache24\\htdocs\\vel-vue-admin\\vel-riders-backend\\vendor\\laravel\\framework\\src\\Illuminate\\Database\\Query\\Builder.php(2901): Illuminate\\Database\\Query\\Builder->onceWithColumns()
#8 C:\\Apache24\\htdocs\\vel-vue-admin\\vel-riders-backend\\vendor\\laravel\\framework\\src\\Illuminate\\Database\\Eloquent\\Builder.php(739): Illuminate\\Database\\Query\\Builder->get()
#9 C:\\Apache24\\htdocs\\vel-vue-admin\\vel-riders-backend\\vendor\\laravel\\framework\\src\\Illuminate\\Database\\Eloquent\\Builder.php(723): Illuminate\\Database\\Eloquent\\Builder->getModels()
#10 C:\\Apache24\\htdocs\\vel-vue-admin\\vel-riders-backend\\vendor\\laravel\\framework\\src\\Illuminate\\Database\\Eloquent\\Builder.php(931): Illuminate\\Database\\Eloquent\\Builder->get()
#11 C:\\Apache24\\htdocs\\vel-vue-admin\\vel-riders-backend\\app\\Http\\Controllers\\AdminApis\\V1\\CustomerDataController.php(105): Illuminate\\Database\\Eloquent\\Builder->paginate()
#12 C:\\Apache24\\htdocs\\vel-vue-admin\\vel-riders-backend\\vendor\\laravel\\framework\\src\\Illuminate\\Routing\\Controller.php(54): App\\Http\\Controllers\\AdminApis\\V1\\CustomerDataController->getCustomers()
#13 C:\\Apache24\\htdocs\\vel-vue-admin\\vel-riders-backend\\vendor\\laravel\\framework\\src\\Illuminate\\Routing\\ControllerDispatcher.php(43): Illuminate\\Routing\\Controller->callAction()
#14 C:\\Apache24\\htdocs\\vel-vue-admin\\vel-riders-backend\\vendor\\laravel\\framework\\src\\Illuminate\\Routing\\Route.php(259): Illuminate\\Routing\\ControllerDispatcher->dispatch()
#15 C:\\Apache24\\htdocs\\vel-vue-admin\\vel-riders-backend\\vendor\\laravel\\framework\\src\\Illuminate\\Routing\\Route.php(205): Illuminate\\Routing\\Route->runController()
#16 C:\\Apache24\\htdocs\\vel-vue-admin\\vel-riders-backend\\vendor\\laravel\\framework\\src\\Illuminate\\Routing\\Router.php(806): Illuminate\\Routing\\Route->run()
#17 C:\\Apache24\\htdocs\\vel-vue-admin\\vel-riders-backend\\vendor\\laravel\\framework\\src\\Illuminate\\Pipeline\\Pipeline.php(144): Illuminate\\Routing\\Router->{closure:Illuminate\\Routing\\Router::runRouteWithinStack():805}()
#18 C:\\Apache24\\htdocs\\vel-vue-admin\\vel-riders-backend\\vendor\\laravel\\framework\\src\\Illuminate\\Routing\\Middleware\\SubstituteBindings.php(50): Illuminate\\Pipeline\\Pipeline->{closure:Illuminate\\Pipeline\\Pipeline::prepareDestination():142}()
#19 C:\\Apache24\\htdocs\\vel-vue-admin\\vel-riders-backend\\vendor\\laravel\\framework\\src\\Illuminate\\Pipeline\\Pipeline.php(183): Illuminate\\Routing\\Middleware\\SubstituteBindings->handle()
#20 C:\\Apache24\\htdocs\\vel-vue-admin\\vel-riders-backend\\vendor\\laravel\\framework\\src\\Illuminate\\Routing\\Middleware\\ThrottleRequests.php(159): Illuminate\\Pipeline\\Pipeline->{closure:{closure:Illuminate\\Pipeline\\Pipeline::carry():158}:159}()
#21 C:\\Apache24\\htdocs\\vel-vue-admin\\vel-riders-backend\\vendor\\laravel\\framework\\src\\Illuminate\\Routing\\Middleware\\ThrottleRequests.php(90): Illuminate\\Routing\\Middleware\\ThrottleRequests->handleRequest()
#22 C:\\Apache24\\htdocs\\vel-vue-admin\\vel-riders-backend\\vendor\\laravel\\framework\\src\\Illuminate\\Pipeline\\Pipeline.php(183): Illuminate\\Routing\\Middleware\\ThrottleRequests->handle()
#23 C:\\Apache24\\htdocs\\vel-vue-admin\\vel-riders-backend\\vendor\\laravel\\framework\\src\\Illuminate\\Auth\\Middleware\\Authenticate.php(57): Illuminate\\Pipeline\\Pipeline->{closure:{closure:Illuminate\\Pipeline\\Pipeline::carry():158}:159}()
#24 C:\\Apache24\\htdocs\\vel-vue-admin\\vel-riders-backend\\vendor\\laravel\\framework\\src\\Illuminate\\Pipeline\\Pipeline.php(183): Illuminate\\Auth\\Middleware\\Authenticate->handle()
#25 C:\\Apache24\\htdocs\\vel-vue-admin\\vel-riders-backend\\vendor\\laravel\\framework\\src\\Illuminate\\Session\\Middleware\\StartSession.php(121): Illuminate\\Pipeline\\Pipeline->{closure:{closure:Illuminate\\Pipeline\\Pipeline::carry():158}:159}()
#26 C:\\Apache24\\htdocs\\vel-vue-admin\\vel-riders-backend\\vendor\\laravel\\framework\\src\\Illuminate\\Session\\Middleware\\StartSession.php(64): Illuminate\\Session\\Middleware\\StartSession->handleStatefulRequest()
#27 C:\\Apache24\\htdocs\\vel-vue-admin\\vel-riders-backend\\vendor\\laravel\\framework\\src\\Illuminate\\Pipeline\\Pipeline.php(183): Illuminate\\Session\\Middleware\\StartSession->handle()
#28 C:\\Apache24\\htdocs\\vel-vue-admin\\vel-riders-backend\\vendor\\laravel\\framework\\src\\Illuminate\\Pipeline\\Pipeline.php(119): Illuminate\\Pipeline\\Pipeline->{closure:{closure:Illuminate\\Pipeline\\Pipeline::carry():158}:159}()
#29 C:\\Apache24\\htdocs\\vel-vue-admin\\vel-riders-backend\\vendor\\laravel\\framework\\src\\Illuminate\\Routing\\Router.php(805): Illuminate\\Pipeline\\Pipeline->then()
#30 C:\\Apache24\\htdocs\\vel-vue-admin\\vel-riders-backend\\vendor\\laravel\\framework\\src\\Illuminate\\Routing\\Router.php(784): Illuminate\\Routing\\Router->runRouteWithinStack()
#31 C:\\Apache24\\htdocs\\vel-vue-admin\\vel-riders-backend\\vendor\\laravel\\framework\\src\\Illuminate\\Routing\\Router.php(748): Illuminate\\Routing\\Router->runRoute()
#32 C:\\Apache24\\htdocs\\vel-vue-admin\\vel-riders-backend\\vendor\\laravel\\framework\\src\\Illuminate\\Routing\\Router.php(737): Illuminate\\Routing\\Router->dispatchToRoute()
#33 C:\\Apache24\\htdocs\\vel-vue-admin\\vel-riders-backend\\vendor\\laravel\\framework\\src\\Illuminate\\Foundation\\Http\\Kernel.php(200): Illuminate\\Routing\\Router->dispatch()
#34 C:\\Apache24\\htdocs\\vel-vue-admin\\vel-riders-backend\\vendor\\laravel\\framework\\src\\Illuminate\\Pipeline\\Pipeline.php(144): Illuminate\\Foundation\\Http\\Kernel->{closure:Illuminate\\Foundation\\Http\\Kernel::dispatchToRouter():197}()
#35 C:\\Apache24\\htdocs\\vel-vue-admin\\vel-riders-backend\\vendor\\laravel\\framework\\src\\Illuminate\\Foundation\\Http\\Middleware\\TransformsRequest.php(21): Illuminate\\Pipeline\\Pipeline->{closure:Illuminate\\Pipeline\\Pipeline::prepareDestination():142}()
#36 C:\\Apache24\\htdocs\\vel-vue-admin\\vel-riders-backend\\vendor\\laravel\\framework\\src\\Illuminate\\Foundation\\Http\\Middleware\\ConvertEmptyStringsToNull.php(31): Illuminate\\Foundation\\Http\\Middleware\\TransformsRequest->handle()
#37 C:\\Apache24\\htdocs\\vel-vue-admin\\vel-riders-backend\\vendor\\laravel\\framework\\src\\Illuminate\\Pipeline\\Pipeline.php(183): Illuminate\\Foundation\\Http\\Middleware\\ConvertEmptyStringsToNull->handle()
#38 C:\\Apache24\\htdocs\\vel-vue-admin\\vel-riders-backend\\vendor\\laravel\\framework\\src\\Illuminate\\Foundation\\Http\\Middleware\\TransformsRequest.php(21): Illuminate\\Pipeline\\Pipeline->{closure:{closure:Illuminate\\Pipeline\\Pipeline::carry():158}:159}()
#39 C:\\Apache24\\htdocs\\vel-vue-admin\\vel-riders-backend\\vendor\\laravel\\framework\\src\\Illuminate\\Foundation\\Http\\Middleware\\TrimStrings.php(40): Illuminate\\Foundation\\Http\\Middleware\\TransformsRequest->handle()
#40 C:\\Apache24\\htdocs\\vel-vue-admin\\vel-riders-backend\\vendor\\laravel\\framework\\src\\Illuminate\\Pipeline\\Pipeline.php(183): Illuminate\\Foundation\\Http\\Middleware\\TrimStrings->handle()
#41 C:\\Apache24\\htdocs\\vel-vue-admin\\vel-riders-backend\\vendor\\laravel\\framework\\src\\Illuminate\\Foundation\\Http\\Middleware\\ValidatePostSize.php(27): Illuminate\\Pipeline\\Pipeline->{closure:{closure:Illuminate\\Pipeline\\Pipeline::carry():158}:159}()
#42 C:\\Apache24\\htdocs\\vel-vue-admin\\vel-riders-backend\\vendor\\laravel\\framework\\src\\Illuminate\\Pipeline\\Pipeline.php(183): Illuminate\\Foundation\\Http\\Middleware\\ValidatePostSize->handle()
#43 C:\\Apache24\\htdocs\\vel-vue-admin\\vel-riders-backend\\vendor\\laravel\\framework\\src\\Illuminate\\Foundation\\Http\\Middleware\\PreventRequestsDuringMaintenance.php(99): Illuminate\\Pipeline\\Pipeline->{closure:{closure:Illuminate\\Pipeline\\Pipeline::carry():158}:159}()
#44 C:\\Apache24\\htdocs\\vel-vue-admin\\vel-riders-backend\\vendor\\laravel\\framework\\src\\Illuminate\\Pipeline\\Pipeline.php(183): Illuminate\\Foundation\\Http\\Middleware\\PreventRequestsDuringMaintenance->handle()
#45 C:\\Apache24\\htdocs\\vel-vue-admin\\vel-riders-backend\\vendor\\laravel\\framework\\src\\Illuminate\\Http\\Middleware\\HandleCors.php(62): Illuminate\\Pipeline\\Pipeline->{closure:{closure:Illuminate\\Pipeline\\Pipeline::carry():158}:159}()
#46 C:\\Apache24\\htdocs\\vel-vue-admin\\vel-riders-backend\\vendor\\laravel\\framework\\src\\Illuminate\\Pipeline\\Pipeline.php(183): Illuminate\\Http\\Middleware\\HandleCors->handle()
#47 C:\\Apache24\\htdocs\\vel-vue-admin\\vel-riders-backend\\vendor\\laravel\\framework\\src\\Illuminate\\Http\\Middleware\\TrustProxies.php(39): Illuminate\\Pipeline\\Pipeline->{closure:{closure:Illuminate\\Pipeline\\Pipeline::carry():158}:159}()
#48 C:\\Apache24\\htdocs\\vel-vue-admin\\vel-riders-backend\\vendor\\laravel\\framework\\src\\Illuminate\\Pipeline\\Pipeline.php(183): Illuminate\\Http\\Middleware\\TrustProxies->handle()
#49 C:\\Apache24\\htdocs\\vel-vue-admin\\vel-riders-backend\\vendor\\laravel\\framework\\src\\Illuminate\\Pipeline\\Pipeline.php(119): Illuminate\\Pipeline\\Pipeline->{closure:{closure:Illuminate\\Pipeline\\Pipeline::carry():158}:159}()
#50 C:\\Apache24\\htdocs\\vel-vue-admin\\vel-riders-backend\\vendor\\laravel\\framework\\src\\Illuminate\\Foundation\\Http\\Kernel.php(175): Illuminate\\Pipeline\\Pipeline->then()
#51 C:\\Apache24\\htdocs\\vel-vue-admin\\vel-riders-backend\\vendor\\laravel\\framework\\src\\Illuminate\\Foundation\\Http\\Kernel.php(144): Illuminate\\Foundation\\Http\\Kernel->sendRequestThroughRouter()
#52 C:\\Apache24\\htdocs\\vel-vue-admin\\vel-riders-backend\\public\\index.php(51): Illuminate\\Foundation\\Http\\Kernel->handle()
#53 C:\\Apache24\\htdocs\\vel-vue-admin\\vel-riders-backend\\vendor\\laravel\\framework\\src\\Illuminate\\Foundation\\resources\\server.php(16): require_once('...')
#54 {main}
"} 
[2026-06-18 11:35:55] local.ERROR: SQLSTATE[42S02]: Base table or view not found: 1146 Table 'velriders-live4.models' doesn't exist (Connection: mysql, SQL: select `v`.`vehicle_id`, `v`.`rental_price`, `v`.`extra_km_rate`, `v`.`extra_hour_rate`, `v`.`commission_percent`, `m`.`name` as `model_name`, `c`.`name` as `category_name`, `vt`.`name` as `vehicle_type_name` from `vehicles` as `v` left join `models` as `m` on `v`.`model_id` = `m`.`model_id` left join `categories` as `c` on `m`.`category_id` = `c`.`category_id` left join `vehicle_types` as `vt` on `c`.`vehicle_type_id` = `vt`.`type_id` where `v`.`vehicle_id` = 103 limit 1) {"exception":"[object] (Illuminate\\Database\\QueryException(code: 42S02): SQLSTATE[42S02]: Base table or view not found: 1146 Table 'velriders-live4.models' doesn't exist (Connection: mysql, SQL: select `v`.`vehicle_id`, `v`.`rental_price`, `v`.`extra_km_rate`, `v`.`extra_hour_rate`, `v`.`commission_percent`, `m`.`name` as `model_name`, `c`.`name` as `category_name`, `vt`.`name` as `vehicle_type_name` from `vehicles` as `v` left join `models` as `m` on `v`.`model_id` = `m`.`model_id` left join `categories` as `c` on `m`.`category_id` = `c`.`category_id` left join `vehicle_types` as `vt` on `c`.`vehicle_type_id` = `vt`.`type_id` where `v`.`vehicle_id` = 103 limit 1) at C:\\Apache24\\htdocs\\vel-vue-admin\\vel-riders-backend\\vendor\\laravel\\framework\\src\\Illuminate\\Database\\Connection.php:829)
[stacktrace]
#0 C:\\Apache24\\htdocs\\vel-vue-admin\\vel-riders-backend\\vendor\\laravel\\framework\\src\\Illuminate\\Database\\Connection.php(783): Illuminate\\Database\\Connection->runQueryCallback()
#1 C:\\Apache24\\htdocs\\vel-vue-admin\\vel-riders-backend\\vendor\\laravel\\framework\\src\\Illuminate\\Database\\Connection.php(414): Illuminate\\Database\\Connection->run()
#2 C:\\Apache24\\htdocs\\vel-vue-admin\\vel-riders-backend\\vendor\\laravel\\framework\\src\\Illuminate\\Database\\Query\\Builder.php(2913): Illuminate\\Database\\Connection->select()
#3 C:\\Apache24\\htdocs\\vel-vue-admin\\vel-riders-backend\\vendor\\laravel\\framework\\src\\Illuminate\\Database\\Query\\Builder.php(2902): Illuminate\\Database\\Query\\Builder->runSelect()
#4 C:\\Apache24\\htdocs\\vel-vue-admin\\vel-riders-backend\\vendor\\laravel\\framework\\src\\Illuminate\\Database\\Query\\Builder.php(3456): Illuminate\\Database\\Query\\Builder->{closure:Illuminate\\Database\\Query\\Builder::get():2901}()
#5 C:\\Apache24\\htdocs\\vel-vue-admin\\vel-riders-backend\\vendor\\laravel\\framework\\src\\Illuminate\\Database\\Query\\Builder.php(2901): Illuminate\\Database\\Query\\Builder->onceWithColumns()
#6 C:\\Apache24\\htdocs\\vel-vue-admin\\vel-riders-backend\\vendor\\laravel\\framework\\src\\Illuminate\\Database\\Concerns\\BuildsQueries.php(333): Illuminate\\Database\\Query\\Builder->get()
#7 C:\\Apache24\\htdocs\\vel-vue-admin\\vel-riders-backend\\routes\\web.php(383): Illuminate\\Database\\Query\\Builder->first()
#8 C:\\Apache24\\htdocs\\vel-vue-admin\\vel-riders-backend\\vendor\\laravel\\framework\\src\\Illuminate\\Routing\\CallableDispatcher.php(40): Illuminate\\Routing\\RouteFileRegistrar->{closure:C:\\Apache24\\htdocs\\vel-vue-admin\\vel-riders-backend\\routes\\web.php:370}()
#9 C:\\Apache24\\htdocs\\vel-vue-admin\\vel-riders-backend\\vendor\\laravel\\framework\\src\\Illuminate\\Routing\\Route.php(237): Illuminate\\Routing\\CallableDispatcher->dispatch()
#10 C:\\Apache24\\htdocs\\vel-vue-admin\\vel-riders-backend\\vendor\\laravel\\framework\\src\\Illuminate\\Routing\\Route.php(208): Illuminate\\Routing\\Route->runCallable()
#11 C:\\Apache24\\htdocs\\vel-vue-admin\\vel-riders-backend\\vendor\\laravel\\framework\\src\\Illuminate\\Routing\\Router.php(806): Illuminate\\Routing\\Route->run()
#12 C:\\Apache24\\htdocs\\vel-vue-admin\\vel-riders-backend\\vendor\\laravel\\framework\\src\\Illuminate\\Pipeline\\Pipeline.php(144): Illuminate\\Routing\\Router->{closure:Illuminate\\Routing\\Router::runRouteWithinStack():805}()
#13 C:\\Apache24\\htdocs\\vel-vue-admin\\vel-riders-backend\\vendor\\laravel\\framework\\src\\Illuminate\\Routing\\Middleware\\SubstituteBindings.php(50): Illuminate\\Pipeline\\Pipeline->{closure:Illuminate\\Pipeline\\Pipeline::prepareDestination():142}()
#14 C:\\Apache24\\htdocs\\vel-vue-admin\\vel-riders-backend\\vendor\\laravel\\framework\\src\\Illuminate\\Pipeline\\Pipeline.php(183): Illuminate\\Routing\\Middleware\\SubstituteBindings->handle()
#15 C:\\Apache24\\htdocs\\vel-vue-admin\\vel-riders-backend\\vendor\\laravel\\framework\\src\\Illuminate\\Routing\\Middleware\\ThrottleRequests.php(159): Illuminate\\Pipeline\\Pipeline->{closure:{closure:Illuminate\\Pipeline\\Pipeline::carry():158}:159}()
#16 C:\\Apache24\\htdocs\\vel-vue-admin\\vel-riders-backend\\vendor\\laravel\\framework\\src\\Illuminate\\Routing\\Middleware\\ThrottleRequests.php(90): Illuminate\\Routing\\Middleware\\ThrottleRequests->handleRequest()
#17 C:\\Apache24\\htdocs\\vel-vue-admin\\vel-riders-backend\\vendor\\laravel\\framework\\src\\Illuminate\\Pipeline\\Pipeline.php(183): Illuminate\\Routing\\Middleware\\ThrottleRequests->handle()
#18 C:\\Apache24\\htdocs\\vel-vue-admin\\vel-riders-backend\\vendor\\laravel\\framework\\src\\Illuminate\\Foundation\\Http\\Middleware\\VerifyCsrfToken.php(78): Illuminate\\Pipeline\\Pipeline->{closure:{closure:Illuminate\\Pipeline\\Pipeline::carry():158}:159}()
#19 C:\\Apache24\\htdocs\\vel-vue-admin\\vel-riders-backend\\vendor\\laravel\\framework\\src\\Illuminate\\Pipeline\\Pipeline.php(183): Illuminate\\Foundation\\Http\\Middleware\\VerifyCsrfToken->handle()
#20 C:\\Apache24\\htdocs\\vel-vue-admin\\vel-riders-backend\\vendor\\laravel\\framework\\src\\Illuminate\\View\\Middleware\\ShareErrorsFromSession.php(49): Illuminate\\Pipeline\\Pipeline->{closure:{closure:Illuminate\\Pipeline\\Pipeline::carry():158}:159}()
#21 C:\\Apache24\\htdocs\\vel-vue-admin\\vel-riders-backend\\vendor\\laravel\\framework\\src\\Illuminate\\Pipeline\\Pipeline.php(183): Illuminate\\View\\Middleware\\ShareErrorsFromSession->handle()
#22 C:\\Apache24\\htdocs\\vel-vue-admin\\vel-riders-backend\\vendor\\laravel\\framework\\src\\Illuminate\\Session\\Middleware\\StartSession.php(121): Illuminate\\Pipeline\\Pipeline->{closure:{closure:Illuminate\\Pipeline\\Pipeline::carry():158}:159}()
#23 C:\\Apache24\\htdocs\\vel-vue-admin\\vel-riders-backend\\vendor\\laravel\\framework\\src\\Illuminate\\Session\\Middleware\\StartSession.php(64): Illuminate\\Session\\Middleware\\StartSession->handleStatefulRequest()
#24 C:\\Apache24\\htdocs\\vel-vue-admin\\vel-riders-backend\\vendor\\laravel\\framework\\src\\Illuminate\\Pipeline\\Pipeline.php(183): Illuminate\\Session\\Middleware\\StartSession->handle()
#25 C:\\Apache24\\htdocs\\vel-vue-admin\\vel-riders-backend\\vendor\\laravel\\framework\\src\\Illuminate\\Cookie\\Middleware\\AddQueuedCookiesToResponse.php(37): Illuminate\\Pipeline\\Pipeline->{closure:{closure:Illuminate\\Pipeline\\Pipeline::carry():158}:159}()
#26 C:\\Apache24\\htdocs\\vel-vue-admin\\vel-riders-backend\\vendor\\laravel\\framework\\src\\Illuminate\\Pipeline\\Pipeline.php(183): Illuminate\\Cookie\\Middleware\\AddQueuedCookiesToResponse->handle()
#27 C:\\Apache24\\htdocs\\vel-vue-admin\\vel-riders-backend\\vendor\\laravel\\framework\\src\\Illuminate\\Cookie\\Middleware\\EncryptCookies.php(67): Illuminate\\Pipeline\\Pipeline->{closure:{closure:Illuminate\\Pipeline\\Pipeline::carry():158}:159}()
#28 C:\\Apache24\\htdocs\\vel-vue-admin\\vel-riders-backend\\vendor\\laravel\\framework\\src\\Illuminate\\Pipeline\\Pipeline.php(183): Illuminate\\Cookie\\Middleware\\EncryptCookies->handle()
#29 C:\\Apache24\\htdocs\\vel-vue-admin\\vel-riders-backend\\vendor\\laravel\\framework\\src\\Illuminate\\Pipeline\\Pipeline.php(119): Illuminate\\Pipeline\\Pipeline->{closure:{closure:Illuminate\\Pipeline\\Pipeline::carry():158}:159}()
#30 C:\\Apache24\\htdocs\\vel-vue-admin\\vel-riders-backend\\vendor\\laravel\\framework\\src\\Illuminate\\Routing\\Router.php(805): Illuminate\\Pipeline\\Pipeline->then()
#31 C:\\Apache24\\htdocs\\vel-vue-admin\\vel-riders-backend\\vendor\\laravel\\framework\\src\\Illuminate\\Routing\\Router.php(784): Illuminate\\Routing\\Router->runRouteWithinStack()
#32 C:\\Apache24\\htdocs\\vel-vue-admin\\vel-riders-backend\\vendor\\laravel\\framework\\src\\Illuminate\\Routing\\Router.php(748): Illuminate\\Routing\\Router->runRoute()
#33 C:\\Apache24\\htdocs\\vel-vue-admin\\vel-riders-backend\\vendor\\laravel\\framework\\src\\Illuminate\\Routing\\Router.php(737): Illuminate\\Routing\\Router->dispatchToRoute()
#34 C:\\Apache24\\htdocs\\vel-vue-admin\\vel-riders-backend\\vendor\\laravel\\framework\\src\\Illuminate\\Foundation\\Http\\Kernel.php(200): Illuminate\\Routing\\Router->dispatch()
#35 C:\\Apache24\\htdocs\\vel-vue-admin\\vel-riders-backend\\vendor\\laravel\\framework\\src\\Illuminate\\Pipeline\\Pipeline.php(144): Illuminate\\Foundation\\Http\\Kernel->{closure:Illuminate\\Foundation\\Http\\Kernel::dispatchToRouter():197}()
#36 C:\\Apache24\\htdocs\\vel-vue-admin\\vel-riders-backend\\vendor\\laravel\\framework\\src\\Illuminate\\Foundation\\Http\\Middleware\\TransformsRequest.php(21): Illuminate\\Pipeline\\Pipeline->{closure:Illuminate\\Pipeline\\Pipeline::prepareDestination():142}()
#37 C:\\Apache24\\htdocs\\vel-vue-admin\\vel-riders-backend\\vendor\\laravel\\framework\\src\\Illuminate\\Foundation\\Http\\Middleware\\ConvertEmptyStringsToNull.php(31): Illuminate\\Foundation\\Http\\Middleware\\TransformsRequest->handle()
#38 C:\\Apache24\\htdocs\\vel-vue-admin\\vel-riders-backend\\vendor\\laravel\\framework\\src\\Illuminate\\Pipeline\\Pipeline.php(183): Illuminate\\Foundation\\Http\\Middleware\\ConvertEmptyStringsToNull->handle()
#39 C:\\Apache24\\htdocs\\vel-vue-admin\\vel-riders-backend\\vendor\\laravel\\framework\\src\\Illuminate\\Foundation\\Http\\Middleware\\TransformsRequest.php(21): Illuminate\\Pipeline\\Pipeline->{closure:{closure:Illuminate\\Pipeline\\Pipeline::carry():158}:159}()
#40 C:\\Apache24\\htdocs\\vel-vue-admin\\vel-riders-backend\\vendor\\laravel\\framework\\src\\Illuminate\\Foundation\\Http\\Middleware\\TrimStrings.php(40): Illuminate\\Foundation\\Http\\Middleware\\TransformsRequest->handle()
#41 C:\\Apache24\\htdocs\\vel-vue-admin\\vel-riders-backend\\vendor\\laravel\\framework\\src\\Illuminate\\Pipeline\\Pipeline.php(183): Illuminate\\Foundation\\Http\\Middleware\\TrimStrings->handle()
#42 C:\\Apache24\\htdocs\\vel-vue-admin\\vel-riders-backend\\vendor\\laravel\\framework\\src\\Illuminate\\Foundation\\Http\\Middleware\\ValidatePostSize.php(27): Illuminate\\Pipeline\\Pipeline->{closure:{closure:Illuminate\\Pipeline\\Pipeline::carry():158}:159}()
#43 C:\\Apache24\\htdocs\\vel-vue-admin\\vel-riders-backend\\vendor\\laravel\\framework\\src\\Illuminate\\Pipeline\\Pipeline.php(183): Illuminate\\Foundation\\Http\\Middleware\\ValidatePostSize->handle()
#44 C:\\Apache24\\htdocs\\vel-vue-admin\\vel-riders-backend\\vendor\\laravel\\framework\\src\\Illuminate\\Foundation\\Http\\Middleware\\PreventRequestsDuringMaintenance.php(99): Illuminate\\Pipeline\\Pipeline->{closure:{closure:Illuminate\\Pipeline\\Pipeline::carry():158}:159}()
#45 C:\\Apache24\\htdocs\\vel-vue-admin\\vel-riders-backend\\vendor\\laravel\\framework\\src\\Illuminate\\Pipeline\\Pipeline.php(183): Illuminate\\Foundation\\Http\\Middleware\\PreventRequestsDuringMaintenance->handle()
#46 C:\\Apache24\\htdocs\\vel-vue-admin\\vel-riders-backend\\vendor\\laravel\\framework\\src\\Illuminate\\Http\\Middleware\\HandleCors.php(49): Illuminate\\Pipeline\\Pipeline->{closure:{closure:Illuminate\\Pipeline\\Pipeline::carry():158}:159}()
#47 C:\\Apache24\\htdocs\\vel-vue-admin\\vel-riders-backend\\vendor\\laravel\\framework\\src\\Illuminate\\Pipeline\\Pipeline.php(183): Illuminate\\Http\\Middleware\\HandleCors->handle()
#48 C:\\Apache24\\htdocs\\vel-vue-admin\\vel-riders-backend\\vendor\\laravel\\framework\\src\\Illuminate\\Http\\Middleware\\TrustProxies.php(39): Illuminate\\Pipeline\\Pipeline->{closure:{closure:Illuminate\\Pipeline\\Pipeline::carry():158}:159}()
#49 C:\\Apache24\\htdocs\\vel-vue-admin\\vel-riders-backend\\vendor\\laravel\\framework\\src\\Illuminate\\Pipeline\\Pipeline.php(183): Illuminate\\Http\\Middleware\\TrustProxies->handle()
#50 C:\\Apache24\\htdocs\\vel-vue-admin\\vel-riders-backend\\vendor\\laravel\\framework\\src\\Illuminate\\Pipeline\\Pipeline.php(119): Illuminate\\Pipeline\\Pipeline->{closure:{closure:Illuminate\\Pipeline\\Pipeline::carry():158}:159}()
#51 C:\\Apache24\\htdocs\\vel-vue-admin\\vel-riders-backend\\vendor\\laravel\\framework\\src\\Illuminate\\Foundation\\Http\\Kernel.php(175): Illuminate\\Pipeline\\Pipeline->then()
#52 C:\\Apache24\\htdocs\\vel-vue-admin\\vel-riders-backend\\vendor\\laravel\\framework\\src\\Illuminate\\Foundation\\Http\\Kernel.php(144): Illuminate\\Foundation\\Http\\Kernel->sendRequestThroughRouter()
#53 C:\\Apache24\\htdocs\\vel-vue-admin\\vel-riders-backend\\public\\index.php(51): Illuminate\\Foundation\\Http\\Kernel->handle()
#54 C:\\Apache24\\htdocs\\vel-vue-admin\\vel-riders-backend\\vendor\\laravel\\framework\\src\\Illuminate\\Foundation\\resources\\server.php(16): require_once('...')
#55 {main}

[previous exception] [object] (PDOException(code: 42S02): SQLSTATE[42S02]: Base table or view not found: 1146 Table 'velriders-live4.models' doesn't exist at C:\\Apache24\\htdocs\\vel-vue-admin\\vel-riders-backend\\vendor\\laravel\\framework\\src\\Illuminate\\Database\\Connection.php:423)
[stacktrace]
#0 C:\\Apache24\\htdocs\\vel-vue-admin\\vel-riders-backend\\vendor\\laravel\\framework\\src\\Illuminate\\Database\\Connection.php(423): PDO->prepare()
#1 C:\\Apache24\\htdocs\\vel-vue-admin\\vel-riders-backend\\vendor\\laravel\\framework\\src\\Illuminate\\Database\\Connection.php(816): Illuminate\\Database\\Connection->{closure:Illuminate\\Database\\Connection::select():414}()
#2 C:\\Apache24\\htdocs\\vel-vue-admin\\vel-riders-backend\\vendor\\laravel\\framework\\src\\Illuminate\\Database\\Connection.php(783): Illuminate\\Database\\Connection->runQueryCallback()
#3 C:\\Apache24\\htdocs\\vel-vue-admin\\vel-riders-backend\\vendor\\laravel\\framework\\src\\Illuminate\\Database\\Connection.php(414): Illuminate\\Database\\Connection->run()
#4 C:\\Apache24\\htdocs\\vel-vue-admin\\vel-riders-backend\\vendor\\laravel\\framework\\src\\Illuminate\\Database\\Query\\Builder.php(2913): Illuminate\\Database\\Connection->select()
#5 C:\\Apache24\\htdocs\\vel-vue-admin\\vel-riders-backend\\vendor\\laravel\\framework\\src\\Illuminate\\Database\\Query\\Builder.php(2902): Illuminate\\Database\\Query\\Builder->runSelect()
#6 C:\\Apache24\\htdocs\\vel-vue-admin\\vel-riders-backend\\vendor\\laravel\\framework\\src\\Illuminate\\Database\\Query\\Builder.php(3456): Illuminate\\Database\\Query\\Builder->{closure:Illuminate\\Database\\Query\\Builder::get():2901}()
#7 C:\\Apache24\\htdocs\\vel-vue-admin\\vel-riders-backend\\vendor\\laravel\\framework\\src\\Illuminate\\Database\\Query\\Builder.php(2901): Illuminate\\Database\\Query\\Builder->onceWithColumns()
#8 C:\\Apache24\\htdocs\\vel-vue-admin\\vel-riders-backend\\vendor\\laravel\\framework\\src\\Illuminate\\Database\\Concerns\\BuildsQueries.php(333): Illuminate\\Database\\Query\\Builder->get()
#9 C:\\Apache24\\htdocs\\vel-vue-admin\\vel-riders-backend\\routes\\web.php(383): Illuminate\\Database\\Query\\Builder->first()
#10 C:\\Apache24\\htdocs\\vel-vue-admin\\vel-riders-backend\\vendor\\laravel\\framework\\src\\Illuminate\\Routing\\CallableDispatcher.php(40): Illuminate\\Routing\\RouteFileRegistrar->{closure:C:\\Apache24\\htdocs\\vel-vue-admin\\vel-riders-backend\\routes\\web.php:370}()
#11 C:\\Apache24\\htdocs\\vel-vue-admin\\vel-riders-backend\\vendor\\laravel\\framework\\src\\Illuminate\\Routing\\Route.php(237): Illuminate\\Routing\\CallableDispatcher->dispatch()
#12 C:\\Apache24\\htdocs\\vel-vue-admin\\vel-riders-backend\\vendor\\laravel\\framework\\src\\Illuminate\\Routing\\Route.php(208): Illuminate\\Routing\\Route->runCallable()
#13 C:\\Apache24\\htdocs\\vel-vue-admin\\vel-riders-backend\\vendor\\laravel\\framework\\src\\Illuminate\\Routing\\Router.php(806): Illuminate\\Routing\\Route->run()
#14 C:\\Apache24\\htdocs\\vel-vue-admin\\vel-riders-backend\\vendor\\laravel\\framework\\src\\Illuminate\\Pipeline\\Pipeline.php(144): Illuminate\\Routing\\Router->{closure:Illuminate\\Routing\\Router::runRouteWithinStack():805}()
#15 C:\\Apache24\\htdocs\\vel-vue-admin\\vel-riders-backend\\vendor\\laravel\\framework\\src\\Illuminate\\Routing\\Middleware\\SubstituteBindings.php(50): Illuminate\\Pipeline\\Pipeline->{closure:Illuminate\\Pipeline\\Pipeline::prepareDestination():142}()
#16 C:\\Apache24\\htdocs\\vel-vue-admin\\vel-riders-backend\\vendor\\laravel\\framework\\src\\Illuminate\\Pipeline\\Pipeline.php(183): Illuminate\\Routing\\Middleware\\SubstituteBindings->handle()
#17 C:\\Apache24\\htdocs\\vel-vue-admin\\vel-riders-backend\\vendor\\laravel\\framework\\src\\Illuminate\\Routing\\Middleware\\ThrottleRequests.php(159): Illuminate\\Pipeline\\Pipeline->{closure:{closure:Illuminate\\Pipeline\\Pipeline::carry():158}:159}()
#18 C:\\Apache24\\htdocs\\vel-vue-admin\\vel-riders-backend\\vendor\\laravel\\framework\\src\\Illuminate\\Routing\\Middleware\\ThrottleRequests.php(90): Illuminate\\Routing\\Middleware\\ThrottleRequests->handleRequest()
#19 C:\\Apache24\\htdocs\\vel-vue-admin\\vel-riders-backend\\vendor\\laravel\\framework\\src\\Illuminate\\Pipeline\\Pipeline.php(183): Illuminate\\Routing\\Middleware\\ThrottleRequests->handle()
#20 C:\\Apache24\\htdocs\\vel-vue-admin\\vel-riders-backend\\vendor\\laravel\\framework\\src\\Illuminate\\Foundation\\Http\\Middleware\\VerifyCsrfToken.php(78): Illuminate\\Pipeline\\Pipeline->{closure:{closure:Illuminate\\Pipeline\\Pipeline::carry():158}:159}()
#21 C:\\Apache24\\htdocs\\vel-vue-admin\\vel-riders-backend\\vendor\\laravel\\framework\\src\\Illuminate\\Pipeline\\Pipeline.php(183): Illuminate\\Foundation\\Http\\Middleware\\VerifyCsrfToken->handle()
#22 C:\\Apache24\\htdocs\\vel-vue-admin\\vel-riders-backend\\vendor\\laravel\\framework\\src\\Illuminate\\View\\Middleware\\ShareErrorsFromSession.php(49): Illuminate\\Pipeline\\Pipeline->{closure:{closure:Illuminate\\Pipeline\\Pipeline::carry():158}:159}()
#23 C:\\Apache24\\htdocs\\vel-vue-admin\\vel-riders-backend\\vendor\\laravel\\framework\\src\\Illuminate\\Pipeline\\Pipeline.php(183): Illuminate\\View\\Middleware\\ShareErrorsFromSession->handle()
#24 C:\\Apache24\\htdocs\\vel-vue-admin\\vel-riders-backend\\vendor\\laravel\\framework\\src\\Illuminate\\Session\\Middleware\\StartSession.php(121): Illuminate\\Pipeline\\Pipeline->{closure:{closure:Illuminate\\Pipeline\\Pipeline::carry():158}:159}()
#25 C:\\Apache24\\htdocs\\vel-vue-admin\\vel-riders-backend\\vendor\\laravel\\framework\\src\\Illuminate\\Session\\Middleware\\StartSession.php(64): Illuminate\\Session\\Middleware\\StartSession->handleStatefulRequest()
#26 C:\\Apache24\\htdocs\\vel-vue-admin\\vel-riders-backend\\vendor\\laravel\\framework\\src\\Illuminate\\Pipeline\\Pipeline.php(183): Illuminate\\Session\\Middleware\\StartSession->handle()
#27 C:\\Apache24\\htdocs\\vel-vue-admin\\vel-riders-backend\\vendor\\laravel\\framework\\src\\Illuminate\\Cookie\\Middleware\\AddQueuedCookiesToResponse.php(37): Illuminate\\Pipeline\\Pipeline->{closure:{closure:Illuminate\\Pipeline\\Pipeline::carry():158}:159}()
#28 C:\\Apache24\\htdocs\\vel-vue-admin\\vel-riders-backend\\vendor\\laravel\\framework\\src\\Illuminate\\Pipeline\\Pipeline.php(183): Illuminate\\Cookie\\Middleware\\AddQueuedCookiesToResponse->handle()
#29 C:\\Apache24\\htdocs\\vel-vue-admin\\vel-riders-backend\\vendor\\laravel\\framework\\src\\Illuminate\\Cookie\\Middleware\\EncryptCookies.php(67): Illuminate\\Pipeline\\Pipeline->{closure:{closure:Illuminate\\Pipeline\\Pipeline::carry():158}:159}()
#30 C:\\Apache24\\htdocs\\vel-vue-admin\\vel-riders-backend\\vendor\\laravel\\framework\\src\\Illuminate\\Pipeline\\Pipeline.php(183): Illuminate\\Cookie\\Middleware\\EncryptCookies->handle()
#31 C:\\Apache24\\htdocs\\vel-vue-admin\\vel-riders-backend\\vendor\\laravel\\framework\\src\\Illuminate\\Pipeline\\Pipeline.php(119): Illuminate\\Pipeline\\Pipeline->{closure:{closure:Illuminate\\Pipeline\\Pipeline::carry():158}:159}()
#32 C:\\Apache24\\htdocs\\vel-vue-admin\\vel-riders-backend\\vendor\\laravel\\framework\\src\\Illuminate\\Routing\\Router.php(805): Illuminate\\Pipeline\\Pipeline->then()
#33 C:\\Apache24\\htdocs\\vel-vue-admin\\vel-riders-backend\\vendor\\laravel\\framework\\src\\Illuminate\\Routing\\Router.php(784): Illuminate\\Routing\\Router->runRouteWithinStack()
#34 C:\\Apache24\\htdocs\\vel-vue-admin\\vel-riders-backend\\vendor\\laravel\\framework\\src\\Illuminate\\Routing\\Router.php(748): Illuminate\\Routing\\Router->runRoute()
#35 C:\\Apache24\\htdocs\\vel-vue-admin\\vel-riders-backend\\vendor\\laravel\\framework\\src\\Illuminate\\Routing\\Router.php(737): Illuminate\\Routing\\Router->dispatchToRoute()
#36 C:\\Apache24\\htdocs\\vel-vue-admin\\vel-riders-backend\\vendor\\laravel\\framework\\src\\Illuminate\\Foundation\\Http\\Kernel.php(200): Illuminate\\Routing\\Router->dispatch()
#37 C:\\Apache24\\htdocs\\vel-vue-admin\\vel-riders-backend\\vendor\\laravel\\framework\\src\\Illuminate\\Pipeline\\Pipeline.php(144): Illuminate\\Foundation\\Http\\Kernel->{closure:Illuminate\\Foundation\\Http\\Kernel::dispatchToRouter():197}()
#38 C:\\Apache24\\htdocs\\vel-vue-admin\\vel-riders-backend\\vendor\\laravel\\framework\\src\\Illuminate\\Foundation\\Http\\Middleware\\TransformsRequest.php(21): Illuminate\\Pipeline\\Pipeline->{closure:Illuminate\\Pipeline\\Pipeline::prepareDestination():142}()
#39 C:\\Apache24\\htdocs\\vel-vue-admin\\vel-riders-backend\\vendor\\laravel\\framework\\src\\Illuminate\\Foundation\\Http\\Middleware\\ConvertEmptyStringsToNull.php(31): Illuminate\\Foundation\\Http\\Middleware\\TransformsRequest->handle()
#40 C:\\Apache24\\htdocs\\vel-vue-admin\\vel-riders-backend\\vendor\\laravel\\framework\\src\\Illuminate\\Pipeline\\Pipeline.php(183): Illuminate\\Foundation\\Http\\Middleware\\ConvertEmptyStringsToNull->handle()
#41 C:\\Apache24\\htdocs\\vel-vue-admin\\vel-riders-backend\\vendor\\laravel\\framework\\src\\Illuminate\\Foundation\\Http\\Middleware\\TransformsRequest.php(21): Illuminate\\Pipeline\\Pipeline->{closure:{closure:Illuminate\\Pipeline\\Pipeline::carry():158}:159}()
#42 C:\\Apache24\\htdocs\\vel-vue-admin\\vel-riders-backend\\vendor\\laravel\\framework\\src\\Illuminate\\Foundation\\Http\\Middleware\\TrimStrings.php(40): Illuminate\\Foundation\\Http\\Middleware\\TransformsRequest->handle()
#43 C:\\Apache24\\htdocs\\vel-vue-admin\\vel-riders-backend\\vendor\\laravel\\framework\\src\\Illuminate\\Pipeline\\Pipeline.php(183): Illuminate\\Foundation\\Http\\Middleware\\TrimStrings->handle()
#44 C:\\Apache24\\htdocs\\vel-vue-admin\\vel-riders-backend\\vendor\\laravel\\framework\\src\\Illuminate\\Foundation\\Http\\Middleware\\ValidatePostSize.php(27): Illuminate\\Pipeline\\Pipeline->{closure:{closure:Illuminate\\Pipeline\\Pipeline::carry():158}:159}()
#45 C:\\Apache24\\htdocs\\vel-vue-admin\\vel-riders-backend\\vendor\\laravel\\framework\\src\\Illuminate\\Pipeline\\Pipeline.php(183): Illuminate\\Foundation\\Http\\Middleware\\ValidatePostSize->handle()
#46 C:\\Apache24\\htdocs\\vel-vue-admin\\vel-riders-backend\\vendor\\laravel\\framework\\src\\Illuminate\\Foundation\\Http\\Middleware\\PreventRequestsDuringMaintenance.php(99): Illuminate\\Pipeline\\Pipeline->{closure:{closure:Illuminate\\Pipeline\\Pipeline::carry():158}:159}()
#47 C:\\Apache24\\htdocs\\vel-vue-admin\\vel-riders-backend\\vendor\\laravel\\framework\\src\\Illuminate\\Pipeline\\Pipeline.php(183): Illuminate\\Foundation\\Http\\Middleware\\PreventRequestsDuringMaintenance->handle()
#48 C:\\Apache24\\htdocs\\vel-vue-admin\\vel-riders-backend\\vendor\\laravel\\framework\\src\\Illuminate\\Http\\Middleware\\HandleCors.php(49): Illuminate\\Pipeline\\Pipeline->{closure:{closure:Illuminate\\Pipeline\\Pipeline::carry():158}:159}()
#49 C:\\Apache24\\htdocs\\vel-vue-admin\\vel-riders-backend\\vendor\\laravel\\framework\\src\\Illuminate\\Pipeline\\Pipeline.php(183): Illuminate\\Http\\Middleware\\HandleCors->handle()
#50 C:\\Apache24\\htdocs\\vel-vue-admin\\vel-riders-backend\\vendor\\laravel\\framework\\src\\Illuminate\\Http\\Middleware\\TrustProxies.php(39): Illuminate\\Pipeline\\Pipeline->{closure:{closure:Illuminate\\Pipeline\\Pipeline::carry():158}:159}()
#51 C:\\Apache24\\htdocs\\vel-vue-admin\\vel-riders-backend\\vendor\\laravel\\framework\\src\\Illuminate\\Pipeline\\Pipeline.php(183): Illuminate\\Http\\Middleware\\TrustProxies->handle()
#52 C:\\Apache24\\htdocs\\vel-vue-admin\\vel-riders-backend\\vendor\\laravel\\framework\\src\\Illuminate\\Pipeline\\Pipeline.php(119): Illuminate\\Pipeline\\Pipeline->{closure:{closure:Illuminate\\Pipeline\\Pipeline::carry():158}:159}()
#53 C:\\Apache24\\htdocs\\vel-vue-admin\\vel-riders-backend\\vendor\\laravel\\framework\\src\\Illuminate\\Foundation\\Http\\Kernel.php(175): Illuminate\\Pipeline\\Pipeline->then()
#54 C:\\Apache24\\htdocs\\vel-vue-admin\\vel-riders-backend\\vendor\\laravel\\framework\\src\\Illuminate\\Foundation\\Http\\Kernel.php(144): Illuminate\\Foundation\\Http\\Kernel->sendRequestThroughRouter()
#55 C:\\Apache24\\htdocs\\vel-vue-admin\\vel-riders-backend\\public\\index.php(51): Illuminate\\Foundation\\Http\\Kernel->handle()
#56 C:\\Apache24\\htdocs\\vel-vue-admin\\vel-riders-backend\\vendor\\laravel\\framework\\src\\Illuminate\\Foundation\\resources\\server.php(16): require_once('...')
#57 {main}
"} 
[2026-06-18 11:35:59] local.ERROR: SQLSTATE[42S02]: Base table or view not found: 1146 Table 'velriders-live4.models' doesn't exist (Connection: mysql, SQL: select `v`.`vehicle_id`, `v`.`rental_price`, `v`.`extra_km_rate`, `v`.`extra_hour_rate`, `v`.`commission_percent`, `m`.`name` as `model_name`, `c`.`name` as `category_name`, `vt`.`name` as `vehicle_type_name` from `vehicles` as `v` left join `models` as `m` on `v`.`model_id` = `m`.`model_id` left join `categories` as `c` on `m`.`category_id` = `c`.`category_id` left join `vehicle_types` as `vt` on `c`.`vehicle_type_id` = `vt`.`type_id` where `v`.`vehicle_id` = 103 limit 1) {"exception":"[object] (Illuminate\\Database\\QueryException(code: 42S02): SQLSTATE[42S02]: Base table or view not found: 1146 Table 'velriders-live4.models' doesn't exist (Connection: mysql, SQL: select `v`.`vehicle_id`, `v`.`rental_price`, `v`.`extra_km_rate`, `v`.`extra_hour_rate`, `v`.`commission_percent`, `m`.`name` as `model_name`, `c`.`name` as `category_name`, `vt`.`name` as `vehicle_type_name` from `vehicles` as `v` left join `models` as `m` on `v`.`model_id` = `m`.`model_id` left join `categories` as `c` on `m`.`category_id` = `c`.`category_id` left join `vehicle_types` as `vt` on `c`.`vehicle_type_id` = `vt`.`type_id` where `v`.`vehicle_id` = 103 limit 1) at C:\\Apache24\\htdocs\\vel-vue-admin\\vel-riders-backend\\vendor\\laravel\\framework\\src\\Illuminate\\Database\\Connection.php:829)
[stacktrace]
#0 C:\\Apache24\\htdocs\\vel-vue-admin\\vel-riders-backend\\vendor\\laravel\\framework\\src\\Illuminate\\Database\\Connection.php(783): Illuminate\\Database\\Connection->runQueryCallback()
#1 C:\\Apache24\\htdocs\\vel-vue-admin\\vel-riders-backend\\vendor\\laravel\\framework\\src\\Illuminate\\Database\\Connection.php(414): Illuminate\\Database\\Connection->run()
#2 C:\\Apache24\\htdocs\\vel-vue-admin\\vel-riders-backend\\vendor\\laravel\\framework\\src\\Illuminate\\Database\\Query\\Builder.php(2913): Illuminate\\Database\\Connection->select()
#3 C:\\Apache24\\htdocs\\vel-vue-admin\\vel-riders-backend\\vendor\\laravel\\framework\\src\\Illuminate\\Database\\Query\\Builder.php(2902): Illuminate\\Database\\Query\\Builder->runSelect()
#4 C:\\Apache24\\htdocs\\vel-vue-admin\\vel-riders-backend\\vendor\\laravel\\framework\\src\\Illuminate\\Database\\Query\\Builder.php(3456): Illuminate\\Database\\Query\\Builder->{closure:Illuminate\\Database\\Query\\Builder::get():2901}()
#5 C:\\Apache24\\htdocs\\vel-vue-admin\\vel-riders-backend\\vendor\\laravel\\framework\\src\\Illuminate\\Database\\Query\\Builder.php(2901): Illuminate\\Database\\Query\\Builder->onceWithColumns()
#6 C:\\Apache24\\htdocs\\vel-vue-admin\\vel-riders-backend\\vendor\\laravel\\framework\\src\\Illuminate\\Database\\Concerns\\BuildsQueries.php(333): Illuminate\\Database\\Query\\Builder->get()
#7 C:\\Apache24\\htdocs\\vel-vue-admin\\vel-riders-backend\\routes\\web.php(383): Illuminate\\Database\\Query\\Builder->first()
#8 C:\\Apache24\\htdocs\\vel-vue-admin\\vel-riders-backend\\vendor\\laravel\\framework\\src\\Illuminate\\Routing\\CallableDispatcher.php(40): Illuminate\\Routing\\RouteFileRegistrar->{closure:C:\\Apache24\\htdocs\\vel-vue-admin\\vel-riders-backend\\routes\\web.php:370}()
#9 C:\\Apache24\\htdocs\\vel-vue-admin\\vel-riders-backend\\vendor\\laravel\\framework\\src\\Illuminate\\Routing\\Route.php(237): Illuminate\\Routing\\CallableDispatcher->dispatch()
#10 C:\\Apache24\\htdocs\\vel-vue-admin\\vel-riders-backend\\vendor\\laravel\\framework\\src\\Illuminate\\Routing\\Route.php(208): Illuminate\\Routing\\Route->runCallable()
#11 C:\\Apache24\\htdocs\\vel-vue-admin\\vel-riders-backend\\vendor\\laravel\\framework\\src\\Illuminate\\Routing\\Router.php(806): Illuminate\\Routing\\Route->run()
#12 C:\\Apache24\\htdocs\\vel-vue-admin\\vel-riders-backend\\vendor\\laravel\\framework\\src\\Illuminate\\Pipeline\\Pipeline.php(144): Illuminate\\Routing\\Router->{closure:Illuminate\\Routing\\Router::runRouteWithinStack():805}()
#13 C:\\Apache24\\htdocs\\vel-vue-admin\\vel-riders-backend\\vendor\\laravel\\framework\\src\\Illuminate\\Routing\\Middleware\\SubstituteBindings.php(50): Illuminate\\Pipeline\\Pipeline->{closure:Illuminate\\Pipeline\\Pipeline::prepareDestination():142}()
#14 C:\\Apache24\\htdocs\\vel-vue-admin\\vel-riders-backend\\vendor\\laravel\\framework\\src\\Illuminate\\Pipeline\\Pipeline.php(183): Illuminate\\Routing\\Middleware\\SubstituteBindings->handle()
#15 C:\\Apache24\\htdocs\\vel-vue-admin\\vel-riders-backend\\vendor\\laravel\\framework\\src\\Illuminate\\Routing\\Middleware\\ThrottleRequests.php(159): Illuminate\\Pipeline\\Pipeline->{closure:{closure:Illuminate\\Pipeline\\Pipeline::carry():158}:159}()
#16 C:\\Apache24\\htdocs\\vel-vue-admin\\vel-riders-backend\\vendor\\laravel\\framework\\src\\Illuminate\\Routing\\Middleware\\ThrottleRequests.php(90): Illuminate\\Routing\\Middleware\\ThrottleRequests->handleRequest()
#17 C:\\Apache24\\htdocs\\vel-vue-admin\\vel-riders-backend\\vendor\\laravel\\framework\\src\\Illuminate\\Pipeline\\Pipeline.php(183): Illuminate\\Routing\\Middleware\\ThrottleRequests->handle()
#18 C:\\Apache24\\htdocs\\vel-vue-admin\\vel-riders-backend\\vendor\\laravel\\framework\\src\\Illuminate\\Foundation\\Http\\Middleware\\VerifyCsrfToken.php(78): Illuminate\\Pipeline\\Pipeline->{closure:{closure:Illuminate\\Pipeline\\Pipeline::carry():158}:159}()
#19 C:\\Apache24\\htdocs\\vel-vue-admin\\vel-riders-backend\\vendor\\laravel\\framework\\src\\Illuminate\\Pipeline\\Pipeline.php(183): Illuminate\\Foundation\\Http\\Middleware\\VerifyCsrfToken->handle()
#20 C:\\Apache24\\htdocs\\vel-vue-admin\\vel-riders-backend\\vendor\\laravel\\framework\\src\\Illuminate\\View\\Middleware\\ShareErrorsFromSession.php(49): Illuminate\\Pipeline\\Pipeline->{closure:{closure:Illuminate\\Pipeline\\Pipeline::carry():158}:159}()
#21 C:\\Apache24\\htdocs\\vel-vue-admin\\vel-riders-backend\\vendor\\laravel\\framework\\src\\Illuminate\\Pipeline\\Pipeline.php(183): Illuminate\\View\\Middleware\\ShareErrorsFromSession->handle()
#22 C:\\Apache24\\htdocs\\vel-vue-admin\\vel-riders-backend\\vendor\\laravel\\framework\\src\\Illuminate\\Session\\Middleware\\StartSession.php(121): Illuminate\\Pipeline\\Pipeline->{closure:{closure:Illuminate\\Pipeline\\Pipeline::carry():158}:159}()
#23 C:\\Apache24\\htdocs\\vel-vue-admin\\vel-riders-backend\\vendor\\laravel\\framework\\src\\Illuminate\\Session\\Middleware\\StartSession.php(64): Illuminate\\Session\\Middleware\\StartSession->handleStatefulRequest()
#24 C:\\Apache24\\htdocs\\vel-vue-admin\\vel-riders-backend\\vendor\\laravel\\framework\\src\\Illuminate\\Pipeline\\Pipeline.php(183): Illuminate\\Session\\Middleware\\StartSession->handle()
#25 C:\\Apache24\\htdocs\\vel-vue-admin\\vel-riders-backend\\vendor\\laravel\\framework\\src\\Illuminate\\Cookie\\Middleware\\AddQueuedCookiesToResponse.php(37): Illuminate\\Pipeline\\Pipeline->{closure:{closure:Illuminate\\Pipeline\\Pipeline::carry():158}:159}()
#26 C:\\Apache24\\htdocs\\vel-vue-admin\\vel-riders-backend\\vendor\\laravel\\framework\\src\\Illuminate\\Pipeline\\Pipeline.php(183): Illuminate\\Cookie\\Middleware\\AddQueuedCookiesToResponse->handle()
#27 C:\\Apache24\\htdocs\\vel-vue-admin\\vel-riders-backend\\vendor\\laravel\\framework\\src\\Illuminate\\Cookie\\Middleware\\EncryptCookies.php(67): Illuminate\\Pipeline\\Pipeline->{closure:{closure:Illuminate\\Pipeline\\Pipeline::carry():158}:159}()
#28 C:\\Apache24\\htdocs\\vel-vue-admin\\vel-riders-backend\\vendor\\laravel\\framework\\src\\Illuminate\\Pipeline\\Pipeline.php(183): Illuminate\\Cookie\\Middleware\\EncryptCookies->handle()
#29 C:\\Apache24\\htdocs\\vel-vue-admin\\vel-riders-backend\\vendor\\laravel\\framework\\src\\Illuminate\\Pipeline\\Pipeline.php(119): Illuminate\\Pipeline\\Pipeline->{closure:{closure:Illuminate\\Pipeline\\Pipeline::carry():158}:159}()
#30 C:\\Apache24\\htdocs\\vel-vue-admin\\vel-riders-backend\\vendor\\laravel\\framework\\src\\Illuminate\\Routing\\Router.php(805): Illuminate\\Pipeline\\Pipeline->then()
#31 C:\\Apache24\\htdocs\\vel-vue-admin\\vel-riders-backend\\vendor\\laravel\\framework\\src\\Illuminate\\Routing\\Router.php(784): Illuminate\\Routing\\Router->runRouteWithinStack()
#32 C:\\Apache24\\htdocs\\vel-vue-admin\\vel-riders-backend\\vendor\\laravel\\framework\\src\\Illuminate\\Routing\\Router.php(748): Illuminate\\Routing\\Router->runRoute()
#33 C:\\Apache24\\htdocs\\vel-vue-admin\\vel-riders-backend\\vendor\\laravel\\framework\\src\\Illuminate\\Routing\\Router.php(737): Illuminate\\Routing\\Router->dispatchToRoute()
#34 C:\\Apache24\\htdocs\\vel-vue-admin\\vel-riders-backend\\vendor\\laravel\\framework\\src\\Illuminate\\Foundation\\Http\\Kernel.php(200): Illuminate\\Routing\\Router->dispatch()
#35 C:\\Apache24\\htdocs\\vel-vue-admin\\vel-riders-backend\\vendor\\laravel\\framework\\src\\Illuminate\\Pipeline\\Pipeline.php(144): Illuminate\\Foundation\\Http\\Kernel->{closure:Illuminate\\Foundation\\Http\\Kernel::dispatchToRouter():197}()
#36 C:\\Apache24\\htdocs\\vel-vue-admin\\vel-riders-backend\\vendor\\laravel\\framework\\src\\Illuminate\\Foundation\\Http\\Middleware\\TransformsRequest.php(21): Illuminate\\Pipeline\\Pipeline->{closure:Illuminate\\Pipeline\\Pipeline::prepareDestination():142}()
#37 C:\\Apache24\\htdocs\\vel-vue-admin\\vel-riders-backend\\vendor\\laravel\\framework\\src\\Illuminate\\Foundation\\Http\\Middleware\\ConvertEmptyStringsToNull.php(31): Illuminate\\Foundation\\Http\\Middleware\\TransformsRequest->handle()
#38 C:\\Apache24\\htdocs\\vel-vue-admin\\vel-riders-backend\\vendor\\laravel\\framework\\src\\Illuminate\\Pipeline\\Pipeline.php(183): Illuminate\\Foundation\\Http\\Middleware\\ConvertEmptyStringsToNull->handle()
#39 C:\\Apache24\\htdocs\\vel-vue-admin\\vel-riders-backend\\vendor\\laravel\\framework\\src\\Illuminate\\Foundation\\Http\\Middleware\\TransformsRequest.php(21): Illuminate\\Pipeline\\Pipeline->{closure:{closure:Illuminate\\Pipeline\\Pipeline::carry():158}:159}()
#40 C:\\Apache24\\htdocs\\vel-vue-admin\\vel-riders-backend\\vendor\\laravel\\framework\\src\\Illuminate\\Foundation\\Http\\Middleware\\TrimStrings.php(40): Illuminate\\Foundation\\Http\\Middleware\\TransformsRequest->handle()
#41 C:\\Apache24\\htdocs\\vel-vue-admin\\vel-riders-backend\\vendor\\laravel\\framework\\src\\Illuminate\\Pipeline\\Pipeline.php(183): Illuminate\\Foundation\\Http\\Middleware\\TrimStrings->handle()
#42 C:\\Apache24\\htdocs\\vel-vue-admin\\vel-riders-backend\\vendor\\laravel\\framework\\src\\Illuminate\\Foundation\\Http\\Middleware\\ValidatePostSize.php(27): Illuminate\\Pipeline\\Pipeline->{closure:{closure:Illuminate\\Pipeline\\Pipeline::carry():158}:159}()
#43 C:\\Apache24\\htdocs\\vel-vue-admin\\vel-riders-backend\\vendor\\laravel\\framework\\src\\Illuminate\\Pipeline\\Pipeline.php(183): Illuminate\\Foundation\\Http\\Middleware\\ValidatePostSize->handle()
#44 C:\\Apache24\\htdocs\\vel-vue-admin\\vel-riders-backend\\vendor\\laravel\\framework\\src\\Illuminate\\Foundation\\Http\\Middleware\\PreventRequestsDuringMaintenance.php(99): Illuminate\\Pipeline\\Pipeline->{closure:{closure:Illuminate\\Pipeline\\Pipeline::carry():158}:159}()
#45 C:\\Apache24\\htdocs\\vel-vue-admin\\vel-riders-backend\\vendor\\laravel\\framework\\src\\Illuminate\\Pipeline\\Pipeline.php(183): Illuminate\\Foundation\\Http\\Middleware\\PreventRequestsDuringMaintenance->handle()
#46 C:\\Apache24\\htdocs\\vel-vue-admin\\vel-riders-backend\\vendor\\laravel\\framework\\src\\Illuminate\\Http\\Middleware\\HandleCors.php(49): Illuminate\\Pipeline\\Pipeline->{closure:{closure:Illuminate\\Pipeline\\Pipeline::carry():158}:159}()
#47 C:\\Apache24\\htdocs\\vel-vue-admin\\vel-riders-backend\\vendor\\laravel\\framework\\src\\Illuminate\\Pipeline\\Pipeline.php(183): Illuminate\\Http\\Middleware\\HandleCors->handle()
#48 C:\\Apache24\\htdocs\\vel-vue-admin\\vel-riders-backend\\vendor\\laravel\\framework\\src\\Illuminate\\Http\\Middleware\\TrustProxies.php(39): Illuminate\\Pipeline\\Pipeline->{closure:{closure:Illuminate\\Pipeline\\Pipeline::carry():158}:159}()
#49 C:\\Apache24\\htdocs\\vel-vue-admin\\vel-riders-backend\\vendor\\laravel\\framework\\src\\Illuminate\\Pipeline\\Pipeline.php(183): Illuminate\\Http\\Middleware\\TrustProxies->handle()
#50 C:\\Apache24\\htdocs\\vel-vue-admin\\vel-riders-backend\\vendor\\laravel\\framework\\src\\Illuminate\\Pipeline\\Pipeline.php(119): Illuminate\\Pipeline\\Pipeline->{closure:{closure:Illuminate\\Pipeline\\Pipeline::carry():158}:159}()
#51 C:\\Apache24\\htdocs\\vel-vue-admin\\vel-riders-backend\\vendor\\laravel\\framework\\src\\Illuminate\\Foundation\\Http\\Kernel.php(175): Illuminate\\Pipeline\\Pipeline->then()
#52 C:\\Apache24\\htdocs\\vel-vue-admin\\vel-riders-backend\\vendor\\laravel\\framework\\src\\Illuminate\\Foundation\\Http\\Kernel.php(144): Illuminate\\Foundation\\Http\\Kernel->sendRequestThroughRouter()
#53 C:\\Apache24\\htdocs\\vel-vue-admin\\vel-riders-backend\\public\\index.php(51): Illuminate\\Foundation\\Http\\Kernel->handle()
#54 C:\\Apache24\\htdocs\\vel-vue-admin\\vel-riders-backend\\vendor\\laravel\\framework\\src\\Illuminate\\Foundation\\resources\\server.php(16): require_once('...')
#55 {main}

[previous exception] [object] (PDOException(code: 42S02): SQLSTATE[42S02]: Base table or view not found: 1146 Table 'velriders-live4.models' doesn't exist at C:\\Apache24\\htdocs\\vel-vue-admin\\vel-riders-backend\\vendor\\laravel\\framework\\src\\Illuminate\\Database\\Connection.php:423)
[stacktrace]
#0 C:\\Apache24\\htdocs\\vel-vue-admin\\vel-riders-backend\\vendor\\laravel\\framework\\src\\Illuminate\\Database\\Connection.php(423): PDO->prepare()
#1 C:\\Apache24\\htdocs\\vel-vue-admin\\vel-riders-backend\\vendor\\laravel\\framework\\src\\Illuminate\\Database\\Connection.php(816): Illuminate\\Database\\Connection->{closure:Illuminate\\Database\\Connection::select():414}()
#2 C:\\Apache24\\htdocs\\vel-vue-admin\\vel-riders-backend\\vendor\\laravel\\framework\\src\\Illuminate\\Database\\Connection.php(783): Illuminate\\Database\\Connection->runQueryCallback()
#3 C:\\Apache24\\htdocs\\vel-vue-admin\\vel-riders-backend\\vendor\\laravel\\framework\\src\\Illuminate\\Database\\Connection.php(414): Illuminate\\Database\\Connection->run()
#4 C:\\Apache24\\htdocs\\vel-vue-admin\\vel-riders-backend\\vendor\\laravel\\framework\\src\\Illuminate\\Database\\Query\\Builder.php(2913): Illuminate\\Database\\Connection->select()
#5 C:\\Apache24\\htdocs\\vel-vue-admin\\vel-riders-backend\\vendor\\laravel\\framework\\src\\Illuminate\\Database\\Query\\Builder.php(2902): Illuminate\\Database\\Query\\Builder->runSelect()
#6 C:\\Apache24\\htdocs\\vel-vue-admin\\vel-riders-backend\\vendor\\laravel\\framework\\src\\Illuminate\\Database\\Query\\Builder.php(3456): Illuminate\\Database\\Query\\Builder->{closure:Illuminate\\Database\\Query\\Builder::get():2901}()
#7 C:\\Apache24\\htdocs\\vel-vue-admin\\vel-riders-backend\\vendor\\laravel\\framework\\src\\Illuminate\\Database\\Query\\Builder.php(2901): Illuminate\\Database\\Query\\Builder->onceWithColumns()
#8 C:\\Apache24\\htdocs\\vel-vue-admin\\vel-riders-backend\\vendor\\laravel\\framework\\src\\Illuminate\\Database\\Concerns\\BuildsQueries.php(333): Illuminate\\Database\\Query\\Builder->get()
#9 C:\\Apache24\\htdocs\\vel-vue-admin\\vel-riders-backend\\routes\\web.php(383): Illuminate\\Database\\Query\\Builder->first()
#10 C:\\Apache24\\htdocs\\vel-vue-admin\\vel-riders-backend\\vendor\\laravel\\framework\\src\\Illuminate\\Routing\\CallableDispatcher.php(40): Illuminate\\Routing\\RouteFileRegistrar->{closure:C:\\Apache24\\htdocs\\vel-vue-admin\\vel-riders-backend\\routes\\web.php:370}()
#11 C:\\Apache24\\htdocs\\vel-vue-admin\\vel-riders-backend\\vendor\\laravel\\framework\\src\\Illuminate\\Routing\\Route.php(237): Illuminate\\Routing\\CallableDispatcher->dispatch()
#12 C:\\Apache24\\htdocs\\vel-vue-admin\\vel-riders-backend\\vendor\\laravel\\framework\\src\\Illuminate\\Routing\\Route.php(208): Illuminate\\Routing\\Route->runCallable()
#13 C:\\Apache24\\htdocs\\vel-vue-admin\\vel-riders-backend\\vendor\\laravel\\framework\\src\\Illuminate\\Routing\\Router.php(806): Illuminate\\Routing\\Route->run()
#14 C:\\Apache24\\htdocs\\vel-vue-admin\\vel-riders-backend\\vendor\\laravel\\framework\\src\\Illuminate\\Pipeline\\Pipeline.php(144): Illuminate\\Routing\\Router->{closure:Illuminate\\Routing\\Router::runRouteWithinStack():805}()
#15 C:\\Apache24\\htdocs\\vel-vue-admin\\vel-riders-backend\\vendor\\laravel\\framework\\src\\Illuminate\\Routing\\Middleware\\SubstituteBindings.php(50): Illuminate\\Pipeline\\Pipeline->{closure:Illuminate\\Pipeline\\Pipeline::prepareDestination():142}()
#16 C:\\Apache24\\htdocs\\vel-vue-admin\\vel-riders-backend\\vendor\\laravel\\framework\\src\\Illuminate\\Pipeline\\Pipeline.php(183): Illuminate\\Routing\\Middleware\\SubstituteBindings->handle()
#17 C:\\Apache24\\htdocs\\vel-vue-admin\\vel-riders-backend\\vendor\\laravel\\framework\\src\\Illuminate\\Routing\\Middleware\\ThrottleRequests.php(159): Illuminate\\Pipeline\\Pipeline->{closure:{closure:Illuminate\\Pipeline\\Pipeline::carry():158}:159}()
#18 C:\\Apache24\\htdocs\\vel-vue-admin\\vel-riders-backend\\vendor\\laravel\\framework\\src\\Illuminate\\Routing\\Middleware\\ThrottleRequests.php(90): Illuminate\\Routing\\Middleware\\ThrottleRequests->handleRequest()
#19 C:\\Apache24\\htdocs\\vel-vue-admin\\vel-riders-backend\\vendor\\laravel\\framework\\src\\Illuminate\\Pipeline\\Pipeline.php(183): Illuminate\\Routing\\Middleware\\ThrottleRequests->handle()
#20 C:\\Apache24\\htdocs\\vel-vue-admin\\vel-riders-backend\\vendor\\laravel\\framework\\src\\Illuminate\\Foundation\\Http\\Middleware\\VerifyCsrfToken.php(78): Illuminate\\Pipeline\\Pipeline->{closure:{closure:Illuminate\\Pipeline\\Pipeline::carry():158}:159}()
#21 C:\\Apache24\\htdocs\\vel-vue-admin\\vel-riders-backend\\vendor\\laravel\\framework\\src\\Illuminate\\Pipeline\\Pipeline.php(183): Illuminate\\Foundation\\Http\\Middleware\\VerifyCsrfToken->handle()
#22 C:\\Apache24\\htdocs\\vel-vue-admin\\vel-riders-backend\\vendor\\laravel\\framework\\src\\Illuminate\\View\\Middleware\\ShareErrorsFromSession.php(49): Illuminate\\Pipeline\\Pipeline->{closure:{closure:Illuminate\\Pipeline\\Pipeline::carry():158}:159}()
#23 C:\\Apache24\\htdocs\\vel-vue-admin\\vel-riders-backend\\vendor\\laravel\\framework\\src\\Illuminate\\Pipeline\\Pipeline.php(183): Illuminate\\View\\Middleware\\ShareErrorsFromSession->handle()
#24 C:\\Apache24\\htdocs\\vel-vue-admin\\vel-riders-backend\\vendor\\laravel\\framework\\src\\Illuminate\\Session\\Middleware\\StartSession.php(121): Illuminate\\Pipeline\\Pipeline->{closure:{closure:Illuminate\\Pipeline\\Pipeline::carry():158}:159}()
#25 C:\\Apache24\\htdocs\\vel-vue-admin\\vel-riders-backend\\vendor\\laravel\\framework\\src\\Illuminate\\Session\\Middleware\\StartSession.php(64): Illuminate\\Session\\Middleware\\StartSession->handleStatefulRequest()
#26 C:\\Apache24\\htdocs\\vel-vue-admin\\vel-riders-backend\\vendor\\laravel\\framework\\src\\Illuminate\\Pipeline\\Pipeline.php(183): Illuminate\\Session\\Middleware\\StartSession->handle()
#27 C:\\Apache24\\htdocs\\vel-vue-admin\\vel-riders-backend\\vendor\\laravel\\framework\\src\\Illuminate\\Cookie\\Middleware\\AddQueuedCookiesToResponse.php(37): Illuminate\\Pipeline\\Pipeline->{closure:{closure:Illuminate\\Pipeline\\Pipeline::carry():158}:159}()
#28 C:\\Apache24\\htdocs\\vel-vue-admin\\vel-riders-backend\\vendor\\laravel\\framework\\src\\Illuminate\\Pipeline\\Pipeline.php(183): Illuminate\\Cookie\\Middleware\\AddQueuedCookiesToResponse->handle()
#29 C:\\Apache24\\htdocs\\vel-vue-admin\\vel-riders-backend\\vendor\\laravel\\framework\\src\\Illuminate\\Cookie\\Middleware\\EncryptCookies.php(67): Illuminate\\Pipeline\\Pipeline->{closure:{closure:Illuminate\\Pipeline\\Pipeline::carry():158}:159}()
#30 C:\\Apache24\\htdocs\\vel-vue-admin\\vel-riders-backend\\vendor\\laravel\\framework\\src\\Illuminate\\Pipeline\\Pipeline.php(183): Illuminate\\Cookie\\Middleware\\EncryptCookies->handle()
#31 C:\\Apache24\\htdocs\\vel-vue-admin\\vel-riders-backend\\vendor\\laravel\\framework\\src\\Illuminate\\Pipeline\\Pipeline.php(119): Illuminate\\Pipeline\\Pipeline->{closure:{closure:Illuminate\\Pipeline\\Pipeline::carry():158}:159}()
#32 C:\\Apache24\\htdocs\\vel-vue-admin\\vel-riders-backend\\vendor\\laravel\\framework\\src\\Illuminate\\Routing\\Router.php(805): Illuminate\\Pipeline\\Pipeline->then()
#33 C:\\Apache24\\htdocs\\vel-vue-admin\\vel-riders-backend\\vendor\\laravel\\framework\\src\\Illuminate\\Routing\\Router.php(784): Illuminate\\Routing\\Router->runRouteWithinStack()
#34 C:\\Apache24\\htdocs\\vel-vue-admin\\vel-riders-backend\\vendor\\laravel\\framework\\src\\Illuminate\\Routing\\Router.php(748): Illuminate\\Routing\\Router->runRoute()
#35 C:\\Apache24\\htdocs\\vel-vue-admin\\vel-riders-backend\\vendor\\laravel\\framework\\src\\Illuminate\\Routing\\Router.php(737): Illuminate\\Routing\\Router->dispatchToRoute()
#36 C:\\Apache24\\htdocs\\vel-vue-admin\\vel-riders-backend\\vendor\\laravel\\framework\\src\\Illuminate\\Foundation\\Http\\Kernel.php(200): Illuminate\\Routing\\Router->dispatch()
#37 C:\\Apache24\\htdocs\\vel-vue-admin\\vel-riders-backend\\vendor\\laravel\\framework\\src\\Illuminate\\Pipeline\\Pipeline.php(144): Illuminate\\Foundation\\Http\\Kernel->{closure:Illuminate\\Foundation\\Http\\Kernel::dispatchToRouter():197}()
#38 C:\\Apache24\\htdocs\\vel-vue-admin\\vel-riders-backend\\vendor\\laravel\\framework\\src\\Illuminate\\Foundation\\Http\\Middleware\\TransformsRequest.php(21): Illuminate\\Pipeline\\Pipeline->{closure:Illuminate\\Pipeline\\Pipeline::prepareDestination():142}()
#39 C:\\Apache24\\htdocs\\vel-vue-admin\\vel-riders-backend\\vendor\\laravel\\framework\\src\\Illuminate\\Foundation\\Http\\Middleware\\ConvertEmptyStringsToNull.php(31): Illuminate\\Foundation\\Http\\Middleware\\TransformsRequest->handle()
#40 C:\\Apache24\\htdocs\\vel-vue-admin\\vel-riders-backend\\vendor\\laravel\\framework\\src\\Illuminate\\Pipeline\\Pipeline.php(183): Illuminate\\Foundation\\Http\\Middleware\\ConvertEmptyStringsToNull->handle()
#41 C:\\Apache24\\htdocs\\vel-vue-admin\\vel-riders-backend\\vendor\\laravel\\framework\\src\\Illuminate\\Foundation\\Http\\Middleware\\TransformsRequest.php(21): Illuminate\\Pipeline\\Pipeline->{closure:{closure:Illuminate\\Pipeline\\Pipeline::carry():158}:159}()
#42 C:\\Apache24\\htdocs\\vel-vue-admin\\vel-riders-backend\\vendor\\laravel\\framework\\src\\Illuminate\\Foundation\\Http\\Middleware\\TrimStrings.php(40): Illuminate\\Foundation\\Http\\Middleware\\TransformsRequest->handle()
#43 C:\\Apache24\\htdocs\\vel-vue-admin\\vel-riders-backend\\vendor\\laravel\\framework\\src\\Illuminate\\Pipeline\\Pipeline.php(183): Illuminate\\Foundation\\Http\\Middleware\\TrimStrings->handle()
#44 C:\\Apache24\\htdocs\\vel-vue-admin\\vel-riders-backend\\vendor\\laravel\\framework\\src\\Illuminate\\Foundation\\Http\\Middleware\\ValidatePostSize.php(27): Illuminate\\Pipeline\\Pipeline->{closure:{closure:Illuminate\\Pipeline\\Pipeline::carry():158}:159}()
#45 C:\\Apache24\\htdocs\\vel-vue-admin\\vel-riders-backend\\vendor\\laravel\\framework\\src\\Illuminate\\Pipeline\\Pipeline.php(183): Illuminate\\Foundation\\Http\\Middleware\\ValidatePostSize->handle()
#46 C:\\Apache24\\htdocs\\vel-vue-admin\\vel-riders-backend\\vendor\\laravel\\framework\\src\\Illuminate\\Foundation\\Http\\Middleware\\PreventRequestsDuringMaintenance.php(99): Illuminate\\Pipeline\\Pipeline->{closure:{closure:Illuminate\\Pipeline\\Pipeline::carry():158}:159}()
#47 C:\\Apache24\\htdocs\\vel-vue-admin\\vel-riders-backend\\vendor\\laravel\\framework\\src\\Illuminate\\Pipeline\\Pipeline.php(183): Illuminate\\Foundation\\Http\\Middleware\\PreventRequestsDuringMaintenance->handle()
#48 C:\\Apache24\\htdocs\\vel-vue-admin\\vel-riders-backend\\vendor\\laravel\\framework\\src\\Illuminate\\Http\\Middleware\\HandleCors.php(49): Illuminate\\Pipeline\\Pipeline->{closure:{closure:Illuminate\\Pipeline\\Pipeline::carry():158}:159}()
#49 C:\\Apache24\\htdocs\\vel-vue-admin\\vel-riders-backend\\vendor\\laravel\\framework\\src\\Illuminate\\Pipeline\\Pipeline.php(183): Illuminate\\Http\\Middleware\\HandleCors->handle()
#50 C:\\Apache24\\htdocs\\vel-vue-admin\\vel-riders-backend\\vendor\\laravel\\framework\\src\\Illuminate\\Http\\Middleware\\TrustProxies.php(39): Illuminate\\Pipeline\\Pipeline->{closure:{closure:Illuminate\\Pipeline\\Pipeline::carry():158}:159}()
#51 C:\\Apache24\\htdocs\\vel-vue-admin\\vel-riders-backend\\vendor\\laravel\\framework\\src\\Illuminate\\Pipeline\\Pipeline.php(183): Illuminate\\Http\\Middleware\\TrustProxies->handle()
#52 C:\\Apache24\\htdocs\\vel-vue-admin\\vel-riders-backend\\vendor\\laravel\\framework\\src\\Illuminate\\Pipeline\\Pipeline.php(119): Illuminate\\Pipeline\\Pipeline->{closure:{closure:Illuminate\\Pipeline\\Pipeline::carry():158}:159}()
#53 C:\\Apache24\\htdocs\\vel-vue-admin\\vel-riders-backend\\vendor\\laravel\\framework\\src\\Illuminate\\Foundation\\Http\\Kernel.php(175): Illuminate\\Pipeline\\Pipeline->then()
#54 C:\\Apache24\\htdocs\\vel-vue-admin\\vel-riders-backend\\vendor\\laravel\\framework\\src\\Illuminate\\Foundation\\Http\\Kernel.php(144): Illuminate\\Foundation\\Http\\Kernel->sendRequestThroughRouter()
#55 C:\\Apache24\\htdocs\\vel-vue-admin\\vel-riders-backend\\public\\index.php(51): Illuminate\\Foundation\\Http\\Kernel->handle()
#56 C:\\Apache24\\htdocs\\vel-vue-admin\\vel-riders-backend\\vendor\\laravel\\framework\\src\\Illuminate\\Foundation\\resources\\server.php(16): require_once('...')
#57 {main}
"} 
